[11:41:45] [INFO] >> [async_runner] Starting run #7640 — Type: ui, Browser: chrome
[11:41:48] [INFO] [pool] Acquiring browser context from shared pool...
[11:41:48] [INFO] Project variables loaded: Consumption, Direct_transfer, Ehr_MRN, PR_Reg, Password, Receipt_Number, Login_URL, UserID, Issue_Number, Indent_Number
[11:41:48] [INFO] Test variables: SAI=, BP_Systolic=149, Diastolic=97, Ehr_MRN={{PR_Reg}}
[11:41:50] [INFO] [SKIP] Step 1 (navigate) is disabled — skipping
[11:41:50] [INFO] >> Step 2: Navigating to URL: https://sqa.narayanahealth.org/
[11:41:57] [PASS] [OK] navigate completed
[11:41:57] [INFO] >> Step 3: Clicking: [ #username ]
[11:41:57] [PASS] [OK] click completed
[11:41:57] [INFO] >> Step 4: Typing '337800' into: [ #username ]
[11:41:57] [PASS] [OK] type completed
[11:41:57] [INFO] >> Step 5: Clicking: [ #password ]
[11:41:58] [PASS] [OK] click completed
[11:41:58] [INFO] >> Step 6: Typing 'admin' into: [ #password ]
[11:41:58] [PASS] [OK] type completed
[11:41:58] [INFO] >> Step 7: Clicking: [ body > app-root > div > section > div.app-content > jhi-home > div > div > form:nth-child(2) > div.col-12 > button ]
[11:41:58] [PASS] [OK] click completed
[11:41:58] [INFO] >> Step 8: Waiting 1000ms
[11:41:59] [PASS] [OK] wait completed
[11:42:00] [INFO] >> Step 9: store_url -- Homepage
[11:42:00] [PASS] [OK] Stored 'https://sqa.narayanahealth.org/home-page' → {{Homepage}}
[11:42:00] [INFO] >> Step 10: Asserting URL contains: 'https://sqa.narayanahealth.org/home-page'
[11:42:00] [PASS] [OK] assert_url completed
[11:42:00] [INFO] >> Step 11: Pressing key '.' on: [ body ]
[11:42:00] [PASS] [OK] press completed
[11:42:00] [INFO] >> Step 12: Typing 'patient registration' into: [ get_by_role("textbox", name="Search") ]
[11:42:00] [PASS] [OK] type completed
[11:42:00] [INFO] >> Step 13: Clicking: [ get_by_role("link", name="Patient Registration Ambulatory") ]
[11:42:01] [PASS] [OK] click completed
[11:42:01] [INFO] >> Step 14: Clicking: [ .si-container .athma-btn ]
[11:42:01] [INFO]    Create New Button
[11:42:05] [PASS] [OK] click completed
[11:42:06] [INFO] >> Step 15: Asserting URL contains: 'https://sqa.narayanahealth.org/ambweb/patient-registration'
[11:42:07] [PASS] [OK] assert_url completed
[11:42:07] [INFO] >> Step 16: Waiting 2000ms
[11:42:09] [PASS] [OK] wait completed
[11:42:10] [INFO] >> Step 17: Selecting '142' in: [ .w-10 .athma-form-control-height-sm ]
[11:42:10] [PASS] [OK] select completed
[11:42:11] [INFO] >> Step 18: Waiting 2000ms
[11:42:13] [PASS] [OK] wait completed
[11:42:13] [INFO] >> Step 19: Search & Select: type 'Sunil Gouniyal' -> pick 'Dr. Sunil Gouniyal' in [ .select-consultant ng-select.ng-select-ellipsis.athma-highlight-focus ]
[11:42:13] [INFO] [search_select] typing='Sunil Gouniyal' picking='Dr. Sunil Gouniyal'
[11:42:16] [PASS] [OK] Search & Select: selected 'Dr. Sunil Gouniyal'
[11:42:16] [PASS] [OK] search_select completed
[11:42:17] [INFO] >> Step 20: Waiting for element: [ //div[contains(@class,'modal-content')] ]
[11:42:17] [PASS] [OK] wait_for_selector completed
[11:42:17] [INFO] >> Step 21: Clicking: [ (//div[contains(@class,'modal-content')]//span[@class="slot-time-container available selected-slot"])[1] ]
[11:42:17] [PASS] [OK] click completed
[11:42:17] [INFO] >> Step 22: Clicking: [ #submitBtn ]
[11:42:18] [PASS] [OK] click completed
[11:42:18] [INFO] >> Step 23: Search & Select: type 'Mr' -> pick 'Mr.' in [ .col-1 ng-select.ng-select-ellipsis.athma-highlight-focus ]
[11:42:18] [INFO] [search_select] typing='Mr' picking='Mr.'
[11:42:21] [PASS] [OK] Search & Select: selected 'Mr.'
[11:42:21] [PASS] [OK] search_select completed
[11:42:21] [INFO] >> Step 24: Typing 'Sunita' into: [ #firstName ]
[11:42:21] [PASS] [OK] type completed
[11:42:21] [INFO] >> Step 25: Typing 'Priya' into: [ #middleName ]
[11:42:22] [PASS] [OK] type completed
[11:42:22] [INFO] >> Step 26: Typing 'Athma' into: [ #lastName ]
[11:42:22] [PASS] [OK] type completed
[11:42:22] [INFO] >> Step 27: Search & Select: type 'General' -> pick 'GENERAL' in [ #patientType ]
[11:42:22] [INFO] [search_select] typing='General' picking='GENERAL'
[11:42:25] [PASS] [OK] Search & Select: selected 'GENERAL'
[11:42:25] [PASS] [OK] search_select completed
[11:42:25] [INFO] >> Step 28: Search & Select: type 'Male' -> pick 'Male' in [ #gender ]
[11:42:25] [INFO] [search_select] typing='Male' picking='Male'
[11:42:27] [PASS] [OK] Search & Select: selected 'Male'
[11:42:27] [PASS] [OK] search_select completed
[11:42:27] [INFO] >> Step 29: Search & Select: type 'Don't Know' -> pick 'Don't Know' in [ #sexualOrientation ]
[11:42:27] [INFO] [search_select] typing="Don't Know" picking="Don't Know"
[11:42:30] [PASS] [OK] Search & Select: selected 'Don't Know'
[11:42:30] [PASS] [OK] search_select completed
[11:42:30] [INFO] >> Step 30: Typing '66' into: [ #age ]
[11:42:30] [PASS] [OK] type completed
[11:42:30] [INFO] [SKIP] Step 31 (wait) is disabled — skipping
[11:42:30] [INFO] >> Step 32: Typing '9880234329' into: [ #sectionPatientInfo > form > div:nth-child(5) > div.col-2.athma-form-group.mb-0.pr-0 > div > div.col-7.px-0 > div > input ]
[11:42:31] [PASS] [OK] type completed
[11:42:31] [INFO] [SKIP] Step 33 (wait) is disabled — skipping
[11:42:31] [INFO] >> Step 34: Typing '560035' into: [ #correspondencePincode ]
[11:42:31] [PASS] [OK] type completed
[11:42:31] [INFO] >> Step 35: Pressing key 'Tab' on: [ #correspondencePincode ]
[11:42:31] [PASS] [OK] press completed
[11:42:31] [INFO] >> Step 36: Checking: [ #sectionContactInformation > form > div:nth-child(2) > div > div:nth-child(1) > div.col-md-8 > div > div > div > label ]
[11:42:31] [PASS] [OK] check completed
[11:42:31] [INFO] >> Step 37: Clicking: [ [jhitranslate="register.button.register"] ]
[11:42:32] [PASS] [OK] click completed
[11:42:32] [INFO] >> Step 38: Waiting for element: [ (//ngb-alert)[1]//pre ]
[11:42:35] [PASS] [OK] wait_for_selector completed
[11:42:36] [INFO] >> Step 39: store_text -- (//ngb-alert)[1]//pre
[11:42:36] [PASS] [OK] Stored 'Sunita Priya Athma (17540000994339) is registered successfully!' → {{PR_Reg}}
[11:42:36] [PASS] [OK] str_split: '17540000994339) is registered successfully!' → {{PR_Reg}}
[11:42:36] [PASS] [OK] str_split: '17540000994339' → {{PR_Reg}}
[11:42:36] [INFO] >> Step 42: Waiting for element: [ //div[contains(@class,"modal-content")] ]
[11:42:36] [PASS] [OK] wait_for_selector completed
[11:42:36] [INFO] >> Step 43: Clicking: [ (//div[contains(@class,"modal-content")]//button)[1] ]
[11:42:36] [PASS] [OK] click completed
[11:42:36] [INFO] >> Step 44: Navigating to URL: https://sqa.narayanahealth.org/ambweb/patient-registration
[11:42:40] [PASS] [OK] navigate completed
[11:42:40] [INFO] [SKIP] Step 45 (click) is disabled — skipping
[11:42:40] [INFO] [SKIP] Step 46 (wait_for_selector) is disabled — skipping
[11:42:40] [INFO] [SKIP] Step 47 (wait) is disabled — skipping
[11:42:40] [INFO] [SKIP] Step 48 (if_start) is disabled — skipping
[11:42:40] [INFO] [SKIP] Step 49 (wait_for_selector) is disabled — skipping
[11:42:40] [INFO] [SKIP] Step 50 (click) is disabled — skipping
[11:42:40] [INFO] [SKIP] Step 51 (if_end) is disabled — skipping
[11:42:40] [INFO] [SKIP] Step 52 (wait_for_selector) is disabled — skipping
[11:42:40] [INFO] >> Step 53: Waiting 2000ms
[11:42:42] [PASS] [OK] wait completed
[11:42:42] [PASS] [OK] call_test: 'Patient_Reg' done
[11:42:42] [INFO] >> Step 2: Waiting 2000ms
[11:42:45] [PASS] [OK] wait completed
[11:42:45] [INFO] >> Step 3: Clicking: [ #account-more ]
[11:42:45] [PASS] [OK] click completed
[11:42:45] [INFO] >> Step 4: Waiting 2000ms
[11:42:47] [PASS] [OK] wait completed
[11:42:47] [INFO] >> Step 5: Clicking: [ #logout ]
[11:42:48] [PASS] [OK] click completed
[11:42:48] [INFO] >> Step 6: Navigating to URL: https://sqa.narayanahealth.org/
[11:42:53] [PASS] [OK] navigate completed
[11:42:53] [INFO] >> Step 7: Clicking: [ #username ]
[11:42:54] [PASS] [OK] click completed
[11:42:54] [INFO] >> Step 8: Typing '101168' into: [ #username ]
[11:42:54] [PASS] [OK] type completed
[11:42:54] [INFO] >> Step 9: Clicking: [ #password ]
[11:42:54] [PASS] [OK] click completed
[11:42:54] [INFO] >> Step 10: Typing 'admin' into: [ #password ]
[11:42:54] [PASS] [OK] type completed
[11:42:54] [INFO] >> Step 11: Clicking: [ body > app-root > div > section > div.app-content > jhi-home > div > div > form:nth-child(2) > div.col-12 > button ]
[11:42:54] [PASS] [OK] click completed
[11:42:54] [INFO] >> Step 12: Waiting 1000ms
[11:42:55] [PASS] [OK] wait completed
[11:42:55] [INFO] >> Step 13: store_url -- D_Dashboard
[11:42:55] [PASS] [OK] Stored 'https://sqa.narayanahealth.org/ehrweb/doctor-dashboard' → {{D_Dashboard}}
[11:42:55] [INFO] >> Step 14: Asserting [ body > jhi-main > div > section > div.app-content > header > jhi-navbar > nav > div.jh-logo-container.float-left.col-6.pl-0 > a.navbar-brand.logo.float-left > span.navbar-version ] contains: 'Doctor Dashboard'
[11:43:00] [PASS] [OK] assert_text completed
[11:43:00] [INFO] [IF] url_not_contains 'https://sqa.narayanahealth.org/ehrweb/doctor-dashboard' => False
[11:43:00] [INFO] >> Step 21: Waiting for element: [ body > jhi-main > div > section > div.app-content > jhi-doctor-dashboard > div > div.row > div > div.col-8.left-content-part.p-0 > div > ul > li.emr-tabs-tab.emr-tab.active > a > span ]
[11:43:00] [PASS] [OK] wait_for_selector completed
[11:43:00] [INFO] >> Step 22: Clicking: [ body > jhi-main > div > section > div.app-content > jhi-doctor-dashboard > div > div.row > div > div.col-8.left-content-part.p-0 > div > ul > li.emr-tabs-tab.emr-tab.active > a > span ]
[11:43:00] [PASS] [OK] click completed
[11:43:00] [INFO] >> Step 23: Waiting 1000ms
[11:43:01] [PASS] [OK] wait completed
[11:43:01] [INFO] >> Step 24: Typing '17540000994339' into: [ #inputDebounce ]
[11:43:01] [PASS] [OK] type completed
[11:43:01] [INFO] >> Step 25: Pressing key 'Enter' on: [ #inputDebounce ]
[11:43:01] [PASS] [OK] press completed
[11:43:01] [INFO] >> Step 26: Waiting 2000ms
[11:43:04] [PASS] [OK] wait completed
[11:43:04] [INFO] >> Step 27: store_attr -- #startConsultation
[11:43:04] [PASS] [OK] Stored 'emr-table-action-btn primary' → {{StartConsultation}}
[11:43:04] [INFO] [IF] 'emr-table-action-btn primary' contains 'disabled' => False
[11:43:04] [INFO] >> Step 1: Clicking: [ #startConsultation ]
[11:43:04] [INFO]    SAI TEST 3
[11:43:04] [PASS] [OK] click completed
[11:43:04] [INFO] >> Step 2: Waiting 2000ms
[11:43:06] [PASS] [OK] wait completed
[11:43:09] [INFO] [IF] "//div[contains(@class,'modal-content')]" element_visible => False
[11:43:09] [INFO] >> Step 6: Waiting 2000ms
[11:43:12] [PASS] [OK] wait completed
[11:43:12] [INFO] >> Step 43: Waiting 2000ms
[11:43:14] [PASS] [OK] wait completed
[11:43:14] [INFO] >> Step 44: Waiting for element: [ body > jhi-main > div > section > div.app-content > jhi-consultation-form > div > jhi-emr-filter-section > section > div.d-flex.align-items-center.emr-filter-section-left.pl-4 > button.start-video-call-btn.ml-3 ]
[11:43:14] [PASS] [OK] wait_for_selector completed
[11:43:14] [INFO] >> Step 45: Waiting 1000ms
[11:43:15] [PASS] [OK] wait completed
[11:43:15] [INFO] >> Step 46: Clicking: [ .col.emr-content-area-main >> text=Allergy ]
[11:43:15] [PASS] [OK] click completed
[11:43:15] [INFO] >> Step 47: Waiting 1000ms
[11:43:16] [PASS] [OK] wait completed
[11:43:17] [INFO] [SKIP] Step 48 (click) is disabled — skipping
[11:43:17] [INFO] [SKIP] Step 49 (wait) is disabled — skipping
[11:43:17] [INFO] >> Step 50: focus -- .col.emr-content-area-main >> text=Vitals
[11:43:17] [PASS] [OK] focus completed
[11:43:17] [INFO] [SKIP] Step 51 (wait) is disabled — skipping
[11:43:17] [INFO] [SKIP] Step 52 (scroll) is disabled — skipping
[11:43:17] [INFO] >> Step 53: store_attr -- .vitals-edit-widget .emr-consultation-section-title
[11:43:17] [PASS] [OK] Stored 'collapse' → {{SAI}}
[11:43:17] [INFO] [SKIP] Step 54 (wait) is disabled — skipping
[11:43:17] [INFO] [IF] 'collapse' contains 'collapse' => True
[11:43:17] [INFO] >> Step 1: Clicking: [ .col.emr-content-area-main >> text=Vitals ]
[11:43:17] [PASS] [OK] click completed
[11:43:17] [INFO] >> Step 60: Clicking: [ #bp ]
[11:43:19] [PASS] [OK] click completed
[11:43:19] [INFO] >> Step 61: Typing '149/97' into: [ #bp ]
[11:43:19] [PASS] [OK] type completed
[11:43:19] [INFO] >> Step 62: Clicking: [ #heartRate ]
[11:43:19] [PASS] [OK] click completed
[11:43:19] [INFO] >> Step 63: Typing '90' into: [ #heartRate ]
[11:43:19] [PASS] [OK] type completed
[11:43:19] [INFO] >> Step 64: Clicking: [ #respiratoryRate ]
[11:43:20] [PASS] [OK] click completed
[11:43:20] [INFO] >> Step 65: Typing '100' into: [ #respiratoryRate ]
[11:43:20] [PASS] [OK] type completed
[11:43:20] [INFO] >> Step 66: Clicking: [ #bodyTemperature ]
[11:43:20] [PASS] [OK] click completed
[11:43:20] [INFO] >> Step 67: Typing '99' into: [ #bodyTemperature ]
[11:43:20] [PASS] [OK] type completed
[11:43:20] [INFO] >> Step 68: Clicking: [ jhi-vitals-form > form > div > div.position-relative.pb-2 > div > div.pl-3 > div:nth-child(2) > div:nth-child(1) > div > ng-select ]
[11:43:21] [PASS] [OK] click completed
[11:43:21] [INFO] >> Step 69: Search & Select: type 'Alert' -> pick 'Alert' in [ jhi-vitals-form > form > div > div.position-relative.pb-2 > div > div.pl-3 > div:nth-child(2) > div:nth-child(1) > div > ng-select ]
[11:43:21] [INFO] [search_select] typing='Alert' picking='Alert'
[11:43:23] [PASS] [OK] Search & Select: selected 'Alert'
[11:43:23] [PASS] [OK] search_select completed
[11:43:23] [INFO] >> Step 70: Clicking: [ jhi-vitals-form > form > div > div.position-relative.pb-2 > div > div.pl-3 > div:nth-child(2) > div:nth-child(3) > div > input ]
[11:43:24] [PASS] [OK] click completed
[11:43:24] [INFO] >> Step 71: Typing '100' into: [ jhi-vitals-form > form > div > div.position-relative.pb-2 > div > div.pl-3 > div:nth-child(2) > div:nth-child(3) > div > input ]
[11:43:24] [PASS] [OK] type completed
[11:43:24] [INFO] >> Step 72: Clicking: [ jhi-vitals-form > form > div > div.position-relative.pb-2 > div > div.border-top.pt-2.d-flex.justify-content-end.save-vitals > button ]
[11:43:24] [PASS] [OK] click completed
[11:43:24] [INFO] >> Step 73: Waiting 1000ms
[11:43:25] [PASS] [OK] wait completed
[11:43:25] [INFO] >> Step 74: focus -- .col.emr-content-area-main >> text='Family History'
[11:43:26] [PASS] [OK] focus completed
[11:43:26] [INFO] >> Step 75: Clicking: [ .col.emr-content-area-main >> text='Family History' ]
[11:43:26] [PASS] [OK] click completed
[11:43:26] [INFO] [DATA TABLE] 2 row(s), columns: ['familyHistoryInput', 'relation']
[11:43:26] [INFO] [DATA TABLE] Row 1/2: familyHistoryInput=Cold, relation=Father
[11:43:26] [INFO] >> Step 1: Clicking: [ #familyHistoryInput ]
[11:43:28] [PASS] [OK] click completed
[11:43:28] [INFO] >> Step 2: Search & Select: type '{{familyHistoryInput}}' -> pick 'Cold' in [ #familyHistoryInput ]
[11:43:28] [INFO] [search_select] typing='Cold' picking='Cold'
[11:43:30] [PASS] [OK] Search & Select: selected 'Cold'
[11:43:30] [PASS] [OK] search_select completed
[11:43:30] [INFO] >> Step 3: Clicking: [ #familyRelationDropDown > div > div > div.ng-input > input[type=text] ]
[11:43:30] [PASS] [OK] click completed
[11:43:30] [INFO] >> Step 4: Search & Select: type '{{relation}}' -> pick 'Father' in [ #familyRelationDropDown > div > div > div.ng-input > input[type=text] ]
[11:43:30] [INFO] [search_select] typing='Father' picking='Father'
[11:43:33] [PASS] [OK] Search & Select: selected 'Father'
[11:43:33] [PASS] [OK] search_select completed
[11:43:33] [INFO] >> Step 5: Clicking: [ #familyHistories ]
[11:43:34] [PASS] [OK] click completed
[11:43:34] [INFO] [DATA TABLE] Row 2/2: familyHistoryInput=Low back pain, relation=Brother
[11:43:34] [INFO] >> Step 1: Clicking: [ #familyHistoryInput ]
[11:43:34] [PASS] [OK] click completed
[11:43:34] [INFO] >> Step 2: Search & Select: type '{{familyHistoryInput}}' -> pick 'Low back pain' in [ #familyHistoryInput ]
[11:43:34] [INFO] [search_select] typing='Low back pain' picking='Low back pain'
[11:43:37] [PASS] [OK] Search & Select: selected 'Low back pain'
[11:43:37] [PASS] [OK] search_select completed
[11:43:37] [INFO] >> Step 3: Clicking: [ #familyRelationDropDown > div > div > div.ng-input > input[type=text] ]
[11:43:38] [PASS] [OK] click completed
[11:43:38] [INFO] >> Step 4: Search & Select: type '{{relation}}' -> pick 'Brother' in [ #familyRelationDropDown > div > div > div.ng-input > input[type=text] ]
[11:43:38] [INFO] [search_select] typing='Brother' picking='Brother'
[11:43:40] [PASS] [OK] Search & Select: selected 'Brother'
[11:43:40] [PASS] [OK] search_select completed
[11:43:40] [INFO] >> Step 5: Clicking: [ #familyHistories ]
[11:43:41] [PASS] [OK] click completed
[11:43:41] [INFO] >> Step 83: focus -- .col.emr-content-area-main >> text='Social History'
[11:43:41] [PASS] [OK] focus completed
[11:43:41] [INFO] >> Step 84: Clicking: [ .col.emr-content-area-main >> text='Social History' ]
[11:43:41] [PASS] [OK] click completed
[11:43:41] [INFO] [DATA TABLE] 3 row(s), columns: ['socialHistoryInput', 'socialaddRemarks']
[11:43:41] [INFO] [DATA TABLE] Row 1/3: socialHistoryInput=Smoking, socialaddRemarks=TESTING
[11:43:41] [INFO] >> Step 1: Clicking: [ #socialHistoryInput ]
[11:43:43] [PASS] [OK] click completed
[11:43:43] [INFO] >> Step 2: Search & Select: type '{{socialHistoryInput}}' -> pick 'Smoking' in [ #socialHistoryInput ]
[11:43:43] [INFO] [search_select] typing='Smoking' picking='Smoking'
[11:43:45] [PASS] [OK] Search & Select: selected 'Smoking'
[11:43:45] [PASS] [OK] search_select completed
[11:43:45] [INFO] >> Step 3: Clicking: [ #socialaddRemarksCreateFlow ]
[11:43:46] [PASS] [OK] click completed
[11:43:46] [INFO] >> Step 4: Typing 'TESTING' into: [ #socialaddRemarksCreateFlow ]
[11:43:46] [PASS] [OK] type completed
[11:43:46] [INFO] >> Step 5: Clicking: [ #knownHistory ]
[11:43:46] [PASS] [OK] click completed
[11:43:46] [INFO] [DATA TABLE] Row 2/3: socialHistoryInput=Drinking, socialaddRemarks=Drinking
[11:43:46] [INFO] >> Step 1: Clicking: [ #socialHistoryInput ]
[11:43:47] [PASS] [OK] click completed
[11:43:47] [INFO] >> Step 2: Search & Select: type '{{socialHistoryInput}}' -> pick 'Drinking' in [ #socialHistoryInput ]
[11:43:47] [INFO] [search_select] typing='Drinking' picking='Drinking'
[11:43:49] [PASS] [OK] Search & Select: selected 'Drinking'
[11:43:49] [PASS] [OK] search_select completed
[11:43:49] [INFO] >> Step 3: Clicking: [ #socialaddRemarksCreateFlow ]
[11:43:50] [PASS] [OK] click completed
[11:43:50] [INFO] >> Step 4: Typing 'Drinking' into: [ #socialaddRemarksCreateFlow ]
[11:43:50] [PASS] [OK] type completed
[11:43:50] [INFO] >> Step 5: Clicking: [ #knownHistory ]
[11:43:51] [PASS] [OK] click completed
[11:43:51] [INFO] [DATA TABLE] Row 3/3: socialHistoryInput=No known exposure to tobacco smoke, socialaddRemarks=No known exposure to tobacco smoke
[11:43:51] [INFO] >> Step 1: Clicking: [ #socialHistoryInput ]
[11:43:51] [PASS] [OK] click completed
[11:43:51] [INFO] >> Step 2: Search & Select: type '{{socialHistoryInput}}' -> pick 'No known exposure to tobacco smoke' in [ #socialHistoryInput ]
[11:43:51] [INFO] [search_select] typing='No known exposure to tobacco smoke' picking='No known exposure to tobacco smoke'
[11:43:55] [PASS] [OK] Search & Select: selected 'No known exposure to tobacco smoke'
[11:43:55] [PASS] [OK] search_select completed
[11:43:55] [INFO] >> Step 3: Clicking: [ #socialaddRemarksCreateFlow ]
[11:43:55] [PASS] [OK] click completed
[11:43:55] [INFO] >> Step 4: Typing 'No known exposure to tobacco smoke' into: [ #socialaddRemarksCreateFlow ]
[11:43:56] [PASS] [OK] type completed
[11:43:56] [INFO] >> Step 5: Clicking: [ #knownHistory ]
[11:43:57] [PASS] [OK] click completed
[11:43:57] [INFO] >> Step 92: Waiting 1000ms
[11:43:58] [PASS] [OK] wait completed
[11:43:58] [INFO] >> Step 93: Scrolling page
[11:43:58] [PASS] [OK] scroll completed
[11:43:58] [INFO] >> Step 94: focus -- .col.emr-content-area-main >> text='Allergy'
[11:43:58] [PASS] [OK] focus completed
[11:43:58] [INFO] >> Step 95: Waiting 1000ms
[11:43:59] [PASS] [OK] wait completed
[11:43:59] [INFO] >> Step 96: store_attr -- #allergy_0 > jhi-allergy-form > div > div.emr-consultation-section-title.athma-pointer.d-flex.align-items-center.p-3.position-relative.expand
[11:43:59] [PASS] [OK] Stored '' → {{allergy}}
[11:43:59] [INFO] [IF] '' contains 'collapse' => False
[11:43:59] [INFO] [DATA TABLE] 3 row(s), columns: ['allergyInput', 'level']
[11:43:59] [INFO] [DATA TABLE] Row 1/3: allergyInput=Carrot, level=Severe
[11:43:59] [INFO] >> Step 1: Clicking: [ #allergyInput ]
[11:43:59] [PASS] [OK] click completed
[11:43:59] [INFO] >> Step 2: Search & Select: type '{{allergyInput}}' -> pick 'Carrot' in [ #allergyInput ]
[11:43:59] [INFO] [search_select] typing='Carrot' picking='Carrot'
[11:44:02] [PASS] [OK] Search & Select: selected 'Carrot'
[11:44:02] [PASS] [OK] search_select completed
[11:44:02] [INFO] >> Step 3: Clicking: [ #allergy_0 > jhi-allergy-form > div > div:nth-child(2) > div > div.col-9.pl-0.d-flex > div.col-2.pl-0.custom-ngselect > ng-select > div > div > div.ng-input > input[type=text] ]
[11:44:02] [PASS] [OK] click completed
[11:44:02] [INFO] >> Step 4: Search & Select: type '{{level}}' -> pick 'Severe' in [ #allergy_0 > jhi-allergy-form > div > div:nth-child(2) > div > div.col-9.pl-0.d-flex > div.col-2.pl-0.custom-ngselect > ng-select > div > div > div.ng-input > input[type=text] ]
[11:44:02] [INFO] [search_select] typing='Severe' picking='Severe'
[11:44:05] [PASS] [OK] Search & Select: selected 'Severe'
[11:44:05] [PASS] [OK] search_select completed
[11:44:05] [INFO] >> Step 5: Clicking: [ #addAllergies ]
[11:44:05] [PASS] [OK] click completed
[11:44:05] [INFO] [DATA TABLE] Row 2/3: allergyInput=milk cream, level=Mild
[11:44:05] [INFO] >> Step 1: Clicking: [ #allergyInput ]
[11:44:06] [PASS] [OK] click completed
[11:44:06] [INFO] >> Step 2: Search & Select: type '{{allergyInput}}' -> pick 'milk cream' in [ #allergyInput ]
[11:44:06] [INFO] [search_select] typing='milk cream' picking='milk cream'
[11:44:08] [PASS] [OK] Search & Select: selected 'milk cream'
[11:44:08] [PASS] [OK] search_select completed
[11:44:08] [INFO] >> Step 3: Clicking: [ #allergy_0 > jhi-allergy-form > div > div:nth-child(2) > div > div.col-9.pl-0.d-flex > div.col-2.pl-0.custom-ngselect > ng-select > div > div > div.ng-input > input[type=text] ]
[11:44:09] [PASS] [OK] click completed
[11:44:09] [INFO] >> Step 4: Search & Select: type '{{level}}' -> pick 'Mild' in [ #allergy_0 > jhi-allergy-form > div > div:nth-child(2) > div > div.col-9.pl-0.d-flex > div.col-2.pl-0.custom-ngselect > ng-select > div > div > div.ng-input > input[type=text] ]
[11:44:09] [INFO] [search_select] typing='Mild' picking='Mild'
[11:44:11] [PASS] [OK] Search & Select: selected 'Mild'
[11:44:11] [PASS] [OK] search_select completed
[11:44:11] [INFO] >> Step 5: Clicking: [ #addAllergies ]
[11:44:12] [PASS] [OK] click completed
[11:44:12] [INFO] [DATA TABLE] Row 3/3: allergyInput=manganese citrate, level=Moderate
[11:44:12] [INFO] >> Step 1: Clicking: [ #allergyInput ]
[11:44:12] [PASS] [OK] click completed
[11:44:12] [INFO] >> Step 2: Search & Select: type '{{allergyInput}}' -> pick 'manganese citrate' in [ #allergyInput ]
[11:44:12] [INFO] [search_select] typing='manganese citrate' picking='manganese citrate'
[11:44:15] [PASS] [OK] Search & Select: selected 'manganese citrate'
[11:44:15] [PASS] [OK] search_select completed
[11:44:15] [INFO] >> Step 3: Clicking: [ #allergy_0 > jhi-allergy-form > div > div:nth-child(2) > div > div.col-9.pl-0.d-flex > div.col-2.pl-0.custom-ngselect > ng-select > div > div > div.ng-input > input[type=text] ]
[11:44:16] [PASS] [OK] click completed
[11:44:16] [INFO] >> Step 4: Search & Select: type '{{level}}' -> pick 'Moderate' in [ #allergy_0 > jhi-allergy-form > div > div:nth-child(2) > div > div.col-9.pl-0.d-flex > div.col-2.pl-0.custom-ngselect > ng-select > div > div > div.ng-input > input[type=text] ]
[11:44:16] [INFO] [search_select] typing='Moderate' picking='Moderate'
[11:44:18] [PASS] [OK] Search & Select: selected 'Moderate'
[11:44:18] [PASS] [OK] search_select completed
[11:44:18] [INFO] >> Step 5: Clicking: [ #addAllergies ]
[11:44:19] [PASS] [OK] click completed
[11:44:19] [INFO] >> Step 107: focus -- .col.emr-content-area-main >> text='Investigation Order'
[11:44:19] [PASS] [OK] focus completed
[11:44:19] [INFO] >> Step 108: store_attr -- #investigation-order_6 > jhi-investigation-order-form > div > div.emr-consultation-section-title.athma-pointer.d-flex.align-items-center.justify-content-between.py-3.pl-3
[11:44:19] [PASS] [OK] Stored 'emr-consultation-section-title athma-pointer d-flex align-items-center justify-c' → {{investigation}}
[11:44:19] [INFO] [SKIP] Step 109 (if_start) is disabled — skipping
[11:44:19] [INFO] >> Step 110: Clicking: [ .col.emr-content-area-main >> text='Investigation Order' ]
[11:44:19] [PASS] [OK] click completed
[11:44:19] [INFO] [SKIP] Step 111 (if_end) is disabled — skipping
[11:44:19] [INFO] [DATA TABLE] 3 row(s), columns: ['investigationOrderInput']
[11:44:19] [INFO] [DATA TABLE] Row 1/3: investigationOrderInput=COMPLETE BLOOD COUNT (CBC)
[11:44:19] [INFO] >> Step 1: Clicking: [ #investigationOrderInput ]
[11:44:21] [PASS] [OK] click completed
[11:44:21] [INFO] >> Step 2: Search & Select: type '{{investigationOrderInput}}' -> pick 'COMPLETE BLOOD COUNT (CBC)' in [ #investigationOrderInput ]
[11:44:21] [INFO] [search_select] typing='COMPLETE BLOOD COUNT (CBC)' picking='COMPLETE BLOOD COUNT (CBC)'
[11:44:24] [PASS] [OK] Search & Select: selected 'COMPLETE BLOOD COUNT (CBC)'
[11:44:24] [PASS] [OK] search_select completed
[11:44:24] [INFO] >> Step 3: Waiting 1000ms
[11:44:25] [PASS] [OK] wait completed
[11:44:25] [INFO] [DATA TABLE] Row 2/3: investigationOrderInput=LIPID PROFILE (CHOL,TRIG,HDL,LDL,VLDL)
[11:44:25] [INFO] >> Step 1: Clicking: [ #investigationOrderInput ]
[11:44:25] [PASS] [OK] click completed
[11:44:25] [INFO] >> Step 2: Search & Select: type '{{investigationOrderInput}}' -> pick 'LIPID PROFILE (CHOL,TRIG,HDL,LDL,VLDL)' in [ #investigationOrderInput ]
[11:44:25] [INFO] [search_select] typing='LIPID PROFILE (CHOL,TRIG,HDL,LDL,VLDL)' picking='LIPID PROFILE (CHOL,TRIG,HDL,LDL,VLDL)'
[11:44:29] [PASS] [OK] Search & Select: selected 'LIPID PROFILE (CHOL,TRIG,HDL,LDL,VLDL)'
[11:44:29] [PASS] [OK] search_select completed
[11:44:29] [INFO] >> Step 3: Waiting 1000ms
[11:44:30] [PASS] [OK] wait completed
[11:44:30] [INFO] [DATA TABLE] Row 3/3: investigationOrderInput=MIC1
[11:44:30] [INFO] >> Step 1: Clicking: [ #investigationOrderInput ]
[11:44:31] [PASS] [OK] click completed
[11:44:31] [INFO] >> Step 2: Search & Select: type '{{investigationOrderInput}}' -> pick 'MIC1' in [ #investigationOrderInput ]
[11:44:31] [INFO] [search_select] typing='MIC1' picking='MIC1'
[11:44:33] [PASS] [OK] Search & Select: selected 'MIC1'
[11:44:33] [PASS] [OK] search_select completed
[11:44:33] [INFO] >> Step 3: Waiting 1000ms
[11:44:34] [PASS] [OK] wait completed
[11:44:35] [INFO] >> Step 117: Clicking: [ #investigation-order_6 > jhi-investigation-order-form > div > div.pt-2.d-flex.justify-content-end.pr-2.border.pb-2 > button:nth-child(2) ]
[11:44:35] [PASS] [OK] click completed
[11:44:35] [INFO] >> Step 118: focus -- .col.emr-content-area-main >> text='Medication Order'
[11:44:35] [PASS] [OK] focus completed
[11:44:35] [INFO] >> Step 119: Clicking: [ .col.emr-content-area-main >> text='Medication Order' ]
[11:44:36] [PASS] [OK] click completed
[11:44:36] [INFO] >> Step 120: Waiting 1000ms
[11:44:37] [PASS] [OK] wait completed
[11:44:37] [INFO] [DATA TABLE] 1 row(s), columns: ['medicationOrderInput', 'frequency', 'frequencyM', 'frequencyA', 'frequencyE', 'frequencyN', 'unit', 'route', 'food', 'duration', 'days', 'qty']
[11:44:37] [INFO] [DATA TABLE] Row 1/1: medicationOrderInput=ISOPROPYL ALCOHOL-TABLET-50MG-, frequency=Twice Daily, frequencyM=1, frequencyA=0, frequencyE=0, frequencyN=1, unit=Tablet, route=Orally, food=AFTER FOOD, duration=2, days=Days, qty=
[11:44:37] [INFO] >> Step 1: Clicking: [ #medicationOrderInput ]
[11:44:37] [PASS] [OK] click completed
[11:44:37] [INFO] >> Step 2: Search & Select: type '{{medicationOrderInput}}' -> pick 'ISOPROPYL ALCOHOL-TABLET-50MG-' in [ #medicationOrderInput ]
[11:44:37] [INFO] [search_select] typing='ISOPROPYL ALCOHOL-TABLET-50MG-' picking='ISOPROPYL ALCOHOL-TABLET-50MG-'
[11:44:41] [PASS] [OK] Search & Select: selected 'ISOPROPYL ALCOHOL-TABLET-50MG-'
[11:44:41] [PASS] [OK] search_select completed
[11:44:41] [INFO] >> Step 3: Clicking: [ text="Frequency" >> .. >> input ]
[11:44:41] [PASS] [OK] click completed
[11:44:41] [INFO] >> Step 4: Search & Select: type '{{frequency}}' -> pick 'Twice Daily' in [ text="Frequency" >> .. >> input ]
[11:44:41] [INFO] [search_select] typing='Twice Daily' picking='Twice Daily'
[11:44:44] [PASS] [OK] Search & Select: selected 'Twice Daily'
[11:44:44] [PASS] [OK] search_select completed
[11:44:44] [INFO] >> Step 5: Clearing: [ #frequencyInput ]
[11:44:44] [PASS] [OK] clear completed
[11:44:44] [INFO] >> Step 6: Typing '1' into: [ #frequencyInput ]
[11:44:44] [PASS] [OK] type completed
[11:44:44] [INFO] >> Step 7: Clearing: [ #frequencyPopAft ]
[11:44:44] [PASS] [OK] clear completed
[11:44:44] [INFO] >> Step 8: Typing '0' into: [ #frequencyPopAft ]
[11:44:44] [PASS] [OK] type completed
[11:44:44] [INFO] >> Step 9: Clearing: [ #evening ]
[11:44:44] [PASS] [OK] clear completed
[11:44:44] [INFO] >> Step 10: Typing '0' into: [ #evening ]
[11:44:44] [PASS] [OK] type completed
[11:44:44] [INFO] >> Step 11: Clearing: [ #night ]
[11:44:44] [PASS] [OK] clear completed
[11:44:44] [INFO] >> Step 12: Typing '1' into: [ #night ]
[11:44:44] [PASS] [OK] type completed
[11:44:44] [INFO] [SKIP] Step 13 (click) is disabled — skipping
[11:44:44] [INFO] [SKIP] Step 14 (search_select) is disabled — skipping
[11:44:44] [INFO] [SKIP] Step 15 (click) is disabled — skipping
[11:44:44] [INFO] [SKIP] Step 16 (search_select) is disabled — skipping
[11:44:44] [INFO] >> Step 17: Clicking: [ (//div[contains(@class,'tab-food-instruction-width') and contains(@class,'tab-align-change-field')]//ng-select)[2] ]
[11:44:45] [PASS] [OK] click completed
[11:44:45] [INFO] >> Step 18: Search & Select: type '{{food}}' -> pick 'AFTER FOOD' in [ (//div[contains(@class,'tab-food-instruction-width') and contains(@class,'tab-align-change-field')]//ng-select)[2] ]
[11:44:45] [INFO] [search_select] typing='AFTER FOOD' picking='AFTER FOOD'
[11:44:47] [PASS] [OK] Search & Select: selected 'AFTER FOOD'
[11:44:47] [PASS] [OK] search_select completed
[11:44:47] [INFO] >> Step 19: Clearing: [ #duration ]
[11:44:47] [PASS] [OK] clear completed
[11:44:47] [INFO] >> Step 20: Typing '2' into: [ #duration ]
[11:44:47] [PASS] [OK] type completed
[11:44:47] [INFO] >> Step 21: Clicking: [ div.tab-duration input[type='text'] ]
[11:44:48] [PASS] [OK] click completed
[11:44:48] [INFO] >> Step 22: Search & Select: type '{{days}}' -> pick 'Days' in [ ng-select.col-9.p-0 > div.ng-select-container ]
[11:44:48] [INFO] [search_select] typing='Days' picking='Days'
[11:44:50] [PASS] [OK] Search & Select: selected 'Days'
[11:44:50] [PASS] [OK] search_select completed
[11:44:50] [INFO] >> Step 23: Clicking: [ #ngb-popover-2857 > div.popover-body > div.d-flex.modal-footer.footer.px-3.py-1 > button.athma-btn.athma-btn-primary.primary.m-0 ]
[11:44:50] [INFO]    Medication Order Add Button
[11:44:59] [PASS] [OK] click completed
[11:44:59] [INFO] >> Step 146: Clicking: [ [id^="medication-order"] .disable-primary-btn ]
[11:45:00] [PASS] [OK] click completed
[11:45:00] [INFO] >> Step 147: focus -- .col.emr-content-area-main >> text='Past Medical History'
[11:45:00] [PASS] [OK] focus completed
[11:45:00] [INFO] >> Step 148: Clicking: [ .col.emr-content-area-main >> text='Past Medical History' ]
[11:45:00] [PASS] [OK] click completed
[11:45:00] [INFO] >> Step 149: Clicking: [ #medicalHistoryInput ]
[11:45:02] [PASS] [OK] click completed
[11:45:02] [INFO] >> Step 150: Search & Select: type 'Adiposis dolorosa' -> pick 'Adiposis dolorosa' in [ #medicalHistoryInput ]
[11:45:02] [INFO] [search_select] typing='Adiposis dolorosa' picking='Adiposis dolorosa'
[11:45:12] [PASS] [OK] Search & Select: selected 'Adiposis dolorosa'
[11:45:12] [PASS] [OK] search_select completed
[11:45:12] [INFO] >> Step 151: Clicking: [ #mhaddRemarksCreateFlow ]
[11:45:13] [PASS] [OK] click completed
[11:45:13] [INFO] >> Step 152: Typing 'TESTING' into: [ #mhaddRemarksCreateFlow ]
[11:45:13] [PASS] [OK] type completed
[11:45:13] [INFO] >> Step 153: Clicking: [ //div[contains(@id,'medical-history')]//button[contains(@id,'knownHistory')] ]
[11:45:14] [PASS] [OK] click completed
[11:45:14] [INFO] >> Step 154: focus -- .col.emr-content-area-main >> text='Procedure History'
[11:45:14] [PASS] [OK] focus completed
[11:45:14] [INFO] >> Step 155: Clicking: [ .col.emr-content-area-main >> text='Procedure History' ]
[11:45:14] [PASS] [OK] click completed
[11:45:14] [INFO] >> Step 156: Checking: [ #surgical-history_4 > jhi-surgical-history-form > div > div.emr-consultation-section-title.athma-pointer.d-flex.align-items-center.p-3.expand > div.d-flex.align-items-center.ml-3.pl-3.no-known-history > div > div > label ]
[11:45:15] [PASS] [OK] check completed
[11:45:15] [INFO] [IF] 'jhi-confirm-popup >> nth=0' element_visible => False
[11:45:15] [INFO] >> Step 160: Waiting 2000ms
[11:45:17] [PASS] [OK] wait completed
[11:45:17] [INFO] [SKIP] Step 161 (focus) is disabled — skipping
[11:45:17] [INFO] [SKIP] Step 162 (click) is disabled — skipping
[11:45:17] [INFO] [SKIP] Step 163 (click) is disabled — skipping
[11:45:17] [INFO] [SKIP] Step 164 (type) is disabled — skipping
[11:45:17] [INFO] [SKIP] Step 165 (click) is disabled — skipping
[11:45:17] [INFO] >> Step 166: focus -- .col.emr-content-area-main >> text='Admission Request'
[11:45:18] [PASS] [OK] focus completed
[11:45:18] [INFO] >> Step 167: Clicking: [ .col.emr-content-area-main >> text='Admission Request' ]
[11:45:18] [PASS] [OK] click completed
[11:45:18] [INFO] >> Step 168: Search & Select: type 'Surgery' -> pick 'Surgery' in [ (//div[contains(@id,'admission-request')]//ng-select)[5]//input ]
[11:45:18] [INFO] [search_select] typing='Surgery' picking='Surgery'
[11:45:22] [PASS] [OK] Search & Select: selected 'Surgery'
[11:45:22] [PASS] [OK] search_select completed
[11:45:22] [INFO] >> Step 169: Typing '3' into: [ //div[contains(@id,'admission-request')]//input[contains(@id,'admissionRequestEstimatedLengthOfStay')] ]
[11:45:22] [PASS] [OK] type completed
[11:45:22] [INFO] >> Step 170: Typing 'Testing for EHR Morew' into: [ (//div[contains(@id,'admission-request')]//textarea[contains(@id,'textArea')])[1] ]
[11:45:22] [PASS] [OK] type completed
[11:45:22] [INFO] >> Step 171: Typing 'he element may have additional classes' into: [ (//div[contains(@id,'admission-request')]//textarea[contains(@id,'textArea')])[2] ]
[11:45:23] [PASS] [OK] type completed
[11:45:23] [INFO] >> Step 172: Clicking: [ //div[contains(@id,'admission-request')]//button[contains(@ng-reflect-jhi-translate,'entity.action.submit')] ]
[11:45:24] [PASS] [OK] click completed
[11:45:24] [INFO] >> Step 173: focus -- .col.emr-content-area-main >> text='Diagnosis'
[11:45:24] [PASS] [OK] focus completed
[11:45:24] [INFO] >> Step 174: Clicking: [ .col.emr-content-area-main >> text='Diagnosis' ]
[11:45:25] [PASS] [OK] click completed
[11:45:25] [INFO] >> Step 175: Search & Select: type 'Y90.8' -> pick 'Blood alcohol level of 240 mg/100 ml or more' in [ //div[contains(@id,'diagnosis')]//input[contains(@id,'diagnosisInput')] ]
[11:45:25] [INFO] [search_select] typing='Y90.8' picking='Blood alcohol level of 240 mg/100 ml or more'
[11:45:36] [PASS] [OK] Search & Select: selected 'Blood alcohol level of 240 mg/100 ml or more'
[11:45:36] [PASS] [OK] search_select completed
[11:45:36] [INFO] >> Step 176: Search & Select: type 'Primary' -> pick 'Primary' in [ (//div[contains(@id,'diagnosis')]//input)[3] ]
[11:45:36] [INFO] [search_select] typing='Primary' picking='Primary'
[11:45:38] [PASS] [OK] Search & Select: selected 'Primary'
[11:45:38] [PASS] [OK] search_select completed
[11:45:38] [INFO] >> Step 177: Search & Select: type 'ADMITTING' -> pick 'ADMITTING' in [ (//div[contains(@id,'diagnosis')]//input)[4] ]
[11:45:38] [INFO] [search_select] typing='ADMITTING' picking='ADMITTING'
[11:45:41] [PASS] [OK] Search & Select: selected 'ADMITTING'
[11:45:41] [PASS] [OK] search_select completed
[11:45:41] [INFO] >> Step 178: Typing 'Remark for patient' into: [ //div[contains(@id,'diagnosis')]//textarea[contains(@id,'DiagnosisRemark')] ]
[11:45:41] [PASS] [OK] type completed
[11:45:41] [INFO] >> Step 179: Clicking: [ //div[contains(@id,'diagnosis')]//button[contains(@id,'addDiagnosys')] ]
[11:45:42] [PASS] [OK] click completed
[11:45:42] [INFO] >> Step 180: focus -- .col.emr-content-area-main >> text='Chief Complaints & History of Present Illness'
[11:45:42] [PASS] [OK] focus completed
[11:45:42] [INFO] >> Step 181: Clicking: [ .col.emr-content-area-main >> text='Chief Complaints & History of Present Illness' ]
[11:45:43] [PASS] [OK] click completed
[11:45:43] [INFO] >> Step 182: Search & Select: type 'Leg Pain' -> pick 'Leg Pain' in [ #chiefComplaintInput ]
[11:45:43] [INFO] [search_select] typing='Leg Pain' picking='Leg Pain'
[11:45:46] [PASS] [OK] Search & Select: selected 'Leg Pain'
[11:45:46] [PASS] [OK] search_select completed
[11:45:46] [INFO] >> Step 183: Typing 'One more infor' into: [ #ccfaddRemarksCreateFlow ]
[11:45:47] [PASS] [OK] type completed
[11:45:47] [INFO] >> Step 184: Clicking: [ //div[contains(@id,'chief-complaint')]//button[contains(@id,'add-chief-complints-btn')] ]
[11:45:48] [PASS] [OK] click completed
[11:45:48] [INFO] >> Step 185: focus -- .col.emr-content-area-main >> text='General Examination'
[11:45:48] [PASS] [OK] focus completed
[11:45:48] [INFO] >> Step 186: Clicking: [ .col.emr-content-area-main >> text='General Examination' ]
[11:45:48] [PASS] [OK] click completed
[11:45:48] [INFO] >> Step 187: Search & Select: type 'Skin' -> pick 'Skin' in [ //div[contains(@id,'general-examination')]//input ]
[11:45:48] [INFO] [search_select] typing='Skin' picking='Skin'
[11:45:52] [PASS] [OK] Search & Select: selected 'Skin'
[11:45:52] [PASS] [OK] search_select completed
[11:45:52] [INFO] >> Step 188: Typing 'Working Knowing' into: [ //div[contains(@id,'general-examination')]//textarea ]
[11:45:52] [PASS] [OK] type completed
[11:45:52] [INFO] >> Step 189: Clicking: [ //div[contains(@id,'general-examination')]//button[contains(@id,'generalExaminations')] ]
[11:45:53] [PASS] [OK] click completed
[11:45:53] [INFO] >> Step 190: focus -- .col.emr-content-area-main >> text='Follow up'
[11:45:53] [PASS] [OK] focus completed
[11:45:53] [INFO] >> Step 191: Clicking: [ .col.emr-content-area-main >> text='Follow up' ]
[11:45:54] [PASS] [OK] click completed
[11:45:54] [INFO] [IF] '//jhi-request-followup-popup' element_visible => True
[11:45:54] [INFO] >> Step 1: Search & Select: type 'MMII Narayana Multispeciality Hospital, Raipur' -> pick 'MMII Narayana Multispeciality Hospital, Raipur' in [ #unitField ]
[11:45:54] [INFO] [search_select] typing='MMII Narayana Multispeciality Hospital, Raipur' picking='MMII Narayana Multispeciality Hospital, Raipur'
[11:45:58] [PASS] [OK] Search & Select: selected 'MMII Narayana Multispeciality Hospital, Raipur'
[11:45:58] [PASS] [OK] search_select completed
[11:45:58] [INFO] >> Step 2: Search & Select: type 'Sunil Gouniyal' -> pick 'Sunil Gouniyal' in [ #consultantField ]
[11:45:58] [INFO] [search_select] typing='Sunil Gouniyal' picking='Sunil Gouniyal'
[11:46:01] [PASS] [OK] Search & Select: selected 'Sunil Gouniyal'
[11:46:01] [PASS] [OK] search_select completed
[11:46:01] [INFO] >> Step 3: Clicking: [ body > ngb-modal-window > div > div > jhi-request-followup-popup > div.request-followup-popup.modal-body.p-0.detail-popup > div.followup-scroll-area.position-relative.ps > div.followup-slot-booking-container.mx-3.pb-4 > div.d-flex.follow-up-type-list.justify-content-between > div.d-flex.follow-up-type.flex-wrap.justify-content-center.active ]
[11:46:01] [PASS] [OK] click completed
[11:46:01] [INFO] >> Step 4: Typing '2' into: [ #durationValue ]
[11:46:01] [PASS] [OK] type completed
[11:46:01] [INFO] >> Step 5: Search & Select: type 'Weeks' -> pick 'Weeks' in [ body > ngb-modal-window > div > div > jhi-request-followup-popup > div.request-followup-popup.modal-body.p-0.detail-popup > div.followup-scroll-area.position-relative.ps > div.followup-slot-booking-container.mx-3.pb-4 > div.d-flex.my-3 > div.d-flex.align-items-center.mr-2 > div.pl-2.pr-0.d-flex.sincewhen-container.duration-sincewhen-container > div.col-8.p-0.custom-ngselect-no-border > ng-select > div > div > div.ng-input > input[type=text] ]
[11:46:01] [INFO] [search_select] typing='Weeks' picking='Weeks'
[11:46:04] [PASS] [OK] Search & Select: selected 'Weeks'
[11:46:04] [PASS] [OK] search_select completed
[11:46:04] [INFO] >> Step 6: Search & Select: type '24 Hours Urine for calcium' -> pick '24 Hours Urine for calcium' in [ .followup-investigation #investigationOrderInput ]
[11:46:04] [INFO] [search_select] typing='24 Hours Urine for calcium' picking='24 Hours Urine for calcium'
[11:46:07] [PASS] [OK] Search & Select: selected '24 Hours Urine for calcium'
[11:46:07] [PASS] [OK] search_select completed
[11:46:07] [INFO] >> Step 7: Clicking: [ body > ngb-modal-window > div > div > jhi-request-followup-popup > div.modal-footer.d-flex.justify-content-between > div.modal-actions > button.athma-btn.athma-btn-ehr-priamry ]
[11:46:08] [PASS] [OK] click completed
[11:46:08] [INFO] >> Step 201: Clicking: [ [jhitranslate="gatewayApp.consultationForm.finish"] ]
[11:46:09] [PASS] [OK] click completed
[11:46:09] [INFO] >> Step 202: Waiting for element: [ button.ml-2.finish-btn ]
[11:46:10] [PASS] [OK] wait_for_selector completed
[11:46:10] [INFO] >> Step 203: Clicking: [ button.ml-2.finish-btn ]
[11:46:41] [PASS] [OK] click completed
[11:46:41] [INFO] >> Step 204: Waiting for element: [ button.athma-btn.athma-btn-ehr-secondary ]
[11:46:41] [PASS] [OK] wait_for_selector completed
[11:46:41] [INFO] >> Step 205: Clicking: [ button.athma-btn.athma-btn-ehr-secondary ]
[11:46:42] [PASS] [OK] click completed
[11:46:42] [INFO] >> Step 206: Waiting for element: [ .textLayer >> nth=0 ]
[11:46:44] [PASS] [OK] wait_for_selector completed
[11:46:44] [INFO] >> Step 207: Waiting 4000ms
[11:46:48] [PASS] [OK] wait completed
[11:46:48] [INFO] >> Step 208: assert_ai -- Does the report show mrn =17540000994339 and consultant = Dr.Sunil Gouniyal and consultation Date = todays date show actual and required data aslo
[11:46:51] [INFO]   [assert_ai] RESULT: YES

REASON: The consultation summary clearly displays:
- Patient MRN: 17540000994339 ✓
- Consultant: Dr. Sunil Gouniyal (CARDIOLOGY - ADULT) ✓
- Consultation Date: 07/05/2026 05:13 PM ✓

All 
[11:46:51] [PASS] [OK] assert_ai PASSED: The consultation summary clearly displays:
[11:46:53] [INFO] Persisted 1 runtime variable(s)
[11:46:53] [INFO] [OK] PASSED -- 224/251 steps in 305762ms
