[02:31:45] [INFO] >> [async_runner] Starting run #7709 — Type: ui, Browser: chrome
[02:31:47] [INFO] [pool] Acquiring browser context from shared pool...
[02:32:06] [INFO] Project variables loaded: Consumption, Direct_transfer, Ehr_MRN, PR_Reg, Password, Receipt_Number, Login_URL, UserID, Issue_Number, Indent_Number
[02:32:06] [INFO] >> Step 1: Navigating to URL: https://sqa.narayanahealth.org/
[02:32:16] [PASS] [OK] navigate completed
[02:32:17] [INFO] >> Step 2: Typing '337800' into: [ #username ]
[02:32:17] [PASS] [OK] type completed
[02:32:18] [INFO] >> Step 3: Typing 'admin' into: [ #password ]
[02:32:18] [PASS] [OK] type completed
[02:32:18] [INFO] >> Step 4: Clicking: [ body > app-root > div > section > div.app-content > jhi-home > div > div > form:nth-child(2) > div.col-12 > button ]
[02:32:20] [PASS] [OK] click completed
[02:32:21] [INFO] >> Step 5: Waiting 1000ms
[02:32:23] [PASS] [OK] wait completed
[02:32:23] [INFO] >> Step 6: Asserting URL contains: 'https://sqa.narayanahealth.org/home-page'
[02:32:23] [PASS] [OK] assert_url completed
[02:32:23] [INFO] >> Step 7: Pressing key '.' on: [ body ]
[02:32:23] [PASS] [OK] press completed
[02:32:23] [INFO] >> Step 8: Typing 'purchase requisition' into: [ get_by_role("textbox", name="Search") ]
[02:32:23] [PASS] [OK] type completed
[02:32:23] [INFO] >> Step 9: Clicking: [ get_by_role("link", name="Purchase Requisition Purchase") ]
[02:32:24] [PASS] [OK] click completed
[02:32:24] [INFO] >> Step 10: Waiting for element: [ get_by_role("button", name="Create New") ]
[02:32:31] [PASS] [OK] wait_for_selector completed
[02:32:31] [INFO] >> Step 11: Clicking: [ button:has-text("Create New") ]
[02:32:33] [INFO] >> Step 12: Search & Select: type 'IP Pharmacy-Raipur' -> pick 'IP Pharmacy-Raipur' in [ #storeInput ]
[02:32:33] [INFO] [search_select] typing='IP Pharmacy-Raipur' picking='IP Pharmacy-Raipur'
[02:32:36] [PASS] [OK] Search & Select: selected 'IP Pharmacy-Raipur'
[02:32:37] [PASS] [OK] search_select completed
[02:32:37] [INFO] >> Step 13: Clicking: [ #btnNext ]
[02:32:37] [PASS] [OK] click completed
[02:32:38] [INFO] >> Step 14: Waiting for element: [ #itemInput ]
[02:32:38] [PASS] [OK] wait_for_selector completed
[02:32:38] [INFO] [DATA TABLE] 3 row(s), columns: ['itemCode', 'itemName', 'Qty']
[02:32:38] [INFO] [DATA TABLE] Row 1/3: itemCode=M-N-PH-M963-A037, itemName=GLOD WHEEL Plates-GOLD-100MG-SAMSUNG, Qty=7
[02:32:38] [INFO] >> Step 1: Search & Select: type '{{itemCode}}' -> pick 'GLOD WHEEL Plates-GOLD-100MG-SAMSUNG' in [ #itemInput ]
[02:32:38] [INFO] [search_select] typing='M-N-PH-M963-A037' picking='GLOD WHEEL Plates-GOLD-100MG-SAMSUNG'
[02:32:42] [PASS] [OK] Search & Select: selected 'GLOD WHEEL Plates-GOLD-100MG-SAMSUNG'
[02:32:42] [PASS] [OK] search_select completed
[02:32:42] [INFO] >> Step 2: Typing '7' into: [ body > jhi-main > div > section > div.app-content > jhi-purchase-requisition-dialog > div > div > div.pr-0.athma-detail-list-panel.fixed-height-without-header.grn-header > div.scroll-table-container > div.scroll-table-header > table > tbody > tr > td:nth-child(8) > div > input ]
[02:32:42] [PASS] [OK] type completed
[02:32:42] [INFO] >> Step 3: Clicking: [ td .athma-icon-button ]
[02:32:45] [PASS] [OK] click completed
[02:32:45] [INFO] [DATA TABLE] Row 2/3: itemCode=M-N-SG-M963-A036, itemName=CALCIUM-CAPSULES-100MG-DOLOPAR, Qty=5
[02:32:45] [INFO] >> Step 1: Search & Select: type '{{itemCode}}' -> pick 'CALCIUM-CAPSULES-100MG-DOLOPAR' in [ #itemInput ]
[02:32:45] [INFO] [search_select] typing='M-N-SG-M963-A036' picking='CALCIUM-CAPSULES-100MG-DOLOPAR'
[02:32:49] [PASS] [OK] Search & Select: selected 'CALCIUM-CAPSULES-100MG-DOLOPAR'
[02:32:49] [PASS] [OK] search_select completed
[02:32:50] [INFO] >> Step 2: Typing '5' into: [ body > jhi-main > div > section > div.app-content > jhi-purchase-requisition-dialog > div > div > div.pr-0.athma-detail-list-panel.fixed-height-without-header.grn-header > div.scroll-table-container > div.scroll-table-header > table > tbody > tr > td:nth-child(8) > div > input ]
[02:32:50] [PASS] [OK] type completed
[02:32:50] [INFO] >> Step 3: Clicking: [ td .athma-icon-button ]
[02:32:51] [PASS] [OK] click completed
[02:32:52] [INFO] [DATA TABLE] Row 3/3: itemCode=M-N-PH-M963-A035, itemName=CALCIUM-VITAMIN D-500MG+250IU-, Qty=6
[02:32:52] [INFO] >> Step 1: Search & Select: type '{{itemCode}}' -> pick 'CALCIUM-VITAMIN D-500MG+250IU-' in [ #itemInput ]
[02:32:52] [INFO] [search_select] typing='M-N-PH-M963-A035' picking='CALCIUM-VITAMIN D-500MG+250IU-'
[02:32:56] [PASS] [OK] Search & Select: selected 'CALCIUM-VITAMIN D-500MG+250IU-'
[02:32:56] [PASS] [OK] search_select completed
[02:32:57] [INFO] >> Step 2: Typing '6' into: [ body > jhi-main > div > section > div.app-content > jhi-purchase-requisition-dialog > div > div > div.pr-0.athma-detail-list-panel.fixed-height-without-header.grn-header > div.scroll-table-container > div.scroll-table-header > table > tbody > tr > td:nth-child(8) > div > input ]
[02:32:57] [PASS] [OK] type completed
[02:32:57] [INFO] >> Step 3: Clicking: [ td .athma-icon-button ]
[02:32:58] [PASS] [OK] click completed
[02:32:59] [INFO] >> Step 20: Clicking: [ [jhitranslate="entity.action.save"] ]
[02:33:00] [PASS] [OK] click completed
[02:33:00] [INFO] >> Step 21: Waiting for element: [ (//div[contains(@class,"toast")]//ngb-alert)[1]//pre ]
[02:33:00] [PASS] [OK] wait_for_selector completed
[02:33:01] [INFO] >> Step 22: store_text -- (//div[contains(@class,"toast")]//ngb-alert)[1]//pre
[02:33:01] [PASS] [OK] Stored 'DRAFT-8474 saved successfully' → {{Purchase_PR}}
[02:33:01] [PASS] [OK] str_split: 'DRAFT-8474' → {{Purchase_PR}}
[02:33:01] [INFO] >> Step 24: Clicking: [ #inputDebounce ]
[02:33:08] [PASS] [OK] click completed
[02:33:08] [INFO] >> Step 25: press_sequentially -- #inputDebounce
[02:33:09] [INFO] [press_sequentially] filled and waited for debounce: 'DRAFT-8474'
[02:33:09] [PASS] [OK] press_sequentially completed
[02:33:09] [INFO] >> Step 26: Clicking: [ get_by_text("DRAFT-8474") ]
[02:33:10] [PASS] [OK] click completed
[02:33:10] [INFO] >> Step 27: Clicking: [ get_by_role("button", name="Open") ]
[02:33:11] [PASS] [OK] click completed
[02:33:11] [INFO] >> Step 28: Clicking: [ get_by_role("button", name="Send for Approval") ]
[02:33:12] [PASS] [OK] click completed
[02:33:12] [INFO] >> Step 29: Waiting for element: [ get_by_role("button", name="Claim") ]
[02:33:13] [PASS] [OK] wait_for_selector completed
[02:33:13] [INFO] >> Step 30: Waiting 1000ms
[02:33:14] [PASS] [OK] wait completed
[02:33:15] [INFO] >> Step 31: store_text -- body > jhi-main > div > section > div.app-content > jhi-purchase-requisition-dialog > div > div > div.athma-detail-form-panel > div  > div.preview-form-header > h5 > span
[02:33:15] [PASS] [OK] Stored 'PR175426001821' → {{Purchase_PR}}
[02:33:15] [INFO] >> Step 32: Clicking: [ get_by_role("button", name="Claim") ]
[02:33:15] [PASS] [OK] click completed
[02:33:16] [INFO] >> Step 33: Clicking: [ get_by_role("button", name="Approve") ]
[02:33:17] [PASS] [OK] click completed
[02:33:17] [INFO] >> Step 34: Clicking: [ div.sidebar-logo-container ]
[02:33:19] [PASS] [OK] click completed
[02:33:19] [INFO] >> Step 35: Waiting 2000ms
[02:33:21] [PASS] [OK] wait completed
[02:33:22] [INFO] >> Step 36: Waiting for URL to contain: 'https://sqa.narayanahealth.org/home-page'
[02:33:22] [PASS] [OK] wait_for_url completed
[02:33:23] [INFO] >> Step 37: Pressing key '.' on: [ body ]
[02:33:23] [PASS] [OK] press completed
[02:33:24] [INFO] >> Step 38: Typing 'Purchase Order' into: [ get_by_role("textbox", name="Search") ]
[02:33:24] [PASS] [OK] type completed
[02:33:24] [INFO] >> Step 39: Clicking: [ (//div[contains(@class,"menu-search-list")]//a[contains(@class,"menu-search-anchor")])[1] ]
[02:33:25] [PASS] [OK] click completed
[02:33:25] [INFO] >> Step 40: Clicking: [ #inputDebounce ]
[02:33:32] [PASS] [OK] click completed
[02:33:32] [INFO] >> Step 41: press_sequentially -- #inputDebounce
[02:33:35] [INFO] [press_sequentially] filled and waited for debounce: 'PR175426001821'
[02:33:35] [PASS] [OK] press_sequentially completed
[02:33:35] [INFO] >> Step 42: Clicking: [ get_by_text("PR175426001821") ]
[02:33:36] [PASS] [OK] click completed
[02:33:36] [INFO] >> Step 43: Clicking: [ button.athma-icon-button.action-icon ]
[02:33:36] [PASS] [OK] click completed
[02:33:37] [INFO] >> Step 44: Clicking: [ get_by_text("Create PO") ]
[02:33:37] [PASS] [OK] click completed
[02:33:37] [INFO] >> Step 45: Waiting for element: [ (//div[contains(@class,"toast")]//ngb-alert)[1]//pre ]
[02:33:38] [PASS] [OK] wait_for_selector completed
[02:33:38] [INFO] >> Step 46: store_text -- (//div[contains(@class,"toast")]//ngb-alert)[1]//pre
[02:33:38] [PASS] [OK] Stored 'Bill To / Ship to address is not available for logged in Unit!' → {{Purchase_Order}}
[02:33:38] [INFO] >> Step 47: db_extract_multi -- 
[02:33:38] [INFO]   [RETRY] Step failed with: db_extract_multi: query returned no rows -- trying AI heal...
[02:33:39] [FAIL] db_extract_multi: query returned no rows
[02:33:39] [INFO] [FAIL] FAILED -- 50/51 steps in 111681ms
