[17:12:40] [INFO] >> [async_runner] Starting run #7690 — Type: ui, Browser: chrome
[17:12:42] [INFO] [pool] Acquiring browser context from shared pool...
[17:12:47] [INFO] >> Step 1: Navigating to URL: https://sqa.narayanahealth.org/
[17:12:56] [PASS] [OK] navigate completed
[17:12:57] [INFO] >> Step 2: Clicking: [ #username ]
[17:12:57] [PASS] [OK] click completed
[17:12:57] [INFO] >> Step 3: Typing '337800' into: [ #username ]
[17:12:57] [PASS] [OK] type completed
[17:12:57] [INFO] >> Step 4: Clicking: [ #password ]
[17:12:58] [PASS] [OK] click completed
[17:12:58] [INFO] >> Step 5: Typing 'admin' into: [ #password ]
[17:12:58] [PASS] [OK] type completed
[17:12:58] [INFO] >> Step 6: Clicking: [ body > app-root > div > section > div.app-content > jhi-home > div > div > form:nth-child(2) > div.col-12 > button ]
[17:12:58] [PASS] [OK] click completed
[17:12:58] [INFO] >> Step 7: Waiting 2000ms
[17:13:00] [PASS] [OK] wait completed
[17:13:00] [INFO] >> Step 8: Pressing key '.' on: [ body ]
[17:13:00] [PASS] [OK] press completed
[17:13:01] [INFO] >> Step 9: Typing 'indent' into: [ get_by_role("textbox", name="Search") ]
[17:13:01] [PASS] [OK] type completed
[17:13:01] [INFO] >> Step 10: Clicking: [ get_by_role("link", name="Indent Inventory") ]
[17:13:01] [PASS] [OK] click completed
[17:13:02] [INFO] >> Step 11: Waiting 4000ms
[17:13:06] [PASS] [OK] wait completed
[17:13:08] [INFO] >> Step 12: Clicking: [ get_by_role("button", name="Create New") ]
[17:13:08] [PASS] [OK] click completed
[17:13:09] [INFO] >> Step 13: Clicking: [ #indentStoreInput ]
[17:13:10] [PASS] [OK] click completed
[17:13:10] [INFO] >> Step 14: Clearing: [ #indentStoreInput ]
[17:13:10] [PASS] [OK] clear completed
[17:13:10] [INFO] >> Step 15: Search & Select: type 'IP Pharmacy-Raipur' -> pick 'IP Pharmacy-Raipur' in [ #indentStoreInput ]
[17:13:10] [INFO] [search_select] typing='IP Pharmacy-Raipur' picking='IP Pharmacy-Raipur'
[17:13:12] [PASS] [OK] Search & Select: selected 'IP Pharmacy-Raipur'
[17:13:12] [PASS] [OK] search_select completed
[17:13:12] [INFO] >> Step 16: Clicking: [ #issueStoreInput ]
[17:13:13] [PASS] [OK] click completed
[17:13:13] [INFO] >> Step 17: Clearing: [ #issueStoreInput ]
[17:13:13] [PASS] [OK] clear completed
[17:13:13] [INFO] >> Step 18: Search & Select: type '157-MS1' -> pick 'Main Store-Raipur' in [ #issueStoreInput ]
[17:13:13] [INFO] [search_select] typing='157-MS1' picking='Main Store-Raipur'
[17:13:15] [PASS] [OK] Search & Select: selected 'Main Store-Raipur'
[17:13:15] [PASS] [OK] search_select completed
[17:13:15] [INFO] >> Step 19: Clicking: [ #btnNext ]
[17:13:15] [PASS] [OK] click completed
[17:13:15] [INFO] >> Step 20: Waiting 1000ms
[17:13:16] [PASS] [OK] wait completed
[17:13:17] [INFO] [DATA TABLE] 3 row(s), columns: ['Item_name', 'Qty']
[17:13:17] [INFO] [DATA TABLE] Row 1/3: Item_name=PARACETAMOL-TABLET-750MG-P 750-, Qty=2
[17:13:17] [INFO] >> Step 1: Clicking: [ #itemInput ]
[17:13:17] [PASS] [OK] click completed
[17:13:17] [INFO] >> Step 2: Search & Select: type '{{Item_name}}' -> pick 'PARACETAMOL-TABLET-750MG-P 750-' in [ #itemInput ]
[17:13:17] [INFO] [search_select] typing='PARACETAMOL-TABLET-750MG-P 750-' picking='PARACETAMOL-TABLET-750MG-P 750-'
[17:13:20] [PASS] [OK] Search & Select: selected 'PARACETAMOL-TABLET-750MG-P 750-'
[17:13:20] [PASS] [OK] search_select completed
[17:13:20] [INFO] >> Step 3: Clicking: [ #lImQty ]
[17:13:21] [PASS] [OK] click completed
[17:13:21] [INFO] >> Step 4: Typing '2' into: [ #lImQty ]
[17:13:21] [PASS] [OK] type completed
[17:13:21] [INFO] >> Step 5: Pressing key 'Enter' on: [ #lImQty ]
[17:13:21] [PASS] [OK] press completed
[17:13:21] [INFO] [DATA TABLE] Row 2/3: Item_name=FUROSEMIDE-INJECTION-10MG/ML(4ML)-LASIX-, Qty=4
[17:13:21] [INFO] >> Step 1: Clicking: [ #itemInput ]
[17:13:21] [PASS] [OK] click completed
[17:13:21] [INFO] >> Step 2: Search & Select: type '{{Item_name}}' -> pick 'FUROSEMIDE-INJECTION-10MG/ML(4ML)-LASIX-' in [ #itemInput ]
[17:13:21] [INFO] [search_select] typing='FUROSEMIDE-INJECTION-10MG/ML(4ML)-LASIX-' picking='FUROSEMIDE-INJECTION-10MG/ML(4ML)-LASIX-'
[17:13:25] [PASS] [OK] Search & Select: selected 'FUROSEMIDE-INJECTION-10MG/ML(4ML)-LASIX-'
[17:13:25] [PASS] [OK] search_select completed
[17:13:25] [INFO] >> Step 3: Clicking: [ #lImQty ]
[17:13:25] [PASS] [OK] click completed
[17:13:25] [INFO] >> Step 4: Typing '4' into: [ #lImQty ]
[17:13:25] [PASS] [OK] type completed
[17:13:25] [INFO] >> Step 5: Pressing key 'Enter' on: [ #lImQty ]
[17:13:25] [PASS] [OK] press completed
[17:13:25] [INFO] [DATA TABLE] Row 3/3: Item_name=PANTOPRAZOLE-TABLET-40MG-PAN-, Qty=6
[17:13:25] [INFO] >> Step 1: Clicking: [ #itemInput ]
[17:13:26] [PASS] [OK] click completed
[17:13:26] [INFO] >> Step 2: Search & Select: type '{{Item_name}}' -> pick 'PANTOPRAZOLE-TABLET-40MG-PAN-' in [ #itemInput ]
[17:13:26] [INFO] [search_select] typing='PANTOPRAZOLE-TABLET-40MG-PAN-' picking='PANTOPRAZOLE-TABLET-40MG-PAN-'
[17:13:29] [PASS] [OK] Search & Select: selected 'PANTOPRAZOLE-TABLET-40MG-PAN-'
[17:13:29] [PASS] [OK] search_select completed
[17:13:29] [INFO] >> Step 3: Clicking: [ #lImQty ]
[17:13:30] [PASS] [OK] click completed
[17:13:30] [INFO] >> Step 4: Typing '6' into: [ #lImQty ]
[17:13:30] [PASS] [OK] type completed
[17:13:30] [INFO] >> Step 5: Pressing key 'Enter' on: [ #lImQty ]
[17:13:30] [PASS] [OK] press completed
[17:13:30] [INFO] >> Step 28: Waiting 2000ms
[17:13:32] [PASS] [OK] wait completed
[17:13:32] [INFO] >> Step 29: Clicking: [ get_by_role("button", name="Save") ]
[17:13:33] [PASS] [OK] click completed
[17:13:33] [INFO] >> Step 30: Waiting 2000ms
[17:13:35] [PASS] [OK] wait completed
[17:13:35] [INFO] >> Step 31: Clicking: [ #btnDone ]
[17:13:36] [PASS] [OK] click completed
[17:13:36] [INFO] >> Step 32: Clicking: [ get_by_role("button", name="Send for Approval") ]
[17:13:36] [PASS] [OK] click completed
[17:13:36] [INFO] >> Step 33: Waiting for element: [ #btnDone ]
[17:13:37] [PASS] [OK] wait_for_selector completed
[17:13:37] [INFO] >> Step 34: Clicking: [ #btnDone ]
[17:13:38] [PASS] [OK] click completed
[17:13:38] [INFO] >> Step 35: store_text -- body > jhi-main > div > section > div.app-content > jhi-stock-indent-dialog > div > div > div.pl-0.athma-detail-form-panel > div > div.preview-form-header > h5 > span
[17:13:38] [PASS] [OK] Stored 'SRQ-1754-2601589' → {{Indent_Number}}
[17:13:38] [INFO] >> Step 36: Waiting 2000ms
[17:13:40] [PASS] [OK] wait completed
[17:13:40] [INFO] >> Step 37: Clicking: [ get_by_role("button", name="Claim") ]
[17:13:41] [PASS] [OK] click completed
[17:13:41] [INFO] >> Step 38: Clicking: [ get_by_role("button", name="Approve") ]
[17:13:42] [PASS] [OK] click completed
[17:13:42] [INFO] >> Step 39: Waiting 2000ms
[17:13:44] [PASS] [OK] wait completed
[17:13:44] [INFO] >> Step 40: Clicking: [ #btnDone ]
[17:13:45] [PASS] [OK] click completed
[17:13:45] [INFO] >> Step 41: Clicking: [ body > jhi-main > div > section > div.app-content > jhi-stock-indent-dialog > div > div > div.pr-0.athma-detail-list-panel.fixed-height-without-header > stock-indent-button > div > div.col-sm-8.text-right.pr-0 > button ]
[17:13:45] [PASS] [OK] click completed
[17:13:45] [INFO] >> Step 42: Waiting 2000ms
[17:13:47] [PASS] [OK] wait completed
[17:13:48] [INFO] >> Step 43: Clicking: [ body > jhi-main > div > section > div.app-content > jhi-stock-indent > athma-page-header > div > athma-tabs-header > section > div.row.align-items-center > div.col-sm-8 > ul > li:nth-child(1) > a > span ]
[17:13:48] [PASS] [OK] click completed
[17:13:48] [INFO] >> Step 44: Clicking: [ #inputDebounce ]
[17:13:49] [PASS] [OK] click completed
[17:13:49] [INFO] >> Step 45: press_sequentially -- #inputDebounce
[17:13:50] [INFO] [press_sequentially] filled and waited for debounce: 'SRQ-1754-2601589'
[17:13:50] [PASS] [OK] press_sequentially completed
[17:13:50] [PASS] [OK] call_test: 'SAI_Indent_ForLoop' done
[17:13:50] [INFO] >> Step 2: Navigating to URL: https://sqa.narayanahealth.org/home-page
[17:13:53] [PASS] [OK] navigate completed
[17:13:53] [INFO] >> Step 3: Waiting 2000ms
[17:13:55] [PASS] [OK] wait completed
[17:13:55] [INFO] >> Step 4: Pressing key '.' on: [ body ]
[17:13:55] [PASS] [OK] press completed
[17:13:55] [INFO] >> Step 5: Waiting 2000ms
[17:13:57] [PASS] [OK] wait completed
[17:13:57] [INFO] >> Step 6: press_sequentially -- get_by_role("textbox", name="Search")
[17:13:59] [INFO] [press_sequentially] filled and waited for debounce: 'issue'
[17:13:59] [PASS] [OK] press_sequentially completed
[17:13:59] [INFO] >> Step 7: Waiting 2000ms
[17:14:01] [PASS] [OK] wait completed
[17:14:01] [INFO] >> Step 8: Clicking: [ #menu_0_0_7 ]
[17:14:01] [PASS] [OK] click completed
[17:14:01] [INFO] >> Step 9: Waiting 3000ms
[17:14:04] [PASS] [OK] wait completed
[17:14:04] [INFO] >> Step 10: Clicking: [ #inputDebounce ]
[17:14:07] [PASS] [OK] click completed
[17:14:07] [INFO] >> Step 11: press_sequentially -- #inputDebounce
[17:14:10] [INFO] [press_sequentially] filled and waited for debounce: 'SRQ-1754-2601589'
[17:14:10] [PASS] [OK] press_sequentially completed
[17:14:10] [INFO] >> Step 12: Waiting 1000ms
[17:14:11] [PASS] [OK] wait completed
[17:14:11] [INFO] >> Step 13: Clicking: [ get_by_text("SRQ-1754-2601589") ]
[17:14:11] [PASS] [OK] click completed
[17:14:11] [INFO] >> Step 14: Waiting 2001ms
[17:14:13] [PASS] [OK] wait completed
[17:14:14] [INFO] >> Step 15: Clicking: [ get_by_role("button", name="Open") ]
[17:14:14] [PASS] [OK] click completed
[17:14:14] [INFO] >> Step 16: Waiting 2000ms
[17:14:16] [PASS] [OK] wait completed
[17:14:16] [INFO] [DATA TABLE] 3 row(s), columns: ['issue_itemName', 'Batch', 'Issue_Qty']
[17:14:16] [INFO] [DATA TABLE] Row 1/3: issue_itemName=PARACETAMOL-TABLET-750MG-P 750-, Batch=batch main, Issue_Qty=2
[17:14:16] [INFO] >> Step 1: table_action -- body > jhi-main > div > section > div.app-content > jhi-stock-issue-dialog > div > div > div.pr-0.athma-detail-list-panel.fixed-height-without-header > div > div.scroll-table-body.ps.position-relative > table
[17:14:19] [PASS] [OK] table_action completed
[17:14:19] [INFO] >> Step 2: table_action -- body > jhi-main > div > section > div.app-content > jhi-stock-issue-dialog > div > div > div.pr-0.athma-detail-list-panel.fixed-height-without-header > div > div.scroll-table-body.ps.position-relative > table
[17:14:24] [PASS] [OK] table_action completed
[17:14:24] [INFO] >> Step 3: Waiting 1000ms
[17:14:25] [PASS] [OK] wait completed
[17:14:25] [INFO] [DATA TABLE] Row 2/3: issue_itemName=FUROSEMIDE-INJECTION-10MG/ML(4ML)-LASIX-, Batch=2119077, Issue_Qty=4
[17:14:25] [INFO] >> Step 1: table_action -- body > jhi-main > div > section > div.app-content > jhi-stock-issue-dialog > div > div > div.pr-0.athma-detail-list-panel.fixed-height-without-header > div > div.scroll-table-body.ps.position-relative > table
[17:14:27] [PASS] [OK] table_action completed
[17:14:27] [INFO] >> Step 2: table_action -- body > jhi-main > div > section > div.app-content > jhi-stock-issue-dialog > div > div > div.pr-0.athma-detail-list-panel.fixed-height-without-header > div > div.scroll-table-body.ps.position-relative > table
[17:14:32] [PASS] [OK] table_action completed
[17:14:32] [INFO] >> Step 3: Waiting 1000ms
[17:14:33] [PASS] [OK] wait completed
[17:14:33] [INFO] [DATA TABLE] Row 3/3: issue_itemName=PANTOPRAZOLE-TABLET-40MG-PAN-, Batch=19440364, Issue_Qty=6
[17:14:33] [INFO] >> Step 1: table_action -- body > jhi-main > div > section > div.app-content > jhi-stock-issue-dialog > div > div > div.pr-0.athma-detail-list-panel.fixed-height-without-header > div > div.scroll-table-body.ps.position-relative > table
[17:14:35] [PASS] [OK] table_action completed
[17:14:35] [INFO] >> Step 2: table_action -- body > jhi-main > div > section > div.app-content > jhi-stock-issue-dialog > div > div > div.pr-0.athma-detail-list-panel.fixed-height-without-header > div > div.scroll-table-body.ps.position-relative > table
[17:14:40] [PASS] [OK] table_action completed
[17:14:40] [INFO] >> Step 3: Waiting 1000ms
[17:14:42] [PASS] [OK] wait completed
[17:14:42] [INFO] >> Step 22: Clicking: [ get_by_role("button", name="Send for Approval") ]
[17:14:42] [PASS] [OK] click completed
[17:14:42] [INFO] >> Step 23: Waiting 2000ms
[17:14:44] [PASS] [OK] wait completed
[17:14:44] [INFO] >> Step 24: Clicking: [ #btnDone ]
[17:14:45] [PASS] [OK] click completed
[17:14:45] [INFO] >> Step 25: Waiting 2000ms
[17:14:47] [PASS] [OK] wait completed
[17:14:47] [INFO] >> Step 26: Clicking: [ get_by_role("button", name="Claim") ]
[17:14:48] [PASS] [OK] click completed
[17:14:48] [INFO] >> Step 27: Waiting 2000ms
[17:14:50] [PASS] [OK] wait completed
[17:14:50] [INFO] >> Step 28: Clicking: [ text="Approve" ]
[17:14:51] [PASS] [OK] click completed
[17:14:51] [INFO] >> Step 29: Clicking: [ #btnDone ]
[17:14:52] [PASS] [OK] click completed
[17:14:52] [INFO] >> Step 30: Waiting 2000ms
[17:14:54] [PASS] [OK] wait completed
[17:14:54] [INFO] >> Step 31: store_text -- body > jhi-main > div > section > div.app-content > jhi-stock-issue-dialog > div > div > div.pl-0.athma-detail-form-panel > div > div.preview-form-header > h5 > span
[17:14:54] [PASS] [OK] Stored 'SIS-1754-2601090' → {{Issue_Number}}
[17:14:54] [INFO] >> Step 32: Waiting 2000ms
[17:14:56] [PASS] [OK] wait completed
[17:14:56] [INFO] >> Step 33: Clicking: [ get_by_role("button", name="Cancel") ]
[17:14:57] [PASS] [OK] click completed
[17:14:58] [PASS] [OK] call_test: 'Issue_Full_Qty' done
[17:14:58] [INFO] >> Step 2: Clicking: [ #sidebar-wrapper > div > div > div > div > svg ]
[17:14:58] [PASS] [OK] click completed
[17:14:58] [INFO] >> Step 3: Waiting for URL to contain: 'https://sqa.narayanahealth.org/home-page'
[17:15:00] [PASS] [OK] wait_for_url completed
[17:15:01] [INFO] >> Step 4: Waiting 2000ms
[17:15:03] [PASS] [OK] wait completed
[17:15:04] [INFO] >> Step 5: Pressing key '.' on: [ body ]
[17:15:04] [PASS] [OK] press completed
[17:15:04] [INFO] >> Step 6: Waiting ms
[17:15:05] [PASS] [OK] wait completed
[17:15:05] [INFO] >> Step 7: press_sequentially -- get_by_role("textbox", name="Search")
[17:15:06] [INFO] [press_sequentially] filled and waited for debounce: 'receipt'
[17:15:06] [PASS] [OK] press_sequentially completed
[17:15:06] [INFO] >> Step 8: Waiting 1000ms
[17:15:07] [PASS] [OK] wait completed
[17:15:07] [INFO] >> Step 9: Clicking: [ get_by_role("link", name="Receipt Inventory") ]
[17:15:08] [PASS] [OK] click completed
[17:15:09] [INFO] >> Step 10: Waiting 3000ms
[17:15:12] [PASS] [OK] wait completed
[17:15:12] [INFO] >> Step 11: Clicking: [ #inputDebounce ]
[17:15:12] [PASS] [OK] click completed
[17:15:12] [INFO] >> Step 12: press_sequentially -- #inputDebounce
[17:15:13] [INFO] [press_sequentially] filled and waited for debounce: 'SIS-1754-2601090'
[17:15:13] [PASS] [OK] press_sequentially completed
[17:15:14] [INFO] >> Step 13: Waiting 1000ms
[17:15:15] [PASS] [OK] wait completed
[17:15:15] [INFO] >> Step 14: Clicking: [ get_by_text("SIS-1754-2601090") ]
[17:15:15] [PASS] [OK] click completed
[17:15:15] [INFO] >> Step 15: Waiting 2001ms
[17:15:17] [PASS] [OK] wait completed
[17:15:17] [INFO] >> Step 16: Clicking: [ get_by_role("button", name="Open") ]
[17:15:18] [PASS] [OK] click completed
[17:15:18] [INFO] >> Step 17: Waiting 2000ms
[17:15:20] [PASS] [OK] wait completed
[17:15:20] [INFO] >> Step 18: Clicking: [ text="Save Draft" ]
[17:15:21] [PASS] [OK] click completed
[17:15:21] [INFO] >> Step 19: Waiting 2000ms
[17:15:23] [PASS] [OK] wait completed
[17:15:23] [INFO] >> Step 20: Clicking: [ #btnDone ]
[17:15:23] [PASS] [OK] click completed
[17:15:23] [INFO] >> Step 21: Waiting 2000ms
[17:15:25] [PASS] [OK] wait completed
[17:15:25] [INFO] >> Step 22: store_text -- body > jhi-main > div > section > div.app-content > jhi-stock-receipt-dialog > div > div > div.pl-0.athma-detail-form-panel > div > div.preview-form-header > h5 > span
[17:15:25] [PASS] [OK] Stored 'DRAFT-363111' → {{Receipt_Number}}
[17:15:25] [INFO] >> Step 23: Waiting 2000ms
[17:15:27] [PASS] [OK] wait completed
[17:15:27] [INFO] >> Step 24: Clicking: [ get_by_role("button", name="Cancel") ]
[17:15:28] [PASS] [OK] click completed
[17:15:28] [INFO] >> Step 25: Waiting for element: [ body > jhi-main > div > section > div.app-content > jhi-stock-receipt > athma-page-header > div > athma-tabs-header > section > div.row.align-items-center > div.col-sm-8 > ul > li:nth-child(1) > a > span:nth-child(1) ]
[17:15:28] [PASS] [OK] wait_for_selector completed
[17:15:28] [INFO] >> Step 26: Clicking: [ #inputDebounce ]
[17:15:29] [PASS] [OK] click completed
[17:15:29] [INFO] >> Step 27: press_sequentially -- #inputDebounce
[17:15:30] [INFO] [press_sequentially] filled and waited for debounce: 'SIS-1754-2601090'
[17:15:30] [PASS] [OK] press_sequentially completed
[17:15:30] [INFO] >> Step 28: Clicking: [ get_by_text("SIS-1754-2601090") ]
[17:15:31] [PASS] [OK] click completed
[17:15:31] [INFO] >> Step 29: Clicking: [ get_by_role("button", name="Open") ]
[17:15:31] [PASS] [OK] click completed
[17:15:32] [INFO] >> Step 30: Waiting for element: [ body > jhi-main > div > section > div.app-content > jhi-stock-receipt-dialog > div > div > div.pr-0.athma-detail-list-panel.fixed-height-without-header > div > div.scroll-table-header > table > thead > tr > th:nth-child(2) > div > div.input-group.athma-input-group-container > button > i ]
[17:15:32] [PASS] [OK] wait_for_selector completed
[17:15:32] [INFO] >> Step 31: Clicking: [ get_by_role("button", name="Delete") ]
[17:15:32] [PASS] [OK] click completed
[17:15:32] [INFO] >> Step 32: Waiting for element: [ body > ngb-modal-window > div > div > stockreceipt-confirm-popup > div.modal-header > h3 ]
[17:15:32] [PASS] [OK] wait_for_selector completed
[17:15:32] [INFO] >> Step 33: Clicking: [ get_by_role("button", name="Delete") ]
[17:15:33] [PASS] [OK] click completed
[17:15:34] [INFO] [OK] PASSED -- 121/121 steps in 171409ms
