[16:28:12] [INFO] >> [async_runner] Starting run #7672 — Type: ui, Browser: chrome
[16:28:14] [INFO] [pool] Acquiring browser context from shared pool...
[16:28:15] [INFO] >> Step 1: Navigating to URL: https://sqa.narayanahealth.org/
[16:28:25] [PASS] [OK] navigate completed
[16:28:25] [INFO] >> Step 2: Clicking: [ #username ]
[16:28:25] [PASS] [OK] click completed
[16:28:25] [INFO] >> Step 3: Typing '337800' into: [ #username ]
[16:28:25] [PASS] [OK] type completed
[16:28:25] [INFO] >> Step 4: Clicking: [ #password ]
[16:28:26] [PASS] [OK] click completed
[16:28:26] [INFO] >> Step 5: Typing 'admin' into: [ #password ]
[16:28:26] [PASS] [OK] type completed
[16:28:26] [INFO] >> Step 6: Clicking: [ body > app-root > div > section > div.app-content > jhi-home > div > div > form:nth-child(2) > div.col-12 > button ]
[16:28:27] [PASS] [OK] click completed
[16:28:27] [INFO] >> Step 7: Waiting 2000ms
[16:28:29] [PASS] [OK] wait completed
[16:28:29] [INFO] >> Step 8: Pressing key '.' on: [ body ]
[16:28:29] [PASS] [OK] press completed
[16:28:29] [INFO] >> Step 9: Typing 'Inventory Adjustment' into: [ get_by_role("textbox", name="Search") ]
[16:28:30] [PASS] [OK] type completed
[16:28:30] [INFO] >> Step 10: Clicking: [ get_by_role("link", name="Inventory Adjustment Inventory") ]
[16:28:31] [PASS] [OK] click completed
[16:28:31] [INFO] >> Step 11: Waiting 4000ms
[16:28:35] [PASS] [OK] wait completed
[16:28:37] [INFO] >> Step 12: Clicking: [ get_by_role("button", name="Create New") ]
[16:28:40] [PASS] [OK] click completed
[16:28:40] [INFO] >> Step 13: Clicking: [ #adjustmentStoreInput ]
[16:28:41] [PASS] [OK] click completed
[16:28:41] [INFO] >> Step 14: Clearing: [ #adjustmentStoreInput ]
[16:28:41] [PASS] [OK] clear completed
[16:28:41] [INFO] >> Step 15: Search & Select: type '157-MS1' -> pick 'Main Store-Raipur' in [ #adjustmentStoreInput ]
[16:28:41] [INFO] [search_select] typing='157-MS1' picking='Main Store-Raipur'
[16:28:43] [PASS] [OK] Search & Select: selected 'Main Store-Raipur'
[16:28:43] [PASS] [OK] search_select completed
[16:28:43] [INFO] >> Step 16: Clicking: [ #continueBtn ]
[16:28:44] [PASS] [OK] click completed
[16:28:44] [INFO] >> Step 17: Waiting 1000ms
[16:28:45] [PASS] [OK] wait completed
[16:28:45] [INFO] [DATA TABLE] 3 row(s), columns: ['Item_Name', 'Batch_no', 'Qty', 'Reason', 'Type']
[16:28:45] [INFO] [DATA TABLE] Row 1/3: Item_Name=FEBUXOSTAT-TABLET-40MG-FABULON-, Batch_no=DT1811048A, Qty=10, Reason=Qty more, Type=Positive
[16:28:45] [INFO] >> Step 1: Clicking: [ #add-item-searchbox ]
[16:28:46] [PASS] [OK] click completed
[16:28:46] [INFO] >> Step 2: Search & Select: type '{{Item_Name}}' -> pick 'FEBUXOSTAT-TABLET-40MG-FABULON-' in [ #add-item-searchbox ]
[16:28:46] [INFO] [search_select] typing='FEBUXOSTAT-TABLET-40MG-FABULON-' picking='FEBUXOSTAT-TABLET-40MG-FABULON-'
[16:28:49] [PASS] [OK] Search & Select: selected 'FEBUXOSTAT-TABLET-40MG-FABULON-'
[16:28:49] [PASS] [OK] search_select completed
[16:28:49] [INFO] >> Step 3: Clicking: [ body > jhi-main > div > section > div.app-content > jhi-inventory-adjustment-dialog > div > div > div.pr-0.athma-detail-list-panel.fixed-height-without-header > jhi-inventory-adjustment-dialog-items > div > div.scroll-table-header > table:nth-child(2) > thead > tr:nth-child(2) > th:nth-child(2) > ng-select ]
[16:28:50] [PASS] [OK] click completed
[16:28:50] [INFO] >> Step 4: Search & Select: type '{{Batch_no}}' -> pick 'DT1811048A' in [ body > jhi-main > div > section > div.app-content > jhi-inventory-adjustment-dialog > div > div > div.pr-0.athma-detail-list-panel.fixed-height-without-header > jhi-inventory-adjustment-dialog-items > div > div.scroll-table-header > table:nth-child(2) > thead > tr:nth-child(2) > th:nth-child(2) > ng-select ]
[16:28:50] [INFO] [search_select] typing='DT1811048A' picking='DT1811048A'
[16:28:52] [PASS] [OK] Search & Select: selected 'DT1811048A'
[16:28:52] [PASS] [OK] search_select completed
[16:28:52] [INFO] >> Step 5: Clicking: [ body > jhi-main > div > section > div.app-content > jhi-inventory-adjustment-dialog > div > div > div.pr-0.athma-detail-list-panel.fixed-height-without-header > jhi-inventory-adjustment-dialog-items > div > div.scroll-table-header > table:nth-child(2) > thead > tr:nth-child(2) > th:nth-child(4) > input ]
[16:28:53] [PASS] [OK] click completed
[16:28:53] [INFO] >> Step 6: Clearing: [ body > jhi-main > div > section > div.app-content > jhi-inventory-adjustment-dialog > div > div > div.pr-0.athma-detail-list-panel.fixed-height-without-header > jhi-inventory-adjustment-dialog-items > div > div.scroll-table-header > table:nth-child(2) > thead > tr:nth-child(2) > th:nth-child(4) > input ]
[16:28:53] [PASS] [OK] clear completed
[16:28:53] [INFO] >> Step 7: Typing '10' into: [ body > jhi-main > div > section > div.app-content > jhi-inventory-adjustment-dialog > div > div > div.pr-0.athma-detail-list-panel.fixed-height-without-header > jhi-inventory-adjustment-dialog-items > div > div.scroll-table-header > table:nth-child(2) > thead > tr:nth-child(2) > th:nth-child(4) > input ]
[16:28:53] [PASS] [OK] type completed
[16:28:53] [INFO] >> Step 8: Clicking: [ body > jhi-main > div > section > div.app-content > jhi-inventory-adjustment-dialog > div > div > div.pr-0.athma-detail-list-panel.fixed-height-without-header > jhi-inventory-adjustment-dialog-items > div > div.scroll-table-header > table:nth-child(2) > thead > tr:nth-child(2) > th:nth-child(6) > ng-select > div > div > div.ng-input > input[type=text] ]
[16:28:53] [PASS] [OK] click completed
[16:28:53] [INFO] >> Step 9: Search & Select: type '{{Reason}}' -> pick 'Qty more' in [ body > jhi-main > div > section > div.app-content > jhi-inventory-adjustment-dialog > div > div > div.pr-0.athma-detail-list-panel.fixed-height-without-header > jhi-inventory-adjustment-dialog-items > div > div.scroll-table-header > table:nth-child(2) > thead > tr:nth-child(2) > th:nth-child(6) > ng-select > div > div > div.ng-input > input[type=text] ]
[16:28:53] [INFO] [search_select] typing='Qty more' picking='Qty more'
[16:28:56] [PASS] [OK] Search & Select: selected 'Qty more'
[16:28:56] [PASS] [OK] search_select completed
[16:28:56] [INFO] >> Step 10: Clicking: [ body > jhi-main > div > section > div.app-content > jhi-inventory-adjustment-dialog > div > div > div.pr-0.athma-detail-list-panel.fixed-height-without-header > jhi-inventory-adjustment-dialog-items > div > div.scroll-table-header > table:nth-child(2) > thead > tr:nth-child(2) > th:nth-child(7) > ng-select > div > div > div.ng-input > input[type=text] ]
[16:28:56] [PASS] [OK] click completed
[16:28:56] [INFO] >> Step 11: Search & Select: type '{{Type}}' -> pick 'Positive' in [ body > jhi-main > div > section > div.app-content > jhi-inventory-adjustment-dialog > div > div > div.pr-0.athma-detail-list-panel.fixed-height-without-header > jhi-inventory-adjustment-dialog-items > div > div.scroll-table-header > table:nth-child(2) > thead > tr:nth-child(2) > th:nth-child(7) > ng-select > div > div > div.ng-input > input[type=text] ]
[16:28:56] [INFO] [search_select] typing='Positive' picking='Positive'
[16:28:59] [PASS] [OK] Search & Select: selected 'Positive'
[16:28:59] [PASS] [OK] search_select completed
[16:28:59] [INFO] >> Step 12: Waiting 2000ms
[16:29:01] [PASS] [OK] wait completed
[16:29:01] [INFO] [DATA TABLE] Row 2/3: Item_Name=NIFEDIPINE-TABLET-10MG-DEPIN-, Batch_no=M806154, Qty=11, Reason=Qty more, Type=Positive
[16:29:01] [INFO] >> Step 1: Clicking: [ #add-item-searchbox ]
[16:29:02] [PASS] [OK] click completed
[16:29:02] [INFO] >> Step 2: Search & Select: type '{{Item_Name}}' -> pick 'NIFEDIPINE-TABLET-10MG-DEPIN-' in [ #add-item-searchbox ]
[16:29:02] [INFO] [search_select] typing='NIFEDIPINE-TABLET-10MG-DEPIN-' picking='NIFEDIPINE-TABLET-10MG-DEPIN-'
[16:29:05] [PASS] [OK] Search & Select: selected 'NIFEDIPINE-TABLET-10MG-DEPIN-'
[16:29:05] [PASS] [OK] search_select completed
[16:29:05] [INFO] >> Step 3: Clicking: [ body > jhi-main > div > section > div.app-content > jhi-inventory-adjustment-dialog > div > div > div.pr-0.athma-detail-list-panel.fixed-height-without-header > jhi-inventory-adjustment-dialog-items > div > div.scroll-table-header > table:nth-child(2) > thead > tr:nth-child(2) > th:nth-child(2) > ng-select ]
[16:29:05] [PASS] [OK] click completed
[16:29:05] [INFO] >> Step 4: Search & Select: type '{{Batch_no}}' -> pick 'M806154' in [ body > jhi-main > div > section > div.app-content > jhi-inventory-adjustment-dialog > div > div > div.pr-0.athma-detail-list-panel.fixed-height-without-header > jhi-inventory-adjustment-dialog-items > div > div.scroll-table-header > table:nth-child(2) > thead > tr:nth-child(2) > th:nth-child(2) > ng-select ]
[16:29:05] [INFO] [search_select] typing='M806154' picking='M806154'
[16:29:08] [PASS] [OK] Search & Select: selected 'M806154'
[16:29:08] [PASS] [OK] search_select completed
[16:29:08] [INFO] >> Step 5: Clicking: [ body > jhi-main > div > section > div.app-content > jhi-inventory-adjustment-dialog > div > div > div.pr-0.athma-detail-list-panel.fixed-height-without-header > jhi-inventory-adjustment-dialog-items > div > div.scroll-table-header > table:nth-child(2) > thead > tr:nth-child(2) > th:nth-child(4) > input ]
[16:29:08] [PASS] [OK] click completed
[16:29:08] [INFO] >> Step 6: Clearing: [ body > jhi-main > div > section > div.app-content > jhi-inventory-adjustment-dialog > div > div > div.pr-0.athma-detail-list-panel.fixed-height-without-header > jhi-inventory-adjustment-dialog-items > div > div.scroll-table-header > table:nth-child(2) > thead > tr:nth-child(2) > th:nth-child(4) > input ]
[16:29:08] [PASS] [OK] clear completed
[16:29:08] [INFO] >> Step 7: Typing '11' into: [ body > jhi-main > div > section > div.app-content > jhi-inventory-adjustment-dialog > div > div > div.pr-0.athma-detail-list-panel.fixed-height-without-header > jhi-inventory-adjustment-dialog-items > div > div.scroll-table-header > table:nth-child(2) > thead > tr:nth-child(2) > th:nth-child(4) > input ]
[16:29:08] [PASS] [OK] type completed
[16:29:08] [INFO] >> Step 8: Clicking: [ body > jhi-main > div > section > div.app-content > jhi-inventory-adjustment-dialog > div > div > div.pr-0.athma-detail-list-panel.fixed-height-without-header > jhi-inventory-adjustment-dialog-items > div > div.scroll-table-header > table:nth-child(2) > thead > tr:nth-child(2) > th:nth-child(6) > ng-select > div > div > div.ng-input > input[type=text] ]
[16:29:09] [PASS] [OK] click completed
[16:29:09] [INFO] >> Step 9: Search & Select: type '{{Reason}}' -> pick 'Qty more' in [ body > jhi-main > div > section > div.app-content > jhi-inventory-adjustment-dialog > div > div > div.pr-0.athma-detail-list-panel.fixed-height-without-header > jhi-inventory-adjustment-dialog-items > div > div.scroll-table-header > table:nth-child(2) > thead > tr:nth-child(2) > th:nth-child(6) > ng-select > div > div > div.ng-input > input[type=text] ]
[16:29:09] [INFO] [search_select] typing='Qty more' picking='Qty more'
[16:29:12] [PASS] [OK] Search & Select: selected 'Qty more'
[16:29:12] [PASS] [OK] search_select completed
[16:29:12] [INFO] >> Step 10: Clicking: [ body > jhi-main > div > section > div.app-content > jhi-inventory-adjustment-dialog > div > div > div.pr-0.athma-detail-list-panel.fixed-height-without-header > jhi-inventory-adjustment-dialog-items > div > div.scroll-table-header > table:nth-child(2) > thead > tr:nth-child(2) > th:nth-child(7) > ng-select > div > div > div.ng-input > input[type=text] ]
[16:29:12] [PASS] [OK] click completed
[16:29:12] [INFO] >> Step 11: Search & Select: type '{{Type}}' -> pick 'Positive' in [ body > jhi-main > div > section > div.app-content > jhi-inventory-adjustment-dialog > div > div > div.pr-0.athma-detail-list-panel.fixed-height-without-header > jhi-inventory-adjustment-dialog-items > div > div.scroll-table-header > table:nth-child(2) > thead > tr:nth-child(2) > th:nth-child(7) > ng-select > div > div > div.ng-input > input[type=text] ]
[16:29:12] [INFO] [search_select] typing='Positive' picking='Positive'
[16:29:15] [PASS] [OK] Search & Select: selected 'Positive'
[16:29:15] [PASS] [OK] search_select completed
[16:29:15] [INFO] >> Step 12: Waiting 2000ms
[16:29:17] [PASS] [OK] wait completed
[16:29:17] [INFO] [DATA TABLE] Row 3/3: Item_Name=AMOXICILLIN+CLAVULANIC ACID-TABLET-250MG+125MG-NOVAMOX CV-, Batch_no=KO80224, Qty=12, Reason=Qty more, Type=Positive
[16:29:17] [INFO] >> Step 1: Clicking: [ #add-item-searchbox ]
[16:29:18] [PASS] [OK] click completed
[16:29:18] [INFO] >> Step 2: Search & Select: type '{{Item_Name}}' -> pick 'AMOXICILLIN+CLAVULANIC ACID-TABLET-250MG+125MG-NOVAMOX CV-' in [ #add-item-searchbox ]
[16:29:18] [INFO] [search_select] typing='AMOXICILLIN+CLAVULANIC ACID-TABLET-250MG+125MG-NOVAMOX CV-' picking='AMOXICILLIN+CLAVULANIC ACID-TABLET-250MG+125MG-NOVAMOX CV-'
[16:29:23] [PASS] [OK] Search & Select: selected 'AMOXICILLIN+CLAVULANIC ACID-TABLET-250MG+125MG-NOVAMOX CV-'
[16:29:23] [PASS] [OK] search_select completed
[16:29:23] [INFO] >> Step 3: Clicking: [ body > jhi-main > div > section > div.app-content > jhi-inventory-adjustment-dialog > div > div > div.pr-0.athma-detail-list-panel.fixed-height-without-header > jhi-inventory-adjustment-dialog-items > div > div.scroll-table-header > table:nth-child(2) > thead > tr:nth-child(2) > th:nth-child(2) > ng-select ]
[16:29:23] [PASS] [OK] click completed
[16:29:23] [INFO] >> Step 4: Search & Select: type '{{Batch_no}}' -> pick 'KO80224' in [ body > jhi-main > div > section > div.app-content > jhi-inventory-adjustment-dialog > div > div > div.pr-0.athma-detail-list-panel.fixed-height-without-header > jhi-inventory-adjustment-dialog-items > div > div.scroll-table-header > table:nth-child(2) > thead > tr:nth-child(2) > th:nth-child(2) > ng-select ]
[16:29:23] [INFO] [search_select] typing='KO80224' picking='KO80224'
[16:29:26] [PASS] [OK] Search & Select: selected 'KO80224'
[16:29:26] [PASS] [OK] search_select completed
[16:29:26] [INFO] >> Step 5: Clicking: [ body > jhi-main > div > section > div.app-content > jhi-inventory-adjustment-dialog > div > div > div.pr-0.athma-detail-list-panel.fixed-height-without-header > jhi-inventory-adjustment-dialog-items > div > div.scroll-table-header > table:nth-child(2) > thead > tr:nth-child(2) > th:nth-child(4) > input ]
[16:29:26] [PASS] [OK] click completed
[16:29:26] [INFO] >> Step 6: Clearing: [ body > jhi-main > div > section > div.app-content > jhi-inventory-adjustment-dialog > div > div > div.pr-0.athma-detail-list-panel.fixed-height-without-header > jhi-inventory-adjustment-dialog-items > div > div.scroll-table-header > table:nth-child(2) > thead > tr:nth-child(2) > th:nth-child(4) > input ]
[16:29:26] [PASS] [OK] clear completed
[16:29:26] [INFO] >> Step 7: Typing '12' into: [ body > jhi-main > div > section > div.app-content > jhi-inventory-adjustment-dialog > div > div > div.pr-0.athma-detail-list-panel.fixed-height-without-header > jhi-inventory-adjustment-dialog-items > div > div.scroll-table-header > table:nth-child(2) > thead > tr:nth-child(2) > th:nth-child(4) > input ]
[16:29:26] [PASS] [OK] type completed
[16:29:26] [INFO] >> Step 8: Clicking: [ body > jhi-main > div > section > div.app-content > jhi-inventory-adjustment-dialog > div > div > div.pr-0.athma-detail-list-panel.fixed-height-without-header > jhi-inventory-adjustment-dialog-items > div > div.scroll-table-header > table:nth-child(2) > thead > tr:nth-child(2) > th:nth-child(6) > ng-select > div > div > div.ng-input > input[type=text] ]
[16:29:27] [PASS] [OK] click completed
[16:29:27] [INFO] >> Step 9: Search & Select: type '{{Reason}}' -> pick 'Qty more' in [ body > jhi-main > div > section > div.app-content > jhi-inventory-adjustment-dialog > div > div > div.pr-0.athma-detail-list-panel.fixed-height-without-header > jhi-inventory-adjustment-dialog-items > div > div.scroll-table-header > table:nth-child(2) > thead > tr:nth-child(2) > th:nth-child(6) > ng-select > div > div > div.ng-input > input[type=text] ]
[16:29:27] [INFO] [search_select] typing='Qty more' picking='Qty more'
[16:29:30] [PASS] [OK] Search & Select: selected 'Qty more'
[16:29:30] [PASS] [OK] search_select completed
[16:29:30] [INFO] >> Step 10: Clicking: [ body > jhi-main > div > section > div.app-content > jhi-inventory-adjustment-dialog > div > div > div.pr-0.athma-detail-list-panel.fixed-height-without-header > jhi-inventory-adjustment-dialog-items > div > div.scroll-table-header > table:nth-child(2) > thead > tr:nth-child(2) > th:nth-child(7) > ng-select > div > div > div.ng-input > input[type=text] ]
[16:29:30] [PASS] [OK] click completed
[16:29:30] [INFO] >> Step 11: Search & Select: type '{{Type}}' -> pick 'Positive' in [ body > jhi-main > div > section > div.app-content > jhi-inventory-adjustment-dialog > div > div > div.pr-0.athma-detail-list-panel.fixed-height-without-header > jhi-inventory-adjustment-dialog-items > div > div.scroll-table-header > table:nth-child(2) > thead > tr:nth-child(2) > th:nth-child(7) > ng-select > div > div > div.ng-input > input[type=text] ]
[16:29:30] [INFO] [search_select] typing='Positive' picking='Positive'
[16:29:33] [PASS] [OK] Search & Select: selected 'Positive'
[16:29:33] [PASS] [OK] search_select completed
[16:29:33] [INFO] >> Step 12: Waiting 2000ms
[16:29:35] [PASS] [OK] wait completed
[16:29:35] [INFO] >> Step 32: Clicking: [ body > jhi-main > div > section > div.app-content > jhi-inventory-adjustment-dialog > div > div > div.pr-0.athma-detail-list-panel.fixed-height-without-header > jhi-inventory-adjustment-action-bar > div > div.col-sm-8.text-right.pad-right-4 > button.athma-btn.athma-btn-priamry-outline ]
[16:29:36] [PASS] [OK] click completed
[16:29:36] [INFO] >> Step 33: Waiting for element: [ #doneBtn ]
[16:29:37] [PASS] [OK] wait_for_selector completed
[16:29:37] [INFO] >> Step 34: Clicking: [ #doneBtn ]
[16:29:37] [PASS] [OK] click completed
[16:29:37] [INFO] >> Step 35: Search & Select: type 'Administrator' -> pick 'Administrator' in [ body > jhi-main > div > section > div.app-content > jhi-inventory-adjustment-dialog > div > div > div.pl-0.athma-detail-form-panel > jhi-inventory-adjustment-dialog-header > div > div > div:nth-child(2) > div.preview-form-body-segment.border-0 > form > div:nth-child(1) > div > div > ng-select > div > div > div.ng-input > input[type=text] ]
[16:29:37] [INFO] [search_select] typing='Administrator' picking='Administrator'
[16:29:40] [PASS] [OK] Search & Select: selected 'Administrator'
[16:29:40] [PASS] [OK] search_select completed
[16:29:40] [INFO] >> Step 36: Clicking: [ body > jhi-main > div > section > div.app-content > jhi-inventory-adjustment-dialog > div > div > div.pr-0.athma-detail-list-panel.fixed-height-without-header > jhi-inventory-adjustment-action-bar > div > div.col-sm-8.text-right.pad-right-4 > button.athma-btn.athma-btn-priamry ]
[16:29:41] [PASS] [OK] click completed
[16:29:41] [INFO] >> Step 37: Waiting for element: [ #doneBtn ]
[16:29:41] [PASS] [OK] wait_for_selector completed
[16:29:41] [INFO] >> Step 38: Clicking: [ #doneBtn ]
[16:29:42] [PASS] [OK] click completed
[16:29:42] [INFO] >> Step 39: Waiting 1000ms
[16:29:43] [PASS] [OK] wait completed
[16:29:43] [INFO] >> Step 40: Clicking: [ body > jhi-main > div > section > div.app-content > jhi-inventory-adjustment-dialog > div > div > div.pr-0.athma-detail-list-panel.fixed-height-without-header > jhi-inventory-adjustment-action-bar > div > div.col-sm-8.text-right.pad-right-4 > button.athma-btn.athma-btn-priamry ]
[16:29:43] [PASS] [OK] click completed
[16:29:43] [INFO] >> Step 41: Waiting for element: [ body > jhi-main > div > section > div.app-content > jhi-inventory-adjustment-dialog > div > div > div.pr-0.athma-detail-list-panel.fixed-height-without-header > jhi-inventory-adjustment-action-bar > div > div.col-sm-8.text-right.pad-right-4 > button.athma-btn.athma-btn-priamry ]
[16:29:43] [PASS] [OK] wait_for_selector completed
[16:29:43] [INFO] >> Step 42: Clicking: [ body > jhi-main > div > section > div.app-content > jhi-inventory-adjustment-dialog > div > div > div.pr-0.athma-detail-list-panel.fixed-height-without-header > jhi-inventory-adjustment-action-bar > div > div.col-sm-8.text-right.pad-right-4 > button.athma-btn.athma-btn-priamry ]
[16:29:44] [PASS] [OK] click completed
[16:29:44] [INFO] >> Step 43: Waiting for element: [ #doneBtn ]
[16:29:44] [PASS] [OK] wait_for_selector completed
[16:29:44] [INFO] >> Step 44: Clicking: [ #doneBtn ]
[16:29:45] [PASS] [OK] click completed
[16:29:45] [INFO] >> Step 45: Waiting for element: [ body > jhi-main > div > section > div.app-content > jhi-inventory-adjustment-dialog > div > div > div.pr-0.athma-detail-list-panel.fixed-height-without-header > jhi-inventory-adjustment-action-bar > div > div.col-sm-8.text-right.pad-right-4 > button.athma-btn.athma-btn-priamry ]
[16:29:45] [PASS] [OK] wait_for_selector completed
[16:29:45] [INFO] >> Step 46: Clicking: [ body > jhi-main > div > section > div.app-content > jhi-inventory-adjustment-dialog > div > div > div.pr-0.athma-detail-list-panel.fixed-height-without-header > jhi-inventory-adjustment-action-bar > div > div.col-sm-8.text-right.pad-right-4 > button.athma-btn.athma-btn-priamry ]
[16:29:46] [PASS] [OK] click completed
[16:29:46] [INFO] >> Step 47: Waiting for element: [ body > jhi-main > div > section > div.app-content > jhi-inventory-adjustment-dialog > div > div > div.pr-0.athma-detail-list-panel.fixed-height-without-header > jhi-inventory-adjustment-action-bar > div > div.col-sm-8.text-right.pad-right-4 > button.athma-btn.athma-btn-priamry ]
[16:29:46] [PASS] [OK] wait_for_selector completed
[16:29:46] [INFO] >> Step 48: Clicking: [ body > jhi-main > div > section > div.app-content > jhi-inventory-adjustment-dialog > div > div > div.pr-0.athma-detail-list-panel.fixed-height-without-header > jhi-inventory-adjustment-action-bar > div > div.col-sm-8.text-right.pad-right-4 > button.athma-btn.athma-btn-priamry ]
[16:29:46] [PASS] [OK] click completed
[16:29:46] [INFO] [OK] PASSED -- 70/70 steps in 92252ms
