[16:37:43] [INFO] >> [async_runner] Starting run #7678 — Type: ui, Browser: chrome
[16:37:45] [INFO] [pool] Acquiring browser context from shared pool...
[16:37:49] [INFO] >> Step 1: Navigating to URL: https://sqa.narayanahealth.org/
[16:37:58] [PASS] [OK] navigate completed
[16:37:58] [INFO] >> Step 2: Clicking: [ #username ]
[16:37:59] [PASS] [OK] click completed
[16:37:59] [INFO] >> Step 3: Typing '337800' into: [ #username ]
[16:37:59] [PASS] [OK] type completed
[16:37:59] [INFO] >> Step 4: Clicking: [ #password ]
[16:37:59] [PASS] [OK] click completed
[16:37:59] [INFO] >> Step 5: Typing 'admin' into: [ #password ]
[16:37:59] [PASS] [OK] type completed
[16:37:59] [INFO] >> Step 6: Clicking: [ body > app-root > div > section > div.app-content > jhi-home > div > div > form:nth-child(2) > div.col-12 > button ]
[16:38:00] [PASS] [OK] click completed
[16:38:00] [INFO] >> Step 7: Waiting 2000ms
[16:38:02] [PASS] [OK] wait completed
[16:38:02] [INFO] >> Step 8: Pressing key '.' on: [ body ]
[16:38:02] [PASS] [OK] press completed
[16:38:02] [INFO] >> Step 9: Typing 'Direct' into: [ get_by_role("textbox", name="Search") ]
[16:38:03] [PASS] [OK] type completed
[16:38:03] [INFO] >> Step 10: Clicking: [ get_by_role("link", name="Direct Transfer Inventory") ]
[16:38:03] [PASS] [OK] click completed
[16:38:04] [INFO] >> Step 11: Waiting for element: [ body > jhi-main > div > section > div.app-content > header > jhi-navbar > nav > div.jh-logo-container.float-left.col-6.pl-0 > a.navbar-brand.logo.float-left > span.navbar-version ]
[16:38:11] [PASS] [OK] wait_for_selector completed
[16:38:11] [INFO] >> Step 12: Clicking: [ get_by_role("button", name="Create New") ]
[16:38:12] [PASS] [OK] click completed
[16:38:12] [INFO] >> Step 13: Clicking: [ #indentStoreInput ]
[16:38:13] [PASS] [OK] click completed
[16:38:13] [INFO] >> Step 14: Clearing: [ #indentStoreInput ]
[16:38:13] [PASS] [OK] clear completed
[16:38:13] [INFO] >> Step 15: Search & Select: type '157-MS1' -> pick 'Main Store-Raipur' in [ #indentStoreInput ]
[16:38:13] [INFO] [search_select] typing='157-MS1' picking='Main Store-Raipur'
[16:38:15] [PASS] [OK] Search & Select: selected 'Main Store-Raipur'
[16:38:15] [PASS] [OK] search_select completed
[16:38:16] [INFO] >> Step 16: Clicking: [ body > ngb-modal-window > div > div > store-selector > div.modal-body > ng-select > div > div > div.ng-input > input[type=text] ]
[16:38:16] [PASS] [OK] click completed
[16:38:16] [INFO] >> Step 17: Clearing: [ body > ngb-modal-window > div > div > store-selector > div.modal-body > ng-select > div > div > div.ng-input > input[type=text] ]
[16:38:16] [PASS] [OK] clear completed
[16:38:16] [INFO] >> Step 18: Search & Select: type 'IP Pharmacy-Raipur' -> pick 'IP Pharmacy-Raipur' in [ body > ngb-modal-window > div > div > store-selector > div.modal-body > ng-select > div > div > div.ng-input > input[type=text] ]
[16:38:16] [INFO] [search_select] typing='IP Pharmacy-Raipur' picking='IP Pharmacy-Raipur'
[16:38:19] [PASS] [OK] Search & Select: selected 'IP Pharmacy-Raipur'
[16:38:19] [PASS] [OK] search_select completed
[16:38:19] [INFO] >> Step 19: Clicking: [ #btnNext ]
[16:38:20] [PASS] [OK] click completed
[16:38:20] [INFO] >> Step 20: Waiting for element: [ #itemInput ]
[16:38:20] [PASS] [OK] wait_for_selector completed
[16:38:20] [INFO] [DATA TABLE] 3 row(s), columns: ['Item_name', 'Qty', 'batch_no']
[16:38:20] [INFO] [DATA TABLE] Row 1/3: Item_name=PARACETAMOL-TABLET-750MG-P 750-, Qty=2, batch_no=batch main
[16:38:20] [INFO] >> Step 1: Clicking: [ #itemInput ]
[16:38:20] [PASS] [OK] click completed
[16:38:20] [INFO] >> Step 2: Search & Select: type '{{Item_name}}' -> pick 'PARACETAMOL-TABLET-750MG-P 750-' in [ #itemInput ]
[16:38:20] [INFO] [search_select] typing='PARACETAMOL-TABLET-750MG-P 750-' picking='PARACETAMOL-TABLET-750MG-P 750-'
[16:38:23] [PASS] [OK] Search & Select: selected 'PARACETAMOL-TABLET-750MG-P 750-'
[16:38:23] [PASS] [OK] search_select completed
[16:38:23] [INFO] >> Step 3: Search & Select: type '{{batch_no}}' -> pick 'batch main' in [ #qty_head > div > div > div.ng-input > input[type=text] ]
[16:38:23] [INFO] [search_select] typing='batch main' picking='batch main'
[16:38:26] [PASS] [OK] Search & Select: selected 'batch main'
[16:38:26] [PASS] [OK] search_select completed
[16:38:26] [INFO] >> Step 4: Clicking: [ #header-qty ]
[16:38:27] [PASS] [OK] click completed
[16:38:27] [INFO] >> Step 5: Typing '2' into: [ #header-qty ]
[16:38:27] [PASS] [OK] type completed
[16:38:27] [INFO] >> Step 6: Pressing key 'Enter' on: [ #header-qty ]
[16:38:27] [PASS] [OK] press completed
[16:38:27] [INFO] [DATA TABLE] Row 2/3: Item_name=FUROSEMIDE-INJECTION-10MG/ML(4ML)-LASIX-, Qty=4, batch_no=2119077
[16:38:27] [INFO] >> Step 1: Clicking: [ #itemInput ]
[16:38:27] [PASS] [OK] click completed
[16:38:27] [INFO] >> Step 2: Search & Select: type '{{Item_name}}' -> pick 'FUROSEMIDE-INJECTION-10MG/ML(4ML)-LASIX-' in [ #itemInput ]
[16:38:27] [INFO] [search_select] typing='FUROSEMIDE-INJECTION-10MG/ML(4ML)-LASIX-' picking='FUROSEMIDE-INJECTION-10MG/ML(4ML)-LASIX-'
[16:38:31] [PASS] [OK] Search & Select: selected 'FUROSEMIDE-INJECTION-10MG/ML(4ML)-LASIX-'
[16:38:31] [PASS] [OK] search_select completed
[16:38:31] [INFO] >> Step 3: Search & Select: type '{{batch_no}}' -> pick '2119077' in [ #qty_head > div > div > div.ng-input > input[type=text] ]
[16:38:31] [INFO] [search_select] typing='2119077' picking='2119077'
[16:38:33] [PASS] [OK] Search & Select: selected '2119077'
[16:38:33] [PASS] [OK] search_select completed
[16:38:33] [INFO] >> Step 4: Clicking: [ #header-qty ]
[16:38:34] [PASS] [OK] click completed
[16:38:34] [INFO] >> Step 5: Typing '4' into: [ #header-qty ]
[16:38:34] [PASS] [OK] type completed
[16:38:34] [INFO] >> Step 6: Pressing key 'Enter' on: [ #header-qty ]
[16:38:34] [PASS] [OK] press completed
[16:38:34] [INFO] [DATA TABLE] Row 3/3: Item_name=PANTOPRAZOLE-TABLET-40MG-PAN-, Qty=6, batch_no=19440364
[16:38:34] [INFO] >> Step 1: Clicking: [ #itemInput ]
[16:38:35] [PASS] [OK] click completed
[16:38:35] [INFO] >> Step 2: Search & Select: type '{{Item_name}}' -> pick 'PANTOPRAZOLE-TABLET-40MG-PAN-' in [ #itemInput ]
[16:38:35] [INFO] [search_select] typing='PANTOPRAZOLE-TABLET-40MG-PAN-' picking='PANTOPRAZOLE-TABLET-40MG-PAN-'
[16:38:38] [PASS] [OK] Search & Select: selected 'PANTOPRAZOLE-TABLET-40MG-PAN-'
[16:38:38] [PASS] [OK] search_select completed
[16:38:38] [INFO] >> Step 3: Search & Select: type '{{batch_no}}' -> pick '19440364' in [ #qty_head > div > div > div.ng-input > input[type=text] ]
[16:38:38] [INFO] [search_select] typing='19440364' picking='19440364'
[16:38:40] [PASS] [OK] Search & Select: selected '19440364'
[16:38:40] [PASS] [OK] search_select completed
[16:38:41] [INFO] >> Step 4: Clicking: [ #header-qty ]
[16:38:41] [PASS] [OK] click completed
[16:38:41] [INFO] >> Step 5: Typing '6' into: [ #header-qty ]
[16:38:41] [PASS] [OK] type completed
[16:38:41] [INFO] >> Step 6: Pressing key 'Enter' on: [ #header-qty ]
[16:38:41] [PASS] [OK] press completed
[16:38:41] [INFO] >> Step 29: Waiting 1000ms
[16:38:42] [PASS] [OK] wait completed
[16:38:42] [INFO] >> Step 30: Clicking: [ get_by_role("button", name="Save") ]
[16:38:43] [PASS] [OK] click completed
[16:38:43] [INFO] >> Step 31: Waiting 2000ms
[16:38:45] [PASS] [OK] wait completed
[16:38:45] [INFO] >> Step 32: Clicking: [ #btnDone ]
[16:38:46] [PASS] [OK] click completed
[16:38:46] [INFO] >> Step 33: Clicking: [ get_by_role("button", name="Send for Approval") ]
[16:38:46] [PASS] [OK] click completed
[16:38:46] [INFO] >> Step 34: Waiting for element: [ #btnDone ]
[16:38:47] [PASS] [OK] wait_for_selector completed
[16:38:47] [INFO] >> Step 35: Clicking: [ #btnDone ]
[16:38:48] [PASS] [OK] click completed
[16:38:48] [INFO] >> Step 36: store_text -- body > jhi-main > div > section > div.app-content > jhi-stock-issue-dialog > div > div > div.pl-0.athma-detail-form-panel > div > div.preview-form-header > h5 > span
[16:38:48] [PASS] [OK] Stored 'STR-1754-2600789' → {{Direct_transfer}}
[16:38:48] [INFO] >> Step 37: Waiting 2000ms
[16:38:50] [PASS] [OK] wait completed
[16:38:50] [INFO] >> Step 38: Clicking: [ get_by_role("button", name="Claim") ]
[16:38:50] [PASS] [OK] click completed
[16:38:50] [INFO] >> Step 39: Waiting 2000ms
[16:38:52] [PASS] [OK] wait completed
[16:38:53] [INFO] >> Step 40: Clicking: [ text="Approve" ]
[16:38:53] [PASS] [OK] click completed
[16:38:53] [INFO] >> Step 41: Clicking: [ #btnDone ]
[16:38:55] [PASS] [OK] click completed
[16:38:55] [INFO] >> Step 42: Clicking: [ body > jhi-main > div > section > div.app-content > jhi-stock-issue-dialog > div > div > div.pr-0.athma-detail-list-panel.fixed-height-without-header > stock-issue-button > div > div.col-sm-8.text-right.pad-right-4 > button ]
[16:38:56] [PASS] [OK] click completed
[16:38:56] [INFO] >> Step 43: Waiting 2000ms
[16:38:58] [PASS] [OK] wait completed
[16:38:58] [INFO] >> Step 44: Clicking: [ #list-header-search-input ]
[16:38:58] [PASS] [OK] click completed
[16:38:58] [INFO] >> Step 45: Clicking: [ #inputDebounce ]
[16:38:59] [PASS] [OK] click completed
[16:38:59] [INFO] >> Step 46: press_sequentially -- #inputDebounce
[16:39:00] [INFO] [press_sequentially] filled and waited for debounce: 'STR-1754-2600789'
[16:39:00] [PASS] [OK] press_sequentially completed
[16:39:00] [PASS] [OK] call_test: 'Direct_Transfer' done
[16:39:00] [INFO] >> Step 2: Clicking: [ #sidebar-wrapper > div > div > div > div > svg ]
[16:39:01] [PASS] [OK] click completed
[16:39:02] [INFO] >> Step 3: Waiting for URL to contain: 'https://sqa.narayanahealth.org/home-page'
[16:39:02] [PASS] [OK] wait_for_url completed
[16:39:04] [INFO] >> Step 4: Waiting 3000ms
[16:39:07] [PASS] [OK] wait completed
[16:39:07] [INFO] >> Step 5: Pressing key '.' on: [ body ]
[16:39:07] [PASS] [OK] press completed
[16:39:07] [INFO] >> Step 6: Waiting 5000ms
[16:39:13] [PASS] [OK] wait completed
[16:39:13] [INFO] >> Step 7: press_sequentially -- get_by_role("textbox", name="Search")
[16:39:14] [INFO] [press_sequentially] filled and waited for debounce: 'receipt'
[16:39:14] [PASS] [OK] press_sequentially completed
[16:39:14] [INFO] >> Step 8: Waiting 1000ms
[16:39:15] [PASS] [OK] wait completed
[16:39:15] [INFO] >> Step 9: Clicking: [ get_by_role("link", name="Receipt Inventory") ]
[16:39:16] [PASS] [OK] click completed
[16:39:17] [INFO] >> Step 10: Waiting 3000ms
[16:39:20] [PASS] [OK] wait completed
[16:39:20] [INFO] >> Step 11: Clicking: [ body > jhi-main > div > section > div.app-content > jhi-stock-receipt > athma-page-header > div > athma-tabs-header > section > div.row.align-items-center > div.col-sm-8 > ul > li:nth-child(2) > a > span:nth-child(1) ]
[16:39:21] [PASS] [OK] click completed
[16:39:21] [INFO] >> Step 12: Clicking: [ #inputDebounce ]
[16:39:22] [PASS] [OK] click completed
[16:39:22] [INFO] >> Step 13: press_sequentially -- #inputDebounce
[16:39:23] [INFO] [press_sequentially] filled and waited for debounce: 'STR-1754-2600789'
[16:39:23] [PASS] [OK] press_sequentially completed
[16:39:23] [INFO] >> Step 14: Waiting 1000ms
[16:39:24] [PASS] [OK] wait completed
[16:39:24] [INFO] >> Step 15: Clicking: [ get_by_text("STR-1754-2600789") ]
[16:39:25] [PASS] [OK] click completed
[16:39:25] [INFO] >> Step 16: Waiting 2001ms
[16:39:27] [PASS] [OK] wait completed
[16:39:27] [INFO] >> Step 17: Clicking: [ get_by_role("button", name="Open") ]
[16:39:27] [PASS] [OK] click completed
[16:39:27] [INFO] >> Step 18: Waiting for element: [ body > jhi-main > div > section > div.app-content > jhi-stock-receipt-dialog > div > div > div.pr-0.athma-detail-list-panel.fixed-height-without-header > div > div.scroll-table-header > table > thead > tr > th:nth-child(2) > div > div.input-group.athma-input-group-container > button > i ]
[16:39:28] [PASS] [OK] wait_for_selector completed
[16:39:28] [INFO] [DATA TABLE] 3 row(s), columns: ['receipt_item', 'Recipt_qty', 'Receipt_reject_Qty', 'Reject_reson']
[16:39:28] [INFO] [DATA TABLE] Row 1/3: receipt_item=PARACETAMOL-TABLET-750MG-P 750-, Recipt_qty=0, Receipt_reject_Qty=2, Reject_reson=Item is damaged
[16:39:28] [INFO] >> Step 1: table_action -- body > jhi-main > div > section > div.app-content > jhi-stock-receipt-dialog > div > div > div.pr-0.athma-detail-list-panel.fixed-height-without-header > div > div.scroll-table-body.ps > table
[16:39:33] [PASS] [OK] table_action completed
[16:39:33] [INFO] >> Step 2: table_action -- body > jhi-main > div > section > div.app-content > jhi-stock-receipt-dialog > div > div > div.pr-0.athma-detail-list-panel.fixed-height-without-header > div > div.scroll-table-body.ps > table
[16:39:38] [PASS] [OK] table_action completed
[16:39:39] [INFO] >> Step 3: table_action -- body > jhi-main > div > section > div.app-content > jhi-stock-receipt-dialog > div > div > div.pr-0.athma-detail-list-panel.fixed-height-without-header > div > div.scroll-table-body.ps > table
[16:39:39] [PASS] [OK] table_action completed
[16:39:39] [INFO] [DATA TABLE] Row 2/3: receipt_item=FUROSEMIDE-INJECTION-10MG/ML(4ML)-LASIX-, Recipt_qty=0, Receipt_reject_Qty=4, Reject_reson=Expired or expiry date is less than 30 days
[16:39:39] [INFO] >> Step 1: table_action -- body > jhi-main > div > section > div.app-content > jhi-stock-receipt-dialog > div > div > div.pr-0.athma-detail-list-panel.fixed-height-without-header > div > div.scroll-table-body.ps > table
[16:39:44] [PASS] [OK] table_action completed
[16:39:44] [INFO] >> Step 2: table_action -- body > jhi-main > div > section > div.app-content > jhi-stock-receipt-dialog > div > div > div.pr-0.athma-detail-list-panel.fixed-height-without-header > div > div.scroll-table-body.ps > table
[16:39:49] [PASS] [OK] table_action completed
[16:39:49] [INFO] >> Step 3: table_action -- body > jhi-main > div > section > div.app-content > jhi-stock-receipt-dialog > div > div > div.pr-0.athma-detail-list-panel.fixed-height-without-header > div > div.scroll-table-body.ps > table
[16:39:49] [PASS] [OK] table_action completed
[16:39:49] [INFO] [DATA TABLE] Row 3/3: receipt_item=PANTOPRAZOLE-TABLET-40MG-PAN-, Recipt_qty=0, Receipt_reject_Qty=6, Reject_reson=Not received
[16:39:49] [INFO] >> Step 1: table_action -- body > jhi-main > div > section > div.app-content > jhi-stock-receipt-dialog > div > div > div.pr-0.athma-detail-list-panel.fixed-height-without-header > div > div.scroll-table-body.ps > table
[16:39:54] [PASS] [OK] table_action completed
[16:39:54] [INFO] >> Step 2: table_action -- body > jhi-main > div > section > div.app-content > jhi-stock-receipt-dialog > div > div > div.pr-0.athma-detail-list-panel.fixed-height-without-header > div > div.scroll-table-body.ps > table
[16:39:59] [PASS] [OK] table_action completed
[16:39:59] [INFO] >> Step 3: table_action -- body > jhi-main > div > section > div.app-content > jhi-stock-receipt-dialog > div > div > div.pr-0.athma-detail-list-panel.fixed-height-without-header > div > div.scroll-table-body.ps > table
[16:39:59] [PASS] [OK] table_action completed
[16:39:59] [INFO] >> Step 24: Clicking: [ get_by_role("button", name="Send for Approval") ]
[16:40:00] [PASS] [OK] click completed
[16:40:00] [INFO] >> Step 25: Waiting 2000ms
[16:40:02] [PASS] [OK] wait completed
[16:40:02] [INFO] >> Step 26: Clicking: [ #btnDone ]
[16:40:02] [PASS] [OK] click completed
[16:40:02] [INFO] >> Step 27: Waiting 2000ms
[16:40:04] [PASS] [OK] wait completed
[16:40:04] [INFO] >> Step 28: Clicking: [ get_by_role("button", name="Claim") ]
[16:40:05] [PASS] [OK] click completed
[16:40:05] [INFO] >> Step 29: Waiting 2000ms
[16:40:07] [PASS] [OK] wait completed
[16:40:07] [INFO] >> Step 30: Clicking: [ get_by_role("button", name="Approve") ]
[16:40:08] [PASS] [OK] click completed
[16:40:08] [INFO] >> Step 31: Clicking: [ #btnDone ]
[16:40:09] [PASS] [OK] click completed
[16:40:09] [INFO] >> Step 32: Waiting 2000ms
[16:40:11] [PASS] [OK] wait completed
[16:40:11] [INFO] >> Step 33: store_text -- body > jhi-main > div > section > div.app-content > jhi-stock-receipt-dialog > div > div > div.pl-0.athma-detail-form-panel > div > div.preview-form-header > h5 > span
[16:40:11] [PASS] [OK] Stored 'SRC-D-1754-2601506' → {{Receipt_Number}}
[16:40:11] [INFO] >> Step 34: Waiting 2000ms
[16:40:13] [PASS] [OK] wait completed
[16:40:13] [INFO] >> Step 35: Clicking: [ get_by_role("button", name="Cancel") ]
[16:40:14] [PASS] [OK] click completed
[16:40:14] [INFO] >> Step 36: Waiting for element: [ body > jhi-main > div > section > div.app-content > jhi-stock-receipt > athma-page-header > div > athma-tabs-header > section > div:nth-child(1) > div:nth-child(1) > h2.stock-label-second.receipt-tabs > a ]
[16:40:14] [PASS] [OK] wait_for_selector completed
[16:40:14] [INFO] >> Step 37: Clicking: [ body > jhi-main > div > section > div.app-content > jhi-stock-receipt > athma-page-header > div > athma-tabs-header > section > div:nth-child(1) > div:nth-child(1) > h2.stock-label-second.receipt-tabs > a ]
[16:40:15] [PASS] [OK] click completed
[16:40:15] [INFO] >> Step 38: Clicking: [ body > jhi-main > div > section > div.app-content > jhi-stock-receipt > athma-page-header > div > athma-tabs-header > section > div.row.align-items-center > div.col-sm-8 > ul > li:nth-child(3) > a > span:nth-child(1) ]
[16:40:16] [PASS] [OK] click completed
[16:40:16] [INFO] >> Step 39: Clicking: [ body > jhi-main > div > section > div.app-content > jhi-stock-receipt > div > div > div.si-detail-table > div > table > tbody > tr:nth-child(1) > td:nth-child(1) ]
[16:40:17] [PASS] [OK] click completed
[16:40:17] [INFO] >> Step 40: Clicking: [ get_by_role("button", name="Open") ]
[16:40:17] [PASS] [OK] click completed
[16:40:17] [INFO] >> Step 41: Clicking: [ get_by_role("button", name="Send for Approval") ]
[16:40:18] [PASS] [OK] click completed
[16:40:18] [INFO] >> Step 42: Clicking: [ #btnDone ]
[16:40:19] [PASS] [OK] click completed
[16:40:20] [INFO] >> Step 43: Waiting 1000ms
[16:40:21] [PASS] [OK] wait completed
[16:40:21] [INFO] >> Step 44: Waiting for element: [ body > jhi-main > div > section > div.app-content > jhi-stock-receipt-dialog > div > div > div.pr-0.athma-detail-list-panel.fixed-height-without-header > stock-receipt-button > div > div.col-sm-8.text-right.pad-right-4 > button.athma-btn.athma-btn-priamry-outline ]
[16:40:21] [PASS] [OK] wait_for_selector completed
[16:40:21] [INFO] >> Step 45: Clicking: [ text="Claim" ]
[16:40:22] [PASS] [OK] click completed
[16:40:22] [INFO] >> Step 46: Waiting 1000ms
[16:40:23] [PASS] [OK] wait completed
[16:40:23] [INFO] >> Step 47: Waiting for element: [ body > jhi-main > div > section > div.app-content > jhi-stock-receipt-dialog > div > div > div.pr-0.athma-detail-list-panel.fixed-height-without-header > stock-receipt-button > div > div.col-sm-8.text-right.pad-right-4 > button.pull-right.athma-btn.athma-btn-priamry ]
[16:40:23] [PASS] [OK] wait_for_selector completed
[16:40:23] [INFO] >> Step 48: Clicking: [ get_by_role("button", name="Approve") ]
[16:40:24] [PASS] [OK] click completed
[16:40:24] [INFO] >> Step 49: Clicking: [ #btnDone ]
[16:40:26] [PASS] [OK] click completed
[16:40:26] [INFO] >> Step 50: Clicking: [ get_by_role("button", name="Cancel") ]
[16:40:26] [PASS] [OK] click completed
[16:40:27] [INFO] [OK] PASSED -- 109/109 steps in 161279ms
