[16:31:23] [INFO] >> [async_runner] Starting run #7674 — Type: ui, Browser: chrome
[16:31:25] [INFO] [pool] Acquiring browser context from shared pool...
[16:31:26] [INFO] >> Step 1: Navigating to URL: https://sqa.narayanahealth.org/
[16:31:35] [PASS] [OK] navigate completed
[16:31:35] [INFO] >> Step 2: Clicking: [ #username ]
[16:31:36] [PASS] [OK] click completed
[16:31:36] [INFO] >> Step 3: Typing '337800' into: [ #username ]
[16:31:36] [PASS] [OK] type completed
[16:31:36] [INFO] >> Step 4: Clicking: [ #password ]
[16:31:36] [PASS] [OK] click completed
[16:31:37] [INFO] >> Step 5: Typing 'admin' into: [ #password ]
[16:31:37] [PASS] [OK] type completed
[16:31:37] [INFO] >> Step 6: Clicking: [ body > app-root > div > section > div.app-content > jhi-home > div > div > form:nth-child(2) > div.col-12 > button ]
[16:31:37] [PASS] [OK] click completed
[16:31:37] [INFO] >> Step 7: Waiting 2000ms
[16:31:39] [PASS] [OK] wait completed
[16:31:39] [INFO] >> Step 8: Pressing key '.' on: [ body ]
[16:31:40] [PASS] [OK] press completed
[16:31:40] [INFO] >> Step 9: Typing 'Inventory Adjustment' into: [ get_by_role("textbox", name="Search") ]
[16:31:40] [PASS] [OK] type completed
[16:31:40] [INFO] >> Step 10: Clicking: [ get_by_role("link", name="Inventory Adjustment Inventory") ]
[16:31:41] [PASS] [OK] click completed
[16:31:42] [INFO] >> Step 11: Waiting 4000ms
[16:31:46] [PASS] [OK] wait completed
[16:31:47] [INFO] >> Step 12: Clicking: [ get_by_role("button", name="Create New") ]
[16:31:48] [PASS] [OK] click completed
[16:31:48] [INFO] >> Step 13: Clicking: [ #adjustmentStoreInput ]
[16:31:48] [PASS] [OK] click completed
[16:31:48] [INFO] >> Step 14: Clearing: [ #adjustmentStoreInput ]
[16:31:49] [PASS] [OK] clear completed
[16:31:49] [INFO] >> Step 15: Search & Select: type '157-MS1' -> pick 'Main Store-Raipur' in [ #adjustmentStoreInput ]
[16:31:49] [INFO] [search_select] typing='157-MS1' picking='Main Store-Raipur'
[16:31:51] [PASS] [OK] Search & Select: selected 'Main Store-Raipur'
[16:31:51] [PASS] [OK] search_select completed
[16:31:51] [INFO] >> Step 16: Clicking: [ #continueBtn ]
[16:31:51] [PASS] [OK] click completed
[16:31:51] [INFO] >> Step 17: Waiting 1000ms
[16:31:52] [PASS] [OK] wait completed
[16:31:52] [INFO] [DATA TABLE] 3 row(s), columns: ['Item_Name', 'Batch_no', 'Qty', 'Reason', 'Type']
[16:31:52] [INFO] [DATA TABLE] Row 1/3: Item_Name=FEBUXOSTAT-TABLET-40MG-FABULON-, Batch_no=DT1811048A, Qty=10, Reason=Qty more, Type=Positive
[16:31:52] [INFO] >> Step 1: Clicking: [ #add-item-searchbox ]
[16:31:53] [PASS] [OK] click completed
[16:31:53] [INFO] >> Step 2: Search & Select: type '{{Item_Name}}' -> pick 'FEBUXOSTAT-TABLET-40MG-FABULON-' in [ #add-item-searchbox ]
[16:31:53] [INFO] [search_select] typing='FEBUXOSTAT-TABLET-40MG-FABULON-' picking='FEBUXOSTAT-TABLET-40MG-FABULON-'
[16:31:56] [PASS] [OK] Search & Select: selected 'FEBUXOSTAT-TABLET-40MG-FABULON-'
[16:31:56] [PASS] [OK] search_select completed
[16:31:56] [INFO] >> Step 3: Clicking: [ body > jhi-main > div > section > div.app-content > jhi-inventory-adjustment-dialog > div > div > div.pr-0.athma-detail-list-panel.fixed-height-without-header > jhi-inventory-adjustment-dialog-items > div > div.scroll-table-header > table:nth-child(2) > thead > tr:nth-child(2) > th:nth-child(2) > ng-select ]
[16:31:56] [PASS] [OK] click completed
[16:31:56] [INFO] >> Step 4: Search & Select: type '{{Batch_no}}' -> pick 'DT1811048A' in [ body > jhi-main > div > section > div.app-content > jhi-inventory-adjustment-dialog > div > div > div.pr-0.athma-detail-list-panel.fixed-height-without-header > jhi-inventory-adjustment-dialog-items > div > div.scroll-table-header > table:nth-child(2) > thead > tr:nth-child(2) > th:nth-child(2) > ng-select ]
[16:31:56] [INFO] [search_select] typing='DT1811048A' picking='DT1811048A'
[16:31:59] [PASS] [OK] Search & Select: selected 'DT1811048A'
[16:31:59] [PASS] [OK] search_select completed
[16:31:59] [INFO] >> Step 5: Clicking: [ body > jhi-main > div > section > div.app-content > jhi-inventory-adjustment-dialog > div > div > div.pr-0.athma-detail-list-panel.fixed-height-without-header > jhi-inventory-adjustment-dialog-items > div > div.scroll-table-header > table:nth-child(2) > thead > tr:nth-child(2) > th:nth-child(4) > input ]
[16:31:59] [PASS] [OK] click completed
[16:31:59] [INFO] >> Step 6: Clearing: [ body > jhi-main > div > section > div.app-content > jhi-inventory-adjustment-dialog > div > div > div.pr-0.athma-detail-list-panel.fixed-height-without-header > jhi-inventory-adjustment-dialog-items > div > div.scroll-table-header > table:nth-child(2) > thead > tr:nth-child(2) > th:nth-child(4) > input ]
[16:31:59] [PASS] [OK] clear completed
[16:31:59] [INFO] >> Step 7: Typing '10' into: [ body > jhi-main > div > section > div.app-content > jhi-inventory-adjustment-dialog > div > div > div.pr-0.athma-detail-list-panel.fixed-height-without-header > jhi-inventory-adjustment-dialog-items > div > div.scroll-table-header > table:nth-child(2) > thead > tr:nth-child(2) > th:nth-child(4) > input ]
[16:31:59] [PASS] [OK] type completed
[16:31:59] [INFO] >> Step 8: Clicking: [ body > jhi-main > div > section > div.app-content > jhi-inventory-adjustment-dialog > div > div > div.pr-0.athma-detail-list-panel.fixed-height-without-header > jhi-inventory-adjustment-dialog-items > div > div.scroll-table-header > table:nth-child(2) > thead > tr:nth-child(2) > th:nth-child(6) > ng-select > div > div > div.ng-input > input[type=text] ]
[16:32:00] [PASS] [OK] click completed
[16:32:00] [INFO] >> Step 9: Search & Select: type '{{Reason}}' -> pick 'Qty more' in [ body > jhi-main > div > section > div.app-content > jhi-inventory-adjustment-dialog > div > div > div.pr-0.athma-detail-list-panel.fixed-height-without-header > jhi-inventory-adjustment-dialog-items > div > div.scroll-table-header > table:nth-child(2) > thead > tr:nth-child(2) > th:nth-child(6) > ng-select > div > div > div.ng-input > input[type=text] ]
[16:32:00] [INFO] [search_select] typing='Qty more' picking='Qty more'
[16:32:02] [PASS] [OK] Search & Select: selected 'Qty more'
[16:32:02] [PASS] [OK] search_select completed
[16:32:03] [INFO] >> Step 10: Clicking: [ body > jhi-main > div > section > div.app-content > jhi-inventory-adjustment-dialog > div > div > div.pr-0.athma-detail-list-panel.fixed-height-without-header > jhi-inventory-adjustment-dialog-items > div > div.scroll-table-header > table:nth-child(2) > thead > tr:nth-child(2) > th:nth-child(7) > ng-select > div > div > div.ng-input > input[type=text] ]
[16:32:03] [PASS] [OK] click completed
[16:32:03] [INFO] >> Step 11: Search & Select: type '{{Type}}' -> pick 'Positive' in [ body > jhi-main > div > section > div.app-content > jhi-inventory-adjustment-dialog > div > div > div.pr-0.athma-detail-list-panel.fixed-height-without-header > jhi-inventory-adjustment-dialog-items > div > div.scroll-table-header > table:nth-child(2) > thead > tr:nth-child(2) > th:nth-child(7) > ng-select > div > div > div.ng-input > input[type=text] ]
[16:32:03] [INFO] [search_select] typing='Positive' picking='Positive'
[16:32:06] [PASS] [OK] Search & Select: selected 'Positive'
[16:32:06] [PASS] [OK] search_select completed
[16:32:06] [INFO] >> Step 12: Waiting 2000ms
[16:32:08] [PASS] [OK] wait completed
[16:32:08] [INFO] [DATA TABLE] Row 2/3: Item_Name=NIFEDIPINE-TABLET-10MG-DEPIN-, Batch_no=M806154, Qty=11, Reason=Qty more, Type=Positive
[16:32:08] [INFO] >> Step 1: Clicking: [ #add-item-searchbox ]
[16:32:08] [PASS] [OK] click completed
[16:32:08] [INFO] >> Step 2: Search & Select: type '{{Item_Name}}' -> pick 'NIFEDIPINE-TABLET-10MG-DEPIN-' in [ #add-item-searchbox ]
[16:32:08] [INFO] [search_select] typing='NIFEDIPINE-TABLET-10MG-DEPIN-' picking='NIFEDIPINE-TABLET-10MG-DEPIN-'
[16:32:11] [PASS] [OK] Search & Select: selected 'NIFEDIPINE-TABLET-10MG-DEPIN-'
[16:32:11] [PASS] [OK] search_select completed
[16:32:12] [INFO] >> Step 3: Clicking: [ body > jhi-main > div > section > div.app-content > jhi-inventory-adjustment-dialog > div > div > div.pr-0.athma-detail-list-panel.fixed-height-without-header > jhi-inventory-adjustment-dialog-items > div > div.scroll-table-header > table:nth-child(2) > thead > tr:nth-child(2) > th:nth-child(2) > ng-select ]
[16:32:12] [PASS] [OK] click completed
[16:32:12] [INFO] >> Step 4: Search & Select: type '{{Batch_no}}' -> pick 'M806154' in [ body > jhi-main > div > section > div.app-content > jhi-inventory-adjustment-dialog > div > div > div.pr-0.athma-detail-list-panel.fixed-height-without-header > jhi-inventory-adjustment-dialog-items > div > div.scroll-table-header > table:nth-child(2) > thead > tr:nth-child(2) > th:nth-child(2) > ng-select ]
[16:32:12] [INFO] [search_select] typing='M806154' picking='M806154'
[16:32:15] [PASS] [OK] Search & Select: selected 'M806154'
[16:32:15] [PASS] [OK] search_select completed
[16:32:15] [INFO] >> Step 5: Clicking: [ body > jhi-main > div > section > div.app-content > jhi-inventory-adjustment-dialog > div > div > div.pr-0.athma-detail-list-panel.fixed-height-without-header > jhi-inventory-adjustment-dialog-items > div > div.scroll-table-header > table:nth-child(2) > thead > tr:nth-child(2) > th:nth-child(4) > input ]
[16:32:15] [PASS] [OK] click completed
[16:32:15] [INFO] >> Step 6: Clearing: [ body > jhi-main > div > section > div.app-content > jhi-inventory-adjustment-dialog > div > div > div.pr-0.athma-detail-list-panel.fixed-height-without-header > jhi-inventory-adjustment-dialog-items > div > div.scroll-table-header > table:nth-child(2) > thead > tr:nth-child(2) > th:nth-child(4) > input ]
[16:32:15] [PASS] [OK] clear completed
[16:32:15] [INFO] >> Step 7: Typing '11' into: [ body > jhi-main > div > section > div.app-content > jhi-inventory-adjustment-dialog > div > div > div.pr-0.athma-detail-list-panel.fixed-height-without-header > jhi-inventory-adjustment-dialog-items > div > div.scroll-table-header > table:nth-child(2) > thead > tr:nth-child(2) > th:nth-child(4) > input ]
[16:32:15] [PASS] [OK] type completed
[16:32:15] [INFO] >> Step 8: Clicking: [ body > jhi-main > div > section > div.app-content > jhi-inventory-adjustment-dialog > div > div > div.pr-0.athma-detail-list-panel.fixed-height-without-header > jhi-inventory-adjustment-dialog-items > div > div.scroll-table-header > table:nth-child(2) > thead > tr:nth-child(2) > th:nth-child(6) > ng-select > div > div > div.ng-input > input[type=text] ]
[16:32:16] [PASS] [OK] click completed
[16:32:16] [INFO] >> Step 9: Search & Select: type '{{Reason}}' -> pick 'Qty more' in [ body > jhi-main > div > section > div.app-content > jhi-inventory-adjustment-dialog > div > div > div.pr-0.athma-detail-list-panel.fixed-height-without-header > jhi-inventory-adjustment-dialog-items > div > div.scroll-table-header > table:nth-child(2) > thead > tr:nth-child(2) > th:nth-child(6) > ng-select > div > div > div.ng-input > input[type=text] ]
[16:32:16] [INFO] [search_select] typing='Qty more' picking='Qty more'
[16:32:18] [PASS] [OK] Search & Select: selected 'Qty more'
[16:32:18] [PASS] [OK] search_select completed
[16:32:19] [INFO] >> Step 10: Clicking: [ body > jhi-main > div > section > div.app-content > jhi-inventory-adjustment-dialog > div > div > div.pr-0.athma-detail-list-panel.fixed-height-without-header > jhi-inventory-adjustment-dialog-items > div > div.scroll-table-header > table:nth-child(2) > thead > tr:nth-child(2) > th:nth-child(7) > ng-select > div > div > div.ng-input > input[type=text] ]
[16:32:19] [PASS] [OK] click completed
[16:32:19] [INFO] >> Step 11: Search & Select: type '{{Type}}' -> pick 'Positive' in [ body > jhi-main > div > section > div.app-content > jhi-inventory-adjustment-dialog > div > div > div.pr-0.athma-detail-list-panel.fixed-height-without-header > jhi-inventory-adjustment-dialog-items > div > div.scroll-table-header > table:nth-child(2) > thead > tr:nth-child(2) > th:nth-child(7) > ng-select > div > div > div.ng-input > input[type=text] ]
[16:32:19] [INFO] [search_select] typing='Positive' picking='Positive'
[16:32:22] [PASS] [OK] Search & Select: selected 'Positive'
[16:32:22] [PASS] [OK] search_select completed
[16:32:22] [INFO] >> Step 12: Waiting 2000ms
[16:32:24] [PASS] [OK] wait completed
[16:32:24] [INFO] [DATA TABLE] Row 3/3: Item_Name=AMOXICILLIN+CLAVULANIC ACID-TABLET-250MG+125MG-NOVAMOX CV-, Batch_no=KO80224, Qty=12, Reason=Qty more, Type=Positive
[16:32:24] [INFO] >> Step 1: Clicking: [ #add-item-searchbox ]
[16:32:24] [PASS] [OK] click completed
[16:32:24] [INFO] >> Step 2: Search & Select: type '{{Item_Name}}' -> pick 'AMOXICILLIN+CLAVULANIC ACID-TABLET-250MG+125MG-NOVAMOX CV-' in [ #add-item-searchbox ]
[16:32:25] [INFO] [search_select] typing='AMOXICILLIN+CLAVULANIC ACID-TABLET-250MG+125MG-NOVAMOX CV-' picking='AMOXICILLIN+CLAVULANIC ACID-TABLET-250MG+125MG-NOVAMOX CV-'
[16:32:28] [PASS] [OK] Search & Select: selected 'AMOXICILLIN+CLAVULANIC ACID-TABLET-250MG+125MG-NOVAMOX CV-'
[16:32:28] [PASS] [OK] search_select completed
[16:32:28] [INFO] >> Step 3: Clicking: [ body > jhi-main > div > section > div.app-content > jhi-inventory-adjustment-dialog > div > div > div.pr-0.athma-detail-list-panel.fixed-height-without-header > jhi-inventory-adjustment-dialog-items > div > div.scroll-table-header > table:nth-child(2) > thead > tr:nth-child(2) > th:nth-child(2) > ng-select ]
[16:32:29] [PASS] [OK] click completed
[16:32:29] [INFO] >> Step 4: Search & Select: type '{{Batch_no}}' -> pick 'KO80224' in [ body > jhi-main > div > section > div.app-content > jhi-inventory-adjustment-dialog > div > div > div.pr-0.athma-detail-list-panel.fixed-height-without-header > jhi-inventory-adjustment-dialog-items > div > div.scroll-table-header > table:nth-child(2) > thead > tr:nth-child(2) > th:nth-child(2) > ng-select ]
[16:32:29] [INFO] [search_select] typing='KO80224' picking='KO80224'
[16:32:31] [PASS] [OK] Search & Select: selected 'KO80224'
[16:32:31] [PASS] [OK] search_select completed
[16:32:32] [INFO] >> Step 5: Clicking: [ body > jhi-main > div > section > div.app-content > jhi-inventory-adjustment-dialog > div > div > div.pr-0.athma-detail-list-panel.fixed-height-without-header > jhi-inventory-adjustment-dialog-items > div > div.scroll-table-header > table:nth-child(2) > thead > tr:nth-child(2) > th:nth-child(4) > input ]
[16:32:32] [PASS] [OK] click completed
[16:32:32] [INFO] >> Step 6: Clearing: [ body > jhi-main > div > section > div.app-content > jhi-inventory-adjustment-dialog > div > div > div.pr-0.athma-detail-list-panel.fixed-height-without-header > jhi-inventory-adjustment-dialog-items > div > div.scroll-table-header > table:nth-child(2) > thead > tr:nth-child(2) > th:nth-child(4) > input ]
[16:32:32] [PASS] [OK] clear completed
[16:32:32] [INFO] >> Step 7: Typing '12' into: [ body > jhi-main > div > section > div.app-content > jhi-inventory-adjustment-dialog > div > div > div.pr-0.athma-detail-list-panel.fixed-height-without-header > jhi-inventory-adjustment-dialog-items > div > div.scroll-table-header > table:nth-child(2) > thead > tr:nth-child(2) > th:nth-child(4) > input ]
[16:32:32] [PASS] [OK] type completed
[16:32:32] [INFO] >> Step 8: Clicking: [ body > jhi-main > div > section > div.app-content > jhi-inventory-adjustment-dialog > div > div > div.pr-0.athma-detail-list-panel.fixed-height-without-header > jhi-inventory-adjustment-dialog-items > div > div.scroll-table-header > table:nth-child(2) > thead > tr:nth-child(2) > th:nth-child(6) > ng-select > div > div > div.ng-input > input[type=text] ]
[16:32:33] [PASS] [OK] click completed
[16:32:33] [INFO] >> Step 9: Search & Select: type '{{Reason}}' -> pick 'Qty more' in [ body > jhi-main > div > section > div.app-content > jhi-inventory-adjustment-dialog > div > div > div.pr-0.athma-detail-list-panel.fixed-height-without-header > jhi-inventory-adjustment-dialog-items > div > div.scroll-table-header > table:nth-child(2) > thead > tr:nth-child(2) > th:nth-child(6) > ng-select > div > div > div.ng-input > input[type=text] ]
[16:32:33] [INFO] [search_select] typing='Qty more' picking='Qty more'
[16:32:35] [PASS] [OK] Search & Select: selected 'Qty more'
[16:32:35] [PASS] [OK] search_select completed
[16:32:35] [INFO] >> Step 10: Clicking: [ body > jhi-main > div > section > div.app-content > jhi-inventory-adjustment-dialog > div > div > div.pr-0.athma-detail-list-panel.fixed-height-without-header > jhi-inventory-adjustment-dialog-items > div > div.scroll-table-header > table:nth-child(2) > thead > tr:nth-child(2) > th:nth-child(7) > ng-select > div > div > div.ng-input > input[type=text] ]
[16:32:36] [PASS] [OK] click completed
[16:32:36] [INFO] >> Step 11: Search & Select: type '{{Type}}' -> pick 'Positive' in [ body > jhi-main > div > section > div.app-content > jhi-inventory-adjustment-dialog > div > div > div.pr-0.athma-detail-list-panel.fixed-height-without-header > jhi-inventory-adjustment-dialog-items > div > div.scroll-table-header > table:nth-child(2) > thead > tr:nth-child(2) > th:nth-child(7) > ng-select > div > div > div.ng-input > input[type=text] ]
[16:32:36] [INFO] [search_select] typing='Positive' picking='Positive'
[16:32:38] [PASS] [OK] Search & Select: selected 'Positive'
[16:32:38] [PASS] [OK] search_select completed
[16:32:39] [INFO] >> Step 12: Waiting 2000ms
[16:32:41] [PASS] [OK] wait completed
[16:32:41] [INFO] >> Step 32: Clicking: [ body > jhi-main > div > section > div.app-content > jhi-inventory-adjustment-dialog > div > div > div.pr-0.athma-detail-list-panel.fixed-height-without-header > jhi-inventory-adjustment-action-bar > div > div.col-sm-8.text-right.pad-right-4 > button.athma-btn.athma-btn-priamry-outline ]
[16:32:41] [PASS] [OK] click completed
[16:32:41] [INFO] >> Step 33: Waiting for element: [ #doneBtn ]
[16:32:41] [PASS] [OK] wait_for_selector completed
[16:32:41] [INFO] >> Step 34: Clicking: [ #doneBtn ]
[16:32:42] [PASS] [OK] click completed
[16:32:42] [INFO] [OK] PASSED -- 56/56 steps in 77081ms
