[16:26:52] [INFO] >> [async_runner] Starting run #7671 — Type: ui, Browser: chrome
[16:26:54] [INFO] [pool] Acquiring browser context from shared pool...
[16:26:55] [INFO] >> Step 1: Navigating to URL: https://sqa.narayanahealth.org/
[16:27:04] [PASS] [OK] navigate completed
[16:27:04] [INFO] >> Step 2: Clicking: [ #username ]
[16:27:05] [PASS] [OK] click completed
[16:27:05] [INFO] >> Step 3: Typing '337800' into: [ #username ]
[16:27:05] [PASS] [OK] type completed
[16:27:05] [INFO] >> Step 4: Clicking: [ #password ]
[16:27:06] [PASS] [OK] click completed
[16:27:06] [INFO] >> Step 5: Typing 'admin' into: [ #password ]
[16:27:06] [PASS] [OK] type completed
[16:27:06] [INFO] >> Step 6: Clicking: [ body > app-root > div > section > div.app-content > jhi-home > div > div > form:nth-child(2) > div.col-12 > button ]
[16:27:06] [PASS] [OK] click completed
[16:27:06] [INFO] >> Step 7: Waiting 2000ms
[16:27:08] [PASS] [OK] wait completed
[16:27:09] [INFO] >> Step 8: Pressing key '.' on: [ body ]
[16:27:09] [PASS] [OK] press completed
[16:27:09] [INFO] >> Step 9: Typing 'Inventory Adjustment' into: [ get_by_role("textbox", name="Search") ]
[16:27:10] [PASS] [OK] type completed
[16:27:10] [INFO] >> Step 10: Clicking: [ get_by_role("link", name="Inventory Adjustment Inventory") ]
[16:27:11] [PASS] [OK] click completed
[16:27:11] [INFO] >> Step 11: Waiting 4000ms
[16:27:15] [PASS] [OK] wait completed
[16:27:16] [INFO] >> Step 12: Clicking: [ get_by_role("button", name="Create New") ]
[16:27:19] [PASS] [OK] click completed
[16:27:20] [INFO] >> Step 13: Clicking: [ #adjustmentStoreInput ]
[16:27:20] [PASS] [OK] click completed
[16:27:20] [INFO] >> Step 14: Clearing: [ #adjustmentStoreInput ]
[16:27:20] [PASS] [OK] clear completed
[16:27:20] [INFO] >> Step 15: Search & Select: type '157-MS1' -> pick 'Main Store-Raipur' in [ #adjustmentStoreInput ]
[16:27:20] [INFO] [search_select] typing='157-MS1' picking='Main Store-Raipur'
[16:27:23] [PASS] [OK] Search & Select: selected 'Main Store-Raipur'
[16:27:23] [PASS] [OK] search_select completed
[16:27:23] [INFO] >> Step 16: Clicking: [ #continueBtn ]
[16:27:23] [PASS] [OK] click completed
[16:27:23] [INFO] >> Step 17: Waiting 1000ms
[16:27:24] [PASS] [OK] wait completed
[16:27:24] [INFO] [DATA TABLE] 2 row(s), columns: ['Item_Name', 'Batch_no', 'Qty', 'Reason', 'Type']
[16:27:24] [INFO] [DATA TABLE] Row 1/2: Item_Name=ROSUVASTATIN-TABLET-40MG-JUPIROS-, Batch_no=19440156, Qty=1, Reason=Qty more, Type=Negative
[16:27:24] [INFO] >> Step 1: Clicking: [ #add-item-searchbox ]
[16:27:25] [PASS] [OK] click completed
[16:27:25] [INFO] >> Step 2: Search & Select: type '{{Item_Name}}' -> pick 'ROSUVASTATIN-TABLET-40MG-JUPIROS-' in [ #add-item-searchbox ]
[16:27:25] [INFO] [search_select] typing='ROSUVASTATIN-TABLET-40MG-JUPIROS-' picking='ROSUVASTATIN-TABLET-40MG-JUPIROS-'
[16:27:28] [PASS] [OK] Search & Select: selected 'ROSUVASTATIN-TABLET-40MG-JUPIROS-'
[16:27:28] [PASS] [OK] search_select completed
[16:27:28] [INFO] >> Step 3: Clicking: [ body > jhi-main > div > section > div.app-content > jhi-inventory-adjustment-dialog > div > div > div.pr-0.athma-detail-list-panel.fixed-height-without-header > jhi-inventory-adjustment-dialog-items > div > div.scroll-table-header > table:nth-child(2) > thead > tr:nth-child(2) > th:nth-child(2) > ng-select ]
[16:27:29] [PASS] [OK] click completed
[16:27:29] [INFO] >> Step 4: Search & Select: type '{{Batch_no}}' -> pick '19440156' in [ body > jhi-main > div > section > div.app-content > jhi-inventory-adjustment-dialog > div > div > div.pr-0.athma-detail-list-panel.fixed-height-without-header > jhi-inventory-adjustment-dialog-items > div > div.scroll-table-header > table:nth-child(2) > thead > tr:nth-child(2) > th:nth-child(2) > ng-select ]
[16:27:29] [INFO] [search_select] typing='19440156' picking='19440156'
[16:27:32] [PASS] [OK] Search & Select: selected '19440156'
[16:27:32] [PASS] [OK] search_select completed
[16:27:32] [INFO] >> Step 5: Clicking: [ body > jhi-main > div > section > div.app-content > jhi-inventory-adjustment-dialog > div > div > div.pr-0.athma-detail-list-panel.fixed-height-without-header > jhi-inventory-adjustment-dialog-items > div > div.scroll-table-header > table:nth-child(2) > thead > tr:nth-child(2) > th:nth-child(4) > input ]
[16:27:32] [PASS] [OK] click completed
[16:27:32] [INFO] >> Step 6: Clearing: [ body > jhi-main > div > section > div.app-content > jhi-inventory-adjustment-dialog > div > div > div.pr-0.athma-detail-list-panel.fixed-height-without-header > jhi-inventory-adjustment-dialog-items > div > div.scroll-table-header > table:nth-child(2) > thead > tr:nth-child(2) > th:nth-child(4) > input ]
[16:27:32] [PASS] [OK] clear completed
[16:27:32] [INFO] >> Step 7: Typing '1' into: [ body > jhi-main > div > section > div.app-content > jhi-inventory-adjustment-dialog > div > div > div.pr-0.athma-detail-list-panel.fixed-height-without-header > jhi-inventory-adjustment-dialog-items > div > div.scroll-table-header > table:nth-child(2) > thead > tr:nth-child(2) > th:nth-child(4) > input ]
[16:27:32] [PASS] [OK] type completed
[16:27:32] [INFO] >> Step 8: Clicking: [ body > jhi-main > div > section > div.app-content > jhi-inventory-adjustment-dialog > div > div > div.pr-0.athma-detail-list-panel.fixed-height-without-header > jhi-inventory-adjustment-dialog-items > div > div.scroll-table-header > table:nth-child(2) > thead > tr:nth-child(2) > th:nth-child(6) > ng-select > div > div > div.ng-input > input[type=text] ]
[16:27:33] [PASS] [OK] click completed
[16:27:33] [INFO] >> Step 9: Search & Select: type '{{Reason}}' -> pick 'Qty more' in [ body > jhi-main > div > section > div.app-content > jhi-inventory-adjustment-dialog > div > div > div.pr-0.athma-detail-list-panel.fixed-height-without-header > jhi-inventory-adjustment-dialog-items > div > div.scroll-table-header > table:nth-child(2) > thead > tr:nth-child(2) > th:nth-child(6) > ng-select > div > div > div.ng-input > input[type=text] ]
[16:27:33] [INFO] [search_select] typing='Qty more' picking='Qty more'
[16:27:36] [PASS] [OK] Search & Select: selected 'Qty more'
[16:27:36] [PASS] [OK] search_select completed
[16:27:36] [INFO] >> Step 10: Clicking: [ body > jhi-main > div > section > div.app-content > jhi-inventory-adjustment-dialog > div > div > div.pr-0.athma-detail-list-panel.fixed-height-without-header > jhi-inventory-adjustment-dialog-items > div > div.scroll-table-header > table:nth-child(2) > thead > tr:nth-child(2) > th:nth-child(7) > ng-select > div > div > div.ng-input > input[type=text] ]
[16:27:36] [PASS] [OK] click completed
[16:27:36] [INFO] >> Step 11: Search & Select: type '{{Type}}' -> pick 'Negative' in [ body > jhi-main > div > section > div.app-content > jhi-inventory-adjustment-dialog > div > div > div.pr-0.athma-detail-list-panel.fixed-height-without-header > jhi-inventory-adjustment-dialog-items > div > div.scroll-table-header > table:nth-child(2) > thead > tr:nth-child(2) > th:nth-child(7) > ng-select > div > div > div.ng-input > input[type=text] ]
[16:27:36] [INFO] [search_select] typing='Negative' picking='Negative'
[16:27:39] [PASS] [OK] Search & Select: selected 'Negative'
[16:27:39] [PASS] [OK] search_select completed
[16:27:39] [INFO] >> Step 12: Waiting 2000ms
[16:27:41] [PASS] [OK] wait completed
[16:27:41] [INFO] [DATA TABLE] Row 2/2: Item_Name=PREDNISOLONE-TABLET-40MG-OMNACORTIL-, Batch_no=GOF909A, Qty=1, Reason=Qty more, Type=Negative
[16:27:41] [INFO] >> Step 1: Clicking: [ #add-item-searchbox ]
[16:27:41] [PASS] [OK] click completed
[16:27:42] [INFO] >> Step 2: Search & Select: type '{{Item_Name}}' -> pick 'PREDNISOLONE-TABLET-40MG-OMNACORTIL-' in [ #add-item-searchbox ]
[16:27:42] [INFO] [search_select] typing='PREDNISOLONE-TABLET-40MG-OMNACORTIL-' picking='PREDNISOLONE-TABLET-40MG-OMNACORTIL-'
[16:27:45] [PASS] [OK] Search & Select: selected 'PREDNISOLONE-TABLET-40MG-OMNACORTIL-'
[16:27:45] [PASS] [OK] search_select completed
[16:27:45] [INFO] >> Step 3: Clicking: [ body > jhi-main > div > section > div.app-content > jhi-inventory-adjustment-dialog > div > div > div.pr-0.athma-detail-list-panel.fixed-height-without-header > jhi-inventory-adjustment-dialog-items > div > div.scroll-table-header > table:nth-child(2) > thead > tr:nth-child(2) > th:nth-child(2) > ng-select ]
[16:27:46] [PASS] [OK] click completed
[16:27:46] [INFO] >> Step 4: Search & Select: type '{{Batch_no}}' -> pick 'GOF909A' in [ body > jhi-main > div > section > div.app-content > jhi-inventory-adjustment-dialog > div > div > div.pr-0.athma-detail-list-panel.fixed-height-without-header > jhi-inventory-adjustment-dialog-items > div > div.scroll-table-header > table:nth-child(2) > thead > tr:nth-child(2) > th:nth-child(2) > ng-select ]
[16:27:46] [INFO] [search_select] typing='GOF909A' picking='GOF909A'
[16:27:48] [PASS] [OK] Search & Select: selected 'GOF909A'
[16:27:48] [PASS] [OK] search_select completed
[16:27:48] [INFO] >> Step 5: Clicking: [ body > jhi-main > div > section > div.app-content > jhi-inventory-adjustment-dialog > div > div > div.pr-0.athma-detail-list-panel.fixed-height-without-header > jhi-inventory-adjustment-dialog-items > div > div.scroll-table-header > table:nth-child(2) > thead > tr:nth-child(2) > th:nth-child(4) > input ]
[16:27:49] [PASS] [OK] click completed
[16:27:49] [INFO] >> Step 6: Clearing: [ body > jhi-main > div > section > div.app-content > jhi-inventory-adjustment-dialog > div > div > div.pr-0.athma-detail-list-panel.fixed-height-without-header > jhi-inventory-adjustment-dialog-items > div > div.scroll-table-header > table:nth-child(2) > thead > tr:nth-child(2) > th:nth-child(4) > input ]
[16:27:49] [PASS] [OK] clear completed
[16:27:49] [INFO] >> Step 7: Typing '1' into: [ body > jhi-main > div > section > div.app-content > jhi-inventory-adjustment-dialog > div > div > div.pr-0.athma-detail-list-panel.fixed-height-without-header > jhi-inventory-adjustment-dialog-items > div > div.scroll-table-header > table:nth-child(2) > thead > tr:nth-child(2) > th:nth-child(4) > input ]
[16:27:49] [PASS] [OK] type completed
[16:27:49] [INFO] >> Step 8: Clicking: [ body > jhi-main > div > section > div.app-content > jhi-inventory-adjustment-dialog > div > div > div.pr-0.athma-detail-list-panel.fixed-height-without-header > jhi-inventory-adjustment-dialog-items > div > div.scroll-table-header > table:nth-child(2) > thead > tr:nth-child(2) > th:nth-child(6) > ng-select > div > div > div.ng-input > input[type=text] ]
[16:27:49] [PASS] [OK] click completed
[16:27:49] [INFO] >> Step 9: Search & Select: type '{{Reason}}' -> pick 'Qty more' in [ body > jhi-main > div > section > div.app-content > jhi-inventory-adjustment-dialog > div > div > div.pr-0.athma-detail-list-panel.fixed-height-without-header > jhi-inventory-adjustment-dialog-items > div > div.scroll-table-header > table:nth-child(2) > thead > tr:nth-child(2) > th:nth-child(6) > ng-select > div > div > div.ng-input > input[type=text] ]
[16:27:49] [INFO] [search_select] typing='Qty more' picking='Qty more'
[16:27:52] [PASS] [OK] Search & Select: selected 'Qty more'
[16:27:52] [PASS] [OK] search_select completed
[16:27:52] [INFO] >> Step 10: Clicking: [ body > jhi-main > div > section > div.app-content > jhi-inventory-adjustment-dialog > div > div > div.pr-0.athma-detail-list-panel.fixed-height-without-header > jhi-inventory-adjustment-dialog-items > div > div.scroll-table-header > table:nth-child(2) > thead > tr:nth-child(2) > th:nth-child(7) > ng-select > div > div > div.ng-input > input[type=text] ]
[16:27:53] [PASS] [OK] click completed
[16:27:53] [INFO] >> Step 11: Search & Select: type '{{Type}}' -> pick 'Negative' in [ body > jhi-main > div > section > div.app-content > jhi-inventory-adjustment-dialog > div > div > div.pr-0.athma-detail-list-panel.fixed-height-without-header > jhi-inventory-adjustment-dialog-items > div > div.scroll-table-header > table:nth-child(2) > thead > tr:nth-child(2) > th:nth-child(7) > ng-select > div > div > div.ng-input > input[type=text] ]
[16:27:53] [INFO] [search_select] typing='Negative' picking='Negative'
[16:27:55] [PASS] [OK] Search & Select: selected 'Negative'
[16:27:55] [PASS] [OK] search_select completed
[16:27:55] [INFO] >> Step 12: Waiting 2000ms
[16:27:57] [PASS] [OK] wait completed
[16:27:58] [INFO] >> Step 32: Clicking: [ body > jhi-main > div > section > div.app-content > jhi-inventory-adjustment-dialog > div > div > div.pr-0.athma-detail-list-panel.fixed-height-without-header > jhi-inventory-adjustment-action-bar > div > div.col-sm-8.text-right.pad-right-4 > button.athma-btn.athma-btn-priamry-outline ]
[16:27:58] [PASS] [OK] click completed
[16:27:58] [INFO] >> Step 33: Waiting for element: [ #doneBtn ]
[16:27:58] [PASS] [OK] wait_for_selector completed
[16:27:58] [INFO] >> Step 34: Clicking: [ #doneBtn ]
[16:27:59] [PASS] [OK] click completed
[16:27:59] [INFO] >> Step 35: Search & Select: type 'Administrator' -> pick 'Administrator' in [ body > jhi-main > div > section > div.app-content > jhi-inventory-adjustment-dialog > div > div > div.pl-0.athma-detail-form-panel > jhi-inventory-adjustment-dialog-header > div > div > div:nth-child(2) > div.preview-form-body-segment.border-0 > form > div:nth-child(1) > div > div > ng-select > div > div > div.ng-input > input[type=text] ]
[16:27:59] [INFO] [search_select] typing='Administrator' picking='Administrator'
[16:28:02] [PASS] [OK] Search & Select: selected 'Administrator'
[16:28:02] [PASS] [OK] search_select completed
[16:28:02] [INFO] >> Step 36: Clicking: [ body > jhi-main > div > section > div.app-content > jhi-inventory-adjustment-dialog > div > div > div.pr-0.athma-detail-list-panel.fixed-height-without-header > jhi-inventory-adjustment-action-bar > div > div.col-sm-8.text-right.pad-right-4 > button.athma-btn.athma-btn-priamry ]
[16:28:02] [PASS] [OK] click completed
[16:28:02] [INFO] >> Step 37: Waiting for element: [ #doneBtn ]
[16:28:03] [PASS] [OK] wait_for_selector completed
[16:28:03] [INFO] >> Step 38: Clicking: [ #doneBtn ]
[16:28:04] [PASS] [OK] click completed
[16:28:04] [INFO] >> Step 39: Waiting 1000ms
[16:28:05] [PASS] [OK] wait completed
[16:28:05] [INFO] >> Step 40: Clicking: [ body > jhi-main > div > section > div.app-content > jhi-inventory-adjustment-dialog > div > div > div.pr-0.athma-detail-list-panel.fixed-height-without-header > jhi-inventory-adjustment-action-bar > div > div.col-sm-8.text-right.pad-right-4 > button.athma-btn.athma-btn-priamry ]
[16:28:05] [PASS] [OK] click completed
[16:28:05] [INFO] >> Step 41: Waiting for element: [ body > jhi-main > div > section > div.app-content > jhi-inventory-adjustment-dialog > div > div > div.pr-0.athma-detail-list-panel.fixed-height-without-header > jhi-inventory-adjustment-action-bar > div > div.col-sm-8.text-right.pad-right-4 > button.athma-btn.athma-btn-priamry ]
[16:28:05] [PASS] [OK] wait_for_selector completed
[16:28:05] [INFO] >> Step 42: Clicking: [ body > jhi-main > div > section > div.app-content > jhi-inventory-adjustment-dialog > div > div > div.pr-0.athma-detail-list-panel.fixed-height-without-header > jhi-inventory-adjustment-action-bar > div > div.col-sm-8.text-right.pad-right-4 > button.athma-btn.athma-btn-priamry ]
[16:28:06] [PASS] [OK] click completed
[16:28:06] [INFO] >> Step 43: Waiting for element: [ #doneBtn ]
[16:28:06] [PASS] [OK] wait_for_selector completed
[16:28:06] [INFO] >> Step 44: Clicking: [ #doneBtn ]
[16:28:07] [PASS] [OK] click completed
[16:28:07] [INFO] >> Step 45: Waiting for element: [ body > jhi-main > div > section > div.app-content > jhi-inventory-adjustment-dialog > div > div > div.pr-0.athma-detail-list-panel.fixed-height-without-header > jhi-inventory-adjustment-action-bar > div > div.col-sm-8.text-right.pad-right-4 > button.athma-btn.athma-btn-priamry ]
[16:28:07] [PASS] [OK] wait_for_selector completed
[16:28:07] [INFO] >> Step 46: Clicking: [ body > jhi-main > div > section > div.app-content > jhi-inventory-adjustment-dialog > div > div > div.pr-0.athma-detail-list-panel.fixed-height-without-header > jhi-inventory-adjustment-action-bar > div > div.col-sm-8.text-right.pad-right-4 > button.athma-btn.athma-btn-priamry ]
[16:28:08] [PASS] [OK] click completed
[16:28:08] [INFO] >> Step 47: Waiting for element: [ body > jhi-main > div > section > div.app-content > jhi-inventory-adjustment-dialog > div > div > div.pr-0.athma-detail-list-panel.fixed-height-without-header > jhi-inventory-adjustment-action-bar > div > div.col-sm-8.text-right.pad-right-4 > button.athma-btn.athma-btn-priamry ]
[16:28:08] [PASS] [OK] wait_for_selector completed
[16:28:08] [INFO] >> Step 48: Clicking: [ body > jhi-main > div > section > div.app-content > jhi-inventory-adjustment-dialog > div > div > div.pr-0.athma-detail-list-panel.fixed-height-without-header > jhi-inventory-adjustment-action-bar > div > div.col-sm-8.text-right.pad-right-4 > button.athma-btn.athma-btn-priamry ]
[16:28:08] [PASS] [OK] click completed
[16:28:09] [INFO] [OK] PASSED -- 58/58 steps in 74603ms
