[07:43:38] [INFO] >> [async_runner] Starting run #7740 — Type: ui, Browser: firefox
[07:43:40] [INFO] [pool] Acquiring browser context from shared pool...
[07:43:41] [ERROR] [FAIL] Test runner crashed: Traceback (most recent call last):
  File "C:\Users\337799\automation\runner\async_runner.py", line 3197, in async_main
    context = await acquire_context(
              ^^^^^^^^^^^^^^^^^^^^^^
  File "C:\Users\337799\automation\runner\async_runner.py", line 105, in acquire_context
    browser = await get_browser(browser_type, headless=headless, slow_mo=slow_mo)
              ^^^^^^^^^^^^^^^^^^^^^^^^^^^^^^^^^^^^^^^^^^^^^^^^^^^^^^^^^^^^^^^^^^^
  File "C:\Users\337799\automation\runner\async_runne
[07:43:41] [INFO] [FAIL] FAILED -- 0/1 steps in 874ms
[07:45:42] [INFO] >> [async_runner] Starting run #7740 — Type: ui, Browser: firefox
[07:45:44] [INFO] [pool] Acquiring browser context from shared pool...
[07:45:45] [ERROR] [FAIL] Test runner crashed: Traceback (most recent call last):
  File "C:\Users\337799\automation\runner\async_runner.py", line 3197, in async_main
    context = await acquire_context(
              ^^^^^^^^^^^^^^^^^^^^^^
  File "C:\Users\337799\automation\runner\async_runner.py", line 105, in acquire_context
    browser = await get_browser(browser_type, headless=headless, slow_mo=slow_mo)
              ^^^^^^^^^^^^^^^^^^^^^^^^^^^^^^^^^^^^^^^^^^^^^^^^^^^^^^^^^^^^^^^^^^^
  File "C:\Users\337799\automation\runner\async_runne
[07:45:45] [INFO] [FAIL] FAILED -- 0/1 steps in 754ms
