[16:49:16] [INFO] >> [async_runner] Starting run #7682 — Type: ui, Browser: chrome
[16:49:18] [INFO] [pool] Acquiring browser context from shared pool...
[16:49:22] [INFO] >> Step 1: Navigating to URL: https://sqa.narayanahealth.org/
[16:49:32] [PASS] [OK] navigate completed
[16:49:32] [INFO] >> Step 2: Clicking: [ #username ]
[16:49:33] [PASS] [OK] click completed
[16:49:33] [INFO] >> Step 3: Typing '337800' into: [ #username ]
[16:49:33] [PASS] [OK] type completed
[16:49:33] [INFO] >> Step 4: Clicking: [ #password ]
[16:49:33] [PASS] [OK] click completed
[16:49:33] [INFO] >> Step 5: Typing 'admin' into: [ #password ]
[16:49:33] [PASS] [OK] type completed
[16:49:33] [INFO] >> Step 6: Clicking: [ body > app-root > div > section > div.app-content > jhi-home > div > div > form:nth-child(2) > div.col-12 > button ]
[16:49:34] [PASS] [OK] click completed
[16:49:34] [INFO] >> Step 7: Waiting 2000ms
[16:49:36] [PASS] [OK] wait completed
[16:49:36] [INFO] >> Step 8: Pressing key '.' on: [ body ]
[16:49:36] [PASS] [OK] press completed
[16:49:36] [INFO] >> Step 9: Typing 'Direct' into: [ get_by_role("textbox", name="Search") ]
[16:49:36] [PASS] [OK] type completed
[16:49:36] [INFO] >> Step 10: Clicking: [ get_by_role("link", name="Direct Transfer Inventory") ]
[16:49:37] [PASS] [OK] click completed
[16:49:40] [INFO] >> Step 11: Waiting for element: [ body > jhi-main > div > section > div.app-content > header > jhi-navbar > nav > div.jh-logo-container.float-left.col-6.pl-0 > a.navbar-brand.logo.float-left > span.navbar-version ]
[16:49:44] [PASS] [OK] wait_for_selector completed
[16:49:44] [INFO] >> Step 12: Clicking: [ get_by_role("button", name="Create New") ]
[16:49:45] [PASS] [OK] click completed
[16:49:45] [INFO] >> Step 13: Clicking: [ #indentStoreInput ]
[16:49:46] [PASS] [OK] click completed
[16:49:46] [INFO] >> Step 14: Clearing: [ #indentStoreInput ]
[16:49:46] [PASS] [OK] clear completed
[16:49:46] [INFO] >> Step 15: Search & Select: type '157-MS1' -> pick 'Main Store-Raipur' in [ #indentStoreInput ]
[16:49:46] [INFO] [search_select] typing='157-MS1' picking='Main Store-Raipur'
[16:49:48] [PASS] [OK] Search & Select: selected 'Main Store-Raipur'
[16:49:48] [PASS] [OK] search_select completed
[16:49:48] [INFO] >> Step 16: Clicking: [ body > ngb-modal-window > div > div > store-selector > div.modal-body > ng-select > div > div > div.ng-input > input[type=text] ]
[16:49:49] [PASS] [OK] click completed
[16:49:49] [INFO] >> Step 17: Clearing: [ body > ngb-modal-window > div > div > store-selector > div.modal-body > ng-select > div > div > div.ng-input > input[type=text] ]
[16:49:49] [PASS] [OK] clear completed
[16:49:49] [INFO] >> Step 18: Search & Select: type 'IP Pharmacy-Raipur' -> pick 'IP Pharmacy-Raipur' in [ body > ngb-modal-window > div > div > store-selector > div.modal-body > ng-select > div > div > div.ng-input > input[type=text] ]
[16:49:49] [INFO] [search_select] typing='IP Pharmacy-Raipur' picking='IP Pharmacy-Raipur'
[16:49:51] [PASS] [OK] Search & Select: selected 'IP Pharmacy-Raipur'
[16:49:51] [PASS] [OK] search_select completed
[16:49:52] [INFO] >> Step 19: Clicking: [ #btnNext ]
[16:49:52] [PASS] [OK] click completed
[16:49:52] [INFO] >> Step 20: Waiting for element: [ #itemInput ]
[16:49:52] [PASS] [OK] wait_for_selector completed
[16:49:52] [INFO] [DATA TABLE] 3 row(s), columns: ['Item_name', 'Qty', 'batch_no']
[16:49:52] [INFO] [DATA TABLE] Row 1/3: Item_name=PARACETAMOL-TABLET-750MG-P 750-, Qty=2, batch_no=batch main
[16:49:52] [INFO] >> Step 1: Clicking: [ #itemInput ]
[16:49:53] [PASS] [OK] click completed
[16:49:53] [INFO] >> Step 2: Search & Select: type '{{Item_name}}' -> pick 'PARACETAMOL-TABLET-750MG-P 750-' in [ #itemInput ]
[16:49:53] [INFO] [search_select] typing='PARACETAMOL-TABLET-750MG-P 750-' picking='PARACETAMOL-TABLET-750MG-P 750-'
[16:49:56] [PASS] [OK] Search & Select: selected 'PARACETAMOL-TABLET-750MG-P 750-'
[16:49:56] [PASS] [OK] search_select completed
[16:49:56] [INFO] >> Step 3: Search & Select: type '{{batch_no}}' -> pick 'batch main' in [ #qty_head > div > div > div.ng-input > input[type=text] ]
[16:49:56] [INFO] [search_select] typing='batch main' picking='batch main'
[16:49:58] [PASS] [OK] Search & Select: selected 'batch main'
[16:49:58] [PASS] [OK] search_select completed
[16:49:59] [INFO] >> Step 4: Clicking: [ #header-qty ]
[16:49:59] [PASS] [OK] click completed
[16:49:59] [INFO] >> Step 5: Typing '2' into: [ #header-qty ]
[16:49:59] [PASS] [OK] type completed
[16:49:59] [INFO] >> Step 6: Pressing key 'Enter' on: [ #header-qty ]
[16:49:59] [PASS] [OK] press completed
[16:49:59] [INFO] [DATA TABLE] Row 2/3: Item_name=FUROSEMIDE-INJECTION-10MG/ML(4ML)-LASIX-, Qty=4, batch_no=2119077
[16:49:59] [INFO] >> Step 1: Clicking: [ #itemInput ]
[16:50:00] [PASS] [OK] click completed
[16:50:00] [INFO] >> Step 2: Search & Select: type '{{Item_name}}' -> pick 'FUROSEMIDE-INJECTION-10MG/ML(4ML)-LASIX-' in [ #itemInput ]
[16:50:00] [INFO] [search_select] typing='FUROSEMIDE-INJECTION-10MG/ML(4ML)-LASIX-' picking='FUROSEMIDE-INJECTION-10MG/ML(4ML)-LASIX-'
[16:50:03] [PASS] [OK] Search & Select: selected 'FUROSEMIDE-INJECTION-10MG/ML(4ML)-LASIX-'
[16:50:03] [PASS] [OK] search_select completed
[16:50:03] [INFO] >> Step 3: Search & Select: type '{{batch_no}}' -> pick '2119077' in [ #qty_head > div > div > div.ng-input > input[type=text] ]
[16:50:03] [INFO] [search_select] typing='2119077' picking='2119077'
[16:50:06] [PASS] [OK] Search & Select: selected '2119077'
[16:50:06] [PASS] [OK] search_select completed
[16:50:06] [INFO] >> Step 4: Clicking: [ #header-qty ]
[16:50:06] [PASS] [OK] click completed
[16:50:06] [INFO] >> Step 5: Typing '4' into: [ #header-qty ]
[16:50:06] [PASS] [OK] type completed
[16:50:06] [INFO] >> Step 6: Pressing key 'Enter' on: [ #header-qty ]
[16:50:06] [PASS] [OK] press completed
[16:50:06] [INFO] [DATA TABLE] Row 3/3: Item_name=PANTOPRAZOLE-TABLET-40MG-PAN-, Qty=6, batch_no=19440364
[16:50:06] [INFO] >> Step 1: Clicking: [ #itemInput ]
[16:50:07] [PASS] [OK] click completed
[16:50:07] [INFO] >> Step 2: Search & Select: type '{{Item_name}}' -> pick 'PANTOPRAZOLE-TABLET-40MG-PAN-' in [ #itemInput ]
[16:50:07] [INFO] [search_select] typing='PANTOPRAZOLE-TABLET-40MG-PAN-' picking='PANTOPRAZOLE-TABLET-40MG-PAN-'
[16:50:10] [PASS] [OK] Search & Select: selected 'PANTOPRAZOLE-TABLET-40MG-PAN-'
[16:50:10] [PASS] [OK] search_select completed
[16:50:10] [INFO] >> Step 3: Search & Select: type '{{batch_no}}' -> pick '19440364' in [ #qty_head > div > div > div.ng-input > input[type=text] ]
[16:50:10] [INFO] [search_select] typing='19440364' picking='19440364'
[16:50:13] [PASS] [OK] Search & Select: selected '19440364'
[16:50:13] [PASS] [OK] search_select completed
[16:50:13] [INFO] >> Step 4: Clicking: [ #header-qty ]
[16:50:13] [PASS] [OK] click completed
[16:50:13] [INFO] >> Step 5: Typing '6' into: [ #header-qty ]
[16:50:13] [PASS] [OK] type completed
[16:50:13] [INFO] >> Step 6: Pressing key 'Enter' on: [ #header-qty ]
[16:50:14] [PASS] [OK] press completed
[16:50:14] [INFO] >> Step 29: Waiting 1000ms
[16:50:15] [PASS] [OK] wait completed
[16:50:15] [INFO] >> Step 30: Clicking: [ get_by_role("button", name="Save") ]
[16:50:15] [PASS] [OK] click completed
[16:50:16] [INFO] >> Step 31: Waiting 2000ms
[16:50:18] [PASS] [OK] wait completed
[16:50:18] [INFO] >> Step 32: Clicking: [ #btnDone ]
[16:50:18] [PASS] [OK] click completed
[16:50:18] [INFO] >> Step 33: Clicking: [ get_by_role("button", name="Send for Approval") ]
[16:50:19] [PASS] [OK] click completed
[16:50:19] [INFO] >> Step 34: Waiting for element: [ #btnDone ]
[16:50:19] [PASS] [OK] wait_for_selector completed
[16:50:19] [INFO] >> Step 35: Clicking: [ #btnDone ]
[16:50:20] [PASS] [OK] click completed
[16:50:20] [INFO] >> Step 36: store_text -- body > jhi-main > div > section > div.app-content > jhi-stock-issue-dialog > div > div > div.pl-0.athma-detail-form-panel > div > div.preview-form-header > h5 > span
[16:50:20] [PASS] [OK] Stored 'STR-1754-2600793' → {{Direct_transfer}}
[16:50:20] [INFO] >> Step 37: Waiting 2000ms
[16:50:22] [PASS] [OK] wait completed
[16:50:22] [INFO] >> Step 38: Clicking: [ get_by_role("button", name="Claim") ]
[16:50:23] [PASS] [OK] click completed
[16:50:23] [INFO] >> Step 39: Waiting 2000ms
[16:50:25] [PASS] [OK] wait completed
[16:50:25] [INFO] >> Step 40: Clicking: [ text="Approve" ]
[16:50:25] [PASS] [OK] click completed
[16:50:25] [INFO] >> Step 41: Clicking: [ #btnDone ]
[16:50:27] [PASS] [OK] click completed
[16:50:27] [INFO] >> Step 42: Clicking: [ body > jhi-main > div > section > div.app-content > jhi-stock-issue-dialog > div > div > div.pr-0.athma-detail-list-panel.fixed-height-without-header > stock-issue-button > div > div.col-sm-8.text-right.pad-right-4 > button ]
[16:50:27] [PASS] [OK] click completed
[16:50:27] [INFO] >> Step 43: Waiting 2000ms
[16:50:29] [PASS] [OK] wait completed
[16:50:30] [INFO] >> Step 44: Clicking: [ #list-header-search-input ]
[16:50:30] [PASS] [OK] click completed
[16:50:30] [INFO] >> Step 45: Clicking: [ #inputDebounce ]
[16:50:30] [PASS] [OK] click completed
[16:50:31] [INFO] >> Step 46: press_sequentially -- #inputDebounce
[16:50:32] [INFO] [press_sequentially] filled and waited for debounce: 'STR-1754-2600793'
[16:50:32] [PASS] [OK] press_sequentially completed
[16:50:32] [PASS] [OK] call_test: 'Direct_Transfer' done
[16:50:32] [INFO] >> Step 2: Clicking: [ #sidebar-wrapper > div > div > div > div > svg ]
[16:50:32] [PASS] [OK] click completed
[16:50:32] [INFO] >> Step 3: Waiting 2000ms
[16:50:34] [PASS] [OK] wait completed
[16:50:36] [INFO] >> Step 4: Pressing key '.' on: [ body ]
[16:50:36] [PASS] [OK] press completed
[16:50:36] [INFO] >> Step 5: press_sequentially -- get_by_role("textbox", name="Search")
[16:50:37] [INFO] [press_sequentially] filled and waited for debounce: 'receipt'
[16:50:37] [PASS] [OK] press_sequentially completed
[16:50:38] [INFO] >> Step 6: Waiting 1000ms
[16:50:39] [PASS] [OK] wait completed
[16:50:39] [INFO] >> Step 7: Clicking: [ get_by_role("link", name="Receipt Inventory") ]
[16:50:39] [PASS] [OK] click completed
[16:50:40] [INFO] >> Step 8: Waiting 3000ms
[16:50:43] [PASS] [OK] wait completed
[16:50:43] [INFO] >> Step 9: Clicking: [ body > jhi-main > div > section > div.app-content > jhi-stock-receipt > athma-page-header > div > athma-tabs-header > section > div.row.align-items-center > div.col-sm-8 > ul > li:nth-child(2) > a > span:nth-child(1) ]
[16:50:49] [PASS] [OK] click completed
[16:50:51] [INFO] >> Step 10: Clicking: [ #inputDebounce ]
[16:50:51] [PASS] [OK] click completed
[16:50:51] [INFO] >> Step 11: press_sequentially -- #inputDebounce
[16:50:52] [INFO] [press_sequentially] filled and waited for debounce: 'STR-1754-2600793'
[16:50:52] [PASS] [OK] press_sequentially completed
[16:50:52] [INFO] >> Step 12: Waiting 1000ms
[16:50:53] [PASS] [OK] wait completed
[16:50:54] [INFO] >> Step 13: Clicking: [ get_by_text("STR-1754-2600793") ]
[16:50:54] [PASS] [OK] click completed
[16:50:54] [INFO] >> Step 14: Waiting 2001ms
[16:50:56] [PASS] [OK] wait completed
[16:50:56] [INFO] >> Step 15: Clicking: [ get_by_role("button", name="Open") ]
[16:50:57] [PASS] [OK] click completed
[16:50:57] [INFO] >> Step 16: Waiting for element: [ body > jhi-main > div > section > div.app-content > jhi-stock-receipt-dialog > div > div > div.pr-0.athma-detail-list-panel.fixed-height-without-header > div > div.scroll-table-header > table > thead > tr > th:nth-child(2) > div > div.input-group.athma-input-group-container > button > i ]
[16:50:58] [PASS] [OK] wait_for_selector completed
[16:50:58] [INFO] [DATA TABLE] 3 row(s), columns: ['receipt_item', 'Recipt_qty']
[16:50:58] [INFO] [DATA TABLE] Row 1/3: receipt_item=PARACETAMOL-TABLET-750MG-P 750-, Recipt_qty=1
[16:50:58] [INFO] >> Step 1: table_action -- body > jhi-main > div > section > div.app-content > jhi-stock-receipt-dialog > div > div > div.pr-0.athma-detail-list-panel.fixed-height-without-header > div > div.scroll-table-body.ps > table
[16:51:03] [PASS] [OK] table_action completed
[16:51:03] [INFO] [DATA TABLE] Row 2/3: receipt_item=FUROSEMIDE-INJECTION-10MG/ML(4ML)-LASIX-, Recipt_qty=2
[16:51:03] [INFO] >> Step 1: table_action -- body > jhi-main > div > section > div.app-content > jhi-stock-receipt-dialog > div > div > div.pr-0.athma-detail-list-panel.fixed-height-without-header > div > div.scroll-table-body.ps > table
[16:51:08] [PASS] [OK] table_action completed
[16:51:08] [INFO] [DATA TABLE] Row 3/3: receipt_item=PANTOPRAZOLE-TABLET-40MG-PAN-, Recipt_qty=3
[16:51:08] [INFO] >> Step 1: table_action -- body > jhi-main > div > section > div.app-content > jhi-stock-receipt-dialog > div > div > div.pr-0.athma-detail-list-panel.fixed-height-without-header > div > div.scroll-table-body.ps > table
[16:51:13] [PASS] [OK] table_action completed
[16:51:13] [INFO] >> Step 20: Clicking: [ get_by_role("button", name="Send for Approval") ]
[16:51:14] [PASS] [OK] click completed
[16:51:14] [INFO] >> Step 21: Waiting 2000ms
[16:51:16] [PASS] [OK] wait completed
[16:51:16] [INFO] >> Step 22: Clicking: [ #btnDone ]
[16:51:16] [PASS] [OK] click completed
[16:51:16] [INFO] >> Step 23: Waiting 2000ms
[16:51:18] [PASS] [OK] wait completed
[16:51:18] [INFO] >> Step 24: Clicking: [ get_by_role("button", name="Claim") ]
[16:51:19] [PASS] [OK] click completed
[16:51:19] [INFO] >> Step 25: Waiting 2000ms
[16:51:21] [PASS] [OK] wait completed
[16:51:21] [INFO] >> Step 26: Clicking: [ get_by_role("button", name="Approve") ]
[16:51:21] [PASS] [OK] click completed
[16:51:21] [INFO] >> Step 27: Clicking: [ #btnDone ]
[16:51:23] [PASS] [OK] click completed
[16:51:23] [INFO] >> Step 28: Waiting 2000ms
[16:51:25] [PASS] [OK] wait completed
[16:51:25] [INFO] >> Step 29: store_text -- body > jhi-main > div > section > div.app-content > jhi-stock-receipt-dialog > div > div > div.pl-0.athma-detail-form-panel > div > div.preview-form-header > h5 > span
[16:51:25] [PASS] [OK] Stored 'SRC-D-1754-2601512' → {{Receipt_Number}}
[16:51:25] [INFO] >> Step 30: Waiting 2000ms
[16:51:27] [PASS] [OK] wait completed
[16:51:27] [INFO] >> Step 31: Clicking: [ get_by_role("button", name="Cancel") ]
[16:51:28] [PASS] [OK] click completed
[16:51:28] [INFO] [OK] PASSED -- 86/86 steps in 129765ms
