[17:02:22] [INFO] >> [async_runner] Starting run #7687 — Type: ui, Browser: chrome
[17:02:24] [INFO] [pool] Acquiring browser context from shared pool...
[17:02:29] [INFO] >> Step 1: Navigating to URL: https://sqa.narayanahealth.org/
[17:02:38] [PASS] [OK] navigate completed
[17:02:38] [INFO] >> Step 2: Clicking: [ #username ]
[17:02:38] [PASS] [OK] click completed
[17:02:38] [INFO] >> Step 3: Typing '337800' into: [ #username ]
[17:02:38] [PASS] [OK] type completed
[17:02:38] [INFO] >> Step 4: Clicking: [ #password ]
[17:02:39] [PASS] [OK] click completed
[17:02:39] [INFO] >> Step 5: Typing 'admin' into: [ #password ]
[17:02:39] [PASS] [OK] type completed
[17:02:39] [INFO] >> Step 6: Clicking: [ body > app-root > div > section > div.app-content > jhi-home > div > div > form:nth-child(2) > div.col-12 > button ]
[17:02:39] [PASS] [OK] click completed
[17:02:40] [INFO] >> Step 7: Waiting 2000ms
[17:02:42] [PASS] [OK] wait completed
[17:02:42] [INFO] >> Step 8: Pressing key '.' on: [ body ]
[17:02:42] [PASS] [OK] press completed
[17:02:42] [INFO] >> Step 9: Typing 'indent' into: [ get_by_role("textbox", name="Search") ]
[17:02:42] [PASS] [OK] type completed
[17:02:42] [INFO] >> Step 10: Clicking: [ get_by_role("link", name="Indent Inventory") ]
[17:02:43] [PASS] [OK] click completed
[17:02:44] [INFO] >> Step 11: Waiting 4000ms
[17:02:48] [PASS] [OK] wait completed
[17:02:49] [INFO] >> Step 12: Clicking: [ get_by_role("button", name="Create New") ]
[17:02:50] [PASS] [OK] click completed
[17:02:51] [INFO] >> Step 13: Clicking: [ #indentStoreInput ]
[17:02:51] [PASS] [OK] click completed
[17:02:51] [INFO] >> Step 14: Clearing: [ #indentStoreInput ]
[17:02:51] [PASS] [OK] clear completed
[17:02:51] [INFO] >> Step 15: Search & Select: type 'IP Pharmacy-Raipur' -> pick 'IP Pharmacy-Raipur' in [ #indentStoreInput ]
[17:02:51] [INFO] [search_select] typing='IP Pharmacy-Raipur' picking='IP Pharmacy-Raipur'
[17:02:54] [PASS] [OK] Search & Select: selected 'IP Pharmacy-Raipur'
[17:02:54] [PASS] [OK] search_select completed
[17:02:54] [INFO] >> Step 16: Clicking: [ #issueStoreInput ]
[17:02:55] [PASS] [OK] click completed
[17:02:55] [INFO] >> Step 17: Clearing: [ #issueStoreInput ]
[17:02:55] [PASS] [OK] clear completed
[17:02:55] [INFO] >> Step 18: Search & Select: type '157-MS1' -> pick 'Main Store-Raipur' in [ #issueStoreInput ]
[17:02:55] [INFO] [search_select] typing='157-MS1' picking='Main Store-Raipur'
[17:02:57] [PASS] [OK] Search & Select: selected 'Main Store-Raipur'
[17:02:57] [PASS] [OK] search_select completed
[17:02:57] [INFO] >> Step 19: Clicking: [ #btnNext ]
[17:02:57] [PASS] [OK] click completed
[17:02:57] [INFO] >> Step 20: Waiting 1000ms
[17:02:58] [PASS] [OK] wait completed
[17:02:58] [INFO] [DATA TABLE] 3 row(s), columns: ['Item_name', 'Qty']
[17:02:58] [INFO] [DATA TABLE] Row 1/3: Item_name=PARACETAMOL-TABLET-750MG-P 750-, Qty=2
[17:02:58] [INFO] >> Step 1: Clicking: [ #itemInput ]
[17:02:59] [PASS] [OK] click completed
[17:02:59] [INFO] >> Step 2: Search & Select: type '{{Item_name}}' -> pick 'PARACETAMOL-TABLET-750MG-P 750-' in [ #itemInput ]
[17:02:59] [INFO] [search_select] typing='PARACETAMOL-TABLET-750MG-P 750-' picking='PARACETAMOL-TABLET-750MG-P 750-'
[17:03:02] [PASS] [OK] Search & Select: selected 'PARACETAMOL-TABLET-750MG-P 750-'
[17:03:02] [PASS] [OK] search_select completed
[17:03:02] [INFO] >> Step 3: Clicking: [ #lImQty ]
[17:03:02] [PASS] [OK] click completed
[17:03:02] [INFO] >> Step 4: Typing '2' into: [ #lImQty ]
[17:03:02] [PASS] [OK] type completed
[17:03:02] [INFO] >> Step 5: Pressing key 'Enter' on: [ #lImQty ]
[17:03:02] [PASS] [OK] press completed
[17:03:02] [INFO] [DATA TABLE] Row 2/3: Item_name=FUROSEMIDE-INJECTION-10MG/ML(4ML)-LASIX-, Qty=4
[17:03:02] [INFO] >> Step 1: Clicking: [ #itemInput ]
[17:03:03] [PASS] [OK] click completed
[17:03:03] [INFO] >> Step 2: Search & Select: type '{{Item_name}}' -> pick 'FUROSEMIDE-INJECTION-10MG/ML(4ML)-LASIX-' in [ #itemInput ]
[17:03:03] [INFO] [search_select] typing='FUROSEMIDE-INJECTION-10MG/ML(4ML)-LASIX-' picking='FUROSEMIDE-INJECTION-10MG/ML(4ML)-LASIX-'
[17:03:06] [PASS] [OK] Search & Select: selected 'FUROSEMIDE-INJECTION-10MG/ML(4ML)-LASIX-'
[17:03:06] [PASS] [OK] search_select completed
[17:03:06] [INFO] >> Step 3: Clicking: [ #lImQty ]
[17:03:07] [PASS] [OK] click completed
[17:03:07] [INFO] >> Step 4: Typing '4' into: [ #lImQty ]
[17:03:07] [PASS] [OK] type completed
[17:03:07] [INFO] >> Step 5: Pressing key 'Enter' on: [ #lImQty ]
[17:03:07] [PASS] [OK] press completed
[17:03:07] [INFO] [DATA TABLE] Row 3/3: Item_name=PANTOPRAZOLE-TABLET-40MG-PAN-, Qty=6
[17:03:07] [INFO] >> Step 1: Clicking: [ #itemInput ]
[17:03:07] [PASS] [OK] click completed
[17:03:07] [INFO] >> Step 2: Search & Select: type '{{Item_name}}' -> pick 'PANTOPRAZOLE-TABLET-40MG-PAN-' in [ #itemInput ]
[17:03:07] [INFO] [search_select] typing='PANTOPRAZOLE-TABLET-40MG-PAN-' picking='PANTOPRAZOLE-TABLET-40MG-PAN-'
[17:03:10] [PASS] [OK] Search & Select: selected 'PANTOPRAZOLE-TABLET-40MG-PAN-'
[17:03:10] [PASS] [OK] search_select completed
[17:03:10] [INFO] >> Step 3: Clicking: [ #lImQty ]
[17:03:11] [PASS] [OK] click completed
[17:03:11] [INFO] >> Step 4: Typing '6' into: [ #lImQty ]
[17:03:11] [PASS] [OK] type completed
[17:03:11] [INFO] >> Step 5: Pressing key 'Enter' on: [ #lImQty ]
[17:03:11] [PASS] [OK] press completed
[17:03:11] [INFO] >> Step 28: Waiting 2000ms
[17:03:13] [PASS] [OK] wait completed
[17:03:13] [INFO] >> Step 29: Clicking: [ get_by_role("button", name="Save") ]
[17:03:14] [PASS] [OK] click completed
[17:03:14] [INFO] >> Step 30: Waiting 2000ms
[17:03:16] [PASS] [OK] wait completed
[17:03:16] [INFO] >> Step 31: Clicking: [ #btnDone ]
[17:03:16] [PASS] [OK] click completed
[17:03:16] [INFO] >> Step 32: Clicking: [ get_by_role("button", name="Send for Approval") ]
[17:03:17] [PASS] [OK] click completed
[17:03:17] [INFO] >> Step 33: Waiting for element: [ #btnDone ]
[17:03:18] [PASS] [OK] wait_for_selector completed
[17:03:18] [INFO] >> Step 34: Clicking: [ #btnDone ]
[17:03:18] [PASS] [OK] click completed
[17:03:18] [INFO] >> Step 35: store_text -- body > jhi-main > div > section > div.app-content > jhi-stock-indent-dialog > div > div > div.pl-0.athma-detail-form-panel > div > div.preview-form-header > h5 > span
[17:03:18] [PASS] [OK] Stored 'SRQ-1754-2601586' → {{Indent_Number}}
[17:03:18] [INFO] >> Step 36: Waiting 2000ms
[17:03:20] [PASS] [OK] wait completed
[17:03:21] [INFO] >> Step 37: Clicking: [ get_by_role("button", name="Claim") ]
[17:03:21] [PASS] [OK] click completed
[17:03:21] [INFO] >> Step 38: Clicking: [ get_by_role("button", name="Approve") ]
[17:03:22] [PASS] [OK] click completed
[17:03:22] [INFO] >> Step 39: Waiting 2000ms
[17:03:24] [PASS] [OK] wait completed
[17:03:24] [INFO] >> Step 40: Clicking: [ #btnDone ]
[17:03:25] [PASS] [OK] click completed
[17:03:25] [INFO] >> Step 41: Clicking: [ body > jhi-main > div > section > div.app-content > jhi-stock-indent-dialog > div > div > div.pr-0.athma-detail-list-panel.fixed-height-without-header > stock-indent-button > div > div.col-sm-8.text-right.pr-0 > button ]
[17:03:25] [PASS] [OK] click completed
[17:03:25] [INFO] >> Step 42: Waiting 2000ms
[17:03:28] [PASS] [OK] wait completed
[17:03:28] [INFO] >> Step 43: Clicking: [ body > jhi-main > div > section > div.app-content > jhi-stock-indent > athma-page-header > div > athma-tabs-header > section > div.row.align-items-center > div.col-sm-8 > ul > li:nth-child(1) > a > span ]
[17:03:28] [PASS] [OK] click completed
[17:03:28] [INFO] >> Step 44: Clicking: [ #inputDebounce ]
[17:03:29] [PASS] [OK] click completed
[17:03:29] [INFO] >> Step 45: press_sequentially -- #inputDebounce
[17:03:30] [INFO] [press_sequentially] filled and waited for debounce: 'SRQ-1754-2601586'
[17:03:30] [PASS] [OK] press_sequentially completed
[17:03:30] [PASS] [OK] call_test: 'SAI_Indent_ForLoop' done
[17:03:30] [INFO] >> Step 2: Navigating to URL: https://sqa.narayanahealth.org/home-page
[17:03:32] [PASS] [OK] navigate completed
[17:03:33] [INFO] >> Step 3: Waiting 2000ms
[17:03:35] [PASS] [OK] wait completed
[17:03:35] [INFO] >> Step 4: Pressing key '.' on: [ body ]
[17:03:35] [PASS] [OK] press completed
[17:03:35] [INFO] >> Step 5: Waiting 2000ms
[17:03:37] [PASS] [OK] wait completed
[17:03:37] [INFO] >> Step 6: press_sequentially -- get_by_role("textbox", name="Search")
[17:03:38] [INFO] [press_sequentially] filled and waited for debounce: 'issue'
[17:03:38] [PASS] [OK] press_sequentially completed
[17:03:38] [INFO] >> Step 7: Waiting 2000ms
[17:03:40] [PASS] [OK] wait completed
[17:03:40] [INFO] >> Step 8: Clicking: [ #menu_0_0_7 ]
[17:03:41] [PASS] [OK] click completed
[17:03:41] [INFO] >> Step 9: Waiting 3000ms
[17:03:44] [PASS] [OK] wait completed
[17:03:44] [INFO] >> Step 10: Clicking: [ #inputDebounce ]
[17:03:47] [PASS] [OK] click completed
[17:03:49] [INFO] >> Step 11: press_sequentially -- #inputDebounce
[17:03:50] [INFO] [press_sequentially] filled and waited for debounce: 'SRQ-1754-2601586'
[17:03:50] [PASS] [OK] press_sequentially completed
[17:03:50] [INFO] >> Step 12: Waiting 1000ms
[17:03:51] [PASS] [OK] wait completed
[17:03:51] [INFO] >> Step 13: Clicking: [ get_by_text("SRQ-1754-2601586") ]
[17:03:52] [PASS] [OK] click completed
[17:03:52] [INFO] >> Step 14: Waiting 2001ms
[17:03:54] [PASS] [OK] wait completed
[17:03:54] [INFO] >> Step 15: Clicking: [ get_by_role("button", name="Open") ]
[17:03:55] [PASS] [OK] click completed
[17:03:55] [INFO] >> Step 16: Waiting 2000ms
[17:03:57] [PASS] [OK] wait completed
[17:03:57] [INFO] [DATA TABLE] 3 row(s), columns: ['issue_itemName', 'Batch', 'Issue_Qty']
[17:03:57] [INFO] [DATA TABLE] Row 1/3: issue_itemName=PARACETAMOL-TABLET-750MG-P 750-, Batch=batch main, Issue_Qty=2
[17:03:57] [INFO] >> Step 1: table_action -- body > jhi-main > div > section > div.app-content > jhi-stock-issue-dialog > div > div > div.pr-0.athma-detail-list-panel.fixed-height-without-header > div > div.scroll-table-body.ps.position-relative > table
[17:03:59] [PASS] [OK] table_action completed
[17:03:59] [INFO] >> Step 2: table_action -- body > jhi-main > div > section > div.app-content > jhi-stock-issue-dialog > div > div > div.pr-0.athma-detail-list-panel.fixed-height-without-header > div > div.scroll-table-body.ps.position-relative > table
[17:04:04] [PASS] [OK] table_action completed
[17:04:04] [INFO] >> Step 3: Waiting 1000ms
[17:04:05] [PASS] [OK] wait completed
[17:04:05] [INFO] [DATA TABLE] Row 2/3: issue_itemName=FUROSEMIDE-INJECTION-10MG/ML(4ML)-LASIX-, Batch=2119077, Issue_Qty=4
[17:04:05] [INFO] >> Step 1: table_action -- body > jhi-main > div > section > div.app-content > jhi-stock-issue-dialog > div > div > div.pr-0.athma-detail-list-panel.fixed-height-without-header > div > div.scroll-table-body.ps.position-relative > table
[17:04:07] [PASS] [OK] table_action completed
[17:04:08] [INFO] >> Step 2: table_action -- body > jhi-main > div > section > div.app-content > jhi-stock-issue-dialog > div > div > div.pr-0.athma-detail-list-panel.fixed-height-without-header > div > div.scroll-table-body.ps.position-relative > table
[17:04:13] [PASS] [OK] table_action completed
[17:04:13] [INFO] >> Step 3: Waiting 1000ms
[17:04:14] [PASS] [OK] wait completed
[17:04:14] [INFO] [DATA TABLE] Row 3/3: issue_itemName=PANTOPRAZOLE-TABLET-40MG-PAN-, Batch=19440364, Issue_Qty=6
[17:04:14] [INFO] >> Step 1: table_action -- body > jhi-main > div > section > div.app-content > jhi-stock-issue-dialog > div > div > div.pr-0.athma-detail-list-panel.fixed-height-without-header > div > div.scroll-table-body.ps.position-relative > table
[17:04:16] [PASS] [OK] table_action completed
[17:04:16] [INFO] >> Step 2: table_action -- body > jhi-main > div > section > div.app-content > jhi-stock-issue-dialog > div > div > div.pr-0.athma-detail-list-panel.fixed-height-without-header > div > div.scroll-table-body.ps.position-relative > table
[17:04:21] [PASS] [OK] table_action completed
[17:04:21] [INFO] >> Step 3: Waiting 1000ms
[17:04:22] [PASS] [OK] wait completed
[17:04:22] [INFO] >> Step 22: Clicking: [ get_by_role("button", name="Send for Approval") ]
[17:04:23] [PASS] [OK] click completed
[17:04:23] [INFO] >> Step 23: Waiting 2000ms
[17:04:25] [PASS] [OK] wait completed
[17:04:25] [INFO] >> Step 24: Clicking: [ #btnDone ]
[17:04:25] [PASS] [OK] click completed
[17:04:25] [INFO] >> Step 25: Waiting 2000ms
[17:04:27] [PASS] [OK] wait completed
[17:04:28] [INFO] >> Step 26: Clicking: [ get_by_role("button", name="Claim") ]
[17:04:28] [PASS] [OK] click completed
[17:04:28] [INFO] >> Step 27: Waiting 2000ms
[17:04:30] [PASS] [OK] wait completed
[17:04:30] [INFO] >> Step 28: Clicking: [ text="Approve" ]
[17:04:31] [PASS] [OK] click completed
[17:04:31] [INFO] >> Step 29: Clicking: [ #btnDone ]
[17:04:32] [PASS] [OK] click completed
[17:04:32] [INFO] >> Step 30: Waiting 2000ms
[17:04:34] [PASS] [OK] wait completed
[17:04:34] [INFO] >> Step 31: store_text -- body > jhi-main > div > section > div.app-content > jhi-stock-issue-dialog > div > div > div.pl-0.athma-detail-form-panel > div > div.preview-form-header > h5 > span
[17:04:35] [PASS] [OK] Stored 'SIS-1754-2601087' → {{Issue_Number}}
[17:04:35] [INFO] >> Step 32: Waiting 2000ms
[17:04:37] [PASS] [OK] wait completed
[17:04:37] [INFO] >> Step 33: Clicking: [ get_by_role("button", name="Cancel") ]
[17:04:37] [PASS] [OK] click completed
[17:04:38] [PASS] [OK] call_test: 'Issue_Full_Qty' done
[17:04:38] [INFO] >> Step 2: Clicking: [ #sidebar-wrapper > div > div > div > div > svg ]
[17:04:38] [PASS] [OK] click completed
[17:04:39] [INFO] >> Step 3: Waiting for URL to contain: 'https://sqa.narayanahealth.org/home-page'
[17:04:41] [PASS] [OK] wait_for_url completed
[17:04:41] [INFO] >> Step 4: Pressing key '.' on: [ body ]
[17:04:42] [PASS] [OK] press completed
[17:04:42] [INFO] >> Step 5: press_sequentially -- get_by_role("textbox", name="Search")
[17:04:43] [INFO] [press_sequentially] filled and waited for debounce: 'receipt'
[17:04:43] [PASS] [OK] press_sequentially completed
[17:04:43] [INFO] >> Step 6: Waiting 1000ms
[17:04:44] [PASS] [OK] wait completed
[17:04:44] [INFO] >> Step 7: Clicking: [ get_by_role("link", name="Receipt Inventory") ]
[17:04:45] [PASS] [OK] click completed
[17:04:45] [INFO] >> Step 8: Waiting 3000ms
[17:04:48] [PASS] [OK] wait completed
[17:04:48] [INFO] >> Step 9: Clicking: [ #inputDebounce ]
[17:04:54] [PASS] [OK] click completed
[17:04:55] [INFO] >> Step 10: press_sequentially -- #inputDebounce
[17:04:56] [INFO] [press_sequentially] filled and waited for debounce: 'SIS-1754-2601087'
[17:04:56] [PASS] [OK] press_sequentially completed
[17:04:56] [INFO] >> Step 11: Waiting 1000ms
[17:04:58] [PASS] [OK] wait completed
[17:04:58] [INFO] >> Step 12: Clicking: [ get_by_text("SIS-1754-2601087") ]
[17:04:58] [PASS] [OK] click completed
[17:04:58] [INFO] >> Step 13: Waiting 2001ms
[17:05:01] [PASS] [OK] wait completed
[17:05:01] [INFO] >> Step 14: Clicking: [ get_by_role("button", name="Open") ]
[17:05:01] [PASS] [OK] click completed
[17:05:01] [INFO] >> Step 15: Waiting for element: [ body > jhi-main > div > section > div.app-content > jhi-stock-receipt-dialog > div > div > div.pr-0.athma-detail-list-panel.fixed-height-without-header > div > div.scroll-table-header > table > thead > tr > th:nth-child(2) > div > div.input-group.athma-input-group-container > button > i ]
[17:05:02] [PASS] [OK] wait_for_selector completed
[17:05:02] [INFO] [DATA TABLE] 3 row(s), columns: ['receipt_item', 'Recipt_qty', 'Receipt_reject_Qty', 'Reject_reson']
[17:05:02] [INFO] [DATA TABLE] Row 1/3: receipt_item=PARACETAMOL-TABLET-750MG-P 750-, Recipt_qty=0, Receipt_reject_Qty=2, Reject_reson=Item is damaged
[17:05:02] [INFO] >> Step 1: table_action -- body > jhi-main > div > section > div.app-content > jhi-stock-receipt-dialog > div > div > div.pr-0.athma-detail-list-panel.fixed-height-without-header > div > div.scroll-table-body.ps > table
[17:05:07] [PASS] [OK] table_action completed
[17:05:07] [INFO] >> Step 2: table_action -- body > jhi-main > div > section > div.app-content > jhi-stock-receipt-dialog > div > div > div.pr-0.athma-detail-list-panel.fixed-height-without-header > div > div.scroll-table-body.ps > table
[17:05:12] [PASS] [OK] table_action completed
[17:05:12] [INFO] >> Step 3: table_action -- body > jhi-main > div > section > div.app-content > jhi-stock-receipt-dialog > div > div > div.pr-0.athma-detail-list-panel.fixed-height-without-header > div > div.scroll-table-body.ps > table
[17:05:12] [PASS] [OK] table_action completed
[17:05:12] [INFO] [DATA TABLE] Row 2/3: receipt_item=FUROSEMIDE-INJECTION-10MG/ML(4ML)-LASIX-, Recipt_qty=0, Receipt_reject_Qty=4, Reject_reson=Expired or expiry date is less than 30 days
[17:05:12] [INFO] >> Step 1: table_action -- body > jhi-main > div > section > div.app-content > jhi-stock-receipt-dialog > div > div > div.pr-0.athma-detail-list-panel.fixed-height-without-header > div > div.scroll-table-body.ps > table
[17:05:17] [PASS] [OK] table_action completed
[17:05:17] [INFO] >> Step 2: table_action -- body > jhi-main > div > section > div.app-content > jhi-stock-receipt-dialog > div > div > div.pr-0.athma-detail-list-panel.fixed-height-without-header > div > div.scroll-table-body.ps > table
[17:05:22] [PASS] [OK] table_action completed
[17:05:22] [INFO] >> Step 3: table_action -- body > jhi-main > div > section > div.app-content > jhi-stock-receipt-dialog > div > div > div.pr-0.athma-detail-list-panel.fixed-height-without-header > div > div.scroll-table-body.ps > table
[17:05:22] [PASS] [OK] table_action completed
[17:05:22] [INFO] [DATA TABLE] Row 3/3: receipt_item=PANTOPRAZOLE-TABLET-40MG-PAN-, Recipt_qty=0, Receipt_reject_Qty=6, Reject_reson=Not received
[17:05:22] [INFO] >> Step 1: table_action -- body > jhi-main > div > section > div.app-content > jhi-stock-receipt-dialog > div > div > div.pr-0.athma-detail-list-panel.fixed-height-without-header > div > div.scroll-table-body.ps > table
[17:05:27] [PASS] [OK] table_action completed
[17:05:27] [INFO] >> Step 2: table_action -- body > jhi-main > div > section > div.app-content > jhi-stock-receipt-dialog > div > div > div.pr-0.athma-detail-list-panel.fixed-height-without-header > div > div.scroll-table-body.ps > table
[17:05:32] [PASS] [OK] table_action completed
[17:05:32] [INFO] >> Step 3: table_action -- body > jhi-main > div > section > div.app-content > jhi-stock-receipt-dialog > div > div > div.pr-0.athma-detail-list-panel.fixed-height-without-header > div > div.scroll-table-body.ps > table
[17:05:32] [PASS] [OK] table_action completed
[17:05:32] [INFO] >> Step 21: Clicking: [ get_by_role("button", name="Send for Approval") ]
[17:05:33] [PASS] [OK] click completed
[17:05:33] [INFO] >> Step 22: Waiting 2000ms
[17:05:35] [PASS] [OK] wait completed
[17:05:35] [INFO] >> Step 23: Clicking: [ #btnDone ]
[17:05:35] [PASS] [OK] click completed
[17:05:35] [INFO] >> Step 24: Waiting 2000ms
[17:05:38] [PASS] [OK] wait completed
[17:05:38] [INFO] >> Step 25: Clicking: [ get_by_role("button", name="Claim") ]
[17:05:38] [PASS] [OK] click completed
[17:05:38] [INFO] >> Step 26: Waiting 2000ms
[17:05:40] [PASS] [OK] wait completed
[17:05:40] [INFO] >> Step 27: Clicking: [ get_by_role("button", name="Approve") ]
[17:05:41] [PASS] [OK] click completed
[17:05:41] [INFO] >> Step 28: Clicking: [ #btnDone ]
[17:05:42] [PASS] [OK] click completed
[17:05:42] [INFO] >> Step 29: Waiting 2000ms
[17:05:44] [PASS] [OK] wait completed
[17:05:44] [INFO] >> Step 30: store_text -- body > jhi-main > div > section > div.app-content > jhi-stock-receipt-dialog > div > div > div.pl-0.athma-detail-form-panel > div > div.preview-form-header > h5 > span
[17:05:44] [PASS] [OK] Stored 'SRC-I-1754-2601518' → {{Receipt_Number}}
[17:05:44] [INFO] >> Step 31: Waiting 2000ms
[17:05:47] [PASS] [OK] wait completed
[17:05:47] [INFO] >> Step 32: Clicking: [ get_by_role("button", name="Cancel") ]
[17:05:47] [PASS] [OK] click completed
[17:05:48] [INFO] [OK] PASSED -- 124/124 steps in 203872ms
