[17:27:47] [INFO] >> [async_runner] Starting run #7696 — Type: ui, Browser: chrome
[17:27:49] [INFO] [pool] Acquiring browser context from shared pool...
[17:27:53] [INFO] >> Step 1: Navigating to URL: https://sqa.narayanahealth.org/
[17:28:06] [PASS] [OK] navigate completed
[17:28:06] [INFO] >> Step 2: Clicking: [ #username ]
[17:28:07] [PASS] [OK] click completed
[17:28:07] [INFO] >> Step 3: Typing '337800' into: [ #username ]
[17:28:07] [PASS] [OK] type completed
[17:28:07] [INFO] >> Step 4: Clicking: [ #password ]
[17:28:07] [PASS] [OK] click completed
[17:28:07] [INFO] >> Step 5: Typing 'admin' into: [ #password ]
[17:28:07] [PASS] [OK] type completed
[17:28:07] [INFO] >> Step 6: Clicking: [ body > app-root > div > section > div.app-content > jhi-home > div > div > form:nth-child(2) > div.col-12 > button ]
[17:28:08] [PASS] [OK] click completed
[17:28:08] [INFO] >> Step 7: Waiting for element: [ body > app-root > div > section > div.app-content > header > jhi-navbar > nav > div.jh-logo-container.float-left.col-6.ps-0 > span ]
[17:28:10] [PASS] [OK] wait_for_selector completed
[17:28:10] [INFO] >> Step 8: Pressing key '.' on: [ body ]
[17:28:10] [PASS] [OK] press completed
[17:28:10] [INFO] >> Step 9: Typing 'indent' into: [ get_by_role("textbox", name="Search") ]
[17:28:10] [PASS] [OK] type completed
[17:28:10] [INFO] >> Step 10: Clicking: [ get_by_role("link", name="Indent Inventory") ]
[17:28:11] [PASS] [OK] click completed
[17:28:22] [INFO] >> Step 11: Waiting for element: [ body > jhi-main > div > section > div.app-content > header > jhi-navbar > nav > div.jh-logo-container.float-left.col-6.pl-0 > a.navbar-brand.logo.float-left > span.navbar-title ]
[17:28:24] [PASS] [OK] wait_for_selector completed
[17:28:24] [INFO] >> Step 12: Clicking: [ get_by_role("button", name="Create New") ]
[17:28:25] [PASS] [OK] click completed
[17:28:25] [INFO] >> Step 13: Waiting for element: [ #indentStoreInput ]
[17:28:25] [PASS] [OK] wait_for_selector completed
[17:28:25] [INFO] >> Step 14: Clicking: [ #indentStoreInput ]
[17:28:26] [PASS] [OK] click completed
[17:28:26] [INFO] >> Step 15: Clearing: [ #indentStoreInput ]
[17:28:26] [PASS] [OK] clear completed
[17:28:26] [INFO] >> Step 16: Search & Select: type 'IP Pharmacy-Raipur' -> pick 'IP Pharmacy-Raipur' in [ #indentStoreInput ]
[17:28:26] [INFO] [search_select] typing='IP Pharmacy-Raipur' picking='IP Pharmacy-Raipur'
[17:28:28] [PASS] [OK] Search & Select: selected 'IP Pharmacy-Raipur'
[17:28:28] [PASS] [OK] search_select completed
[17:28:28] [INFO] >> Step 17: Clicking: [ #issueStoreInput ]
[17:28:29] [PASS] [OK] click completed
[17:28:29] [INFO] >> Step 18: Clearing: [ #issueStoreInput ]
[17:28:29] [PASS] [OK] clear completed
[17:28:29] [INFO] >> Step 19: Search & Select: type '157-MS1' -> pick 'Main Store-Raipur' in [ #issueStoreInput ]
[17:28:29] [INFO] [search_select] typing='157-MS1' picking='Main Store-Raipur'
[17:28:31] [PASS] [OK] Search & Select: selected 'Main Store-Raipur'
[17:28:31] [PASS] [OK] search_select completed
[17:28:31] [INFO] >> Step 20: Clicking: [ #btnNext ]
[17:28:31] [PASS] [OK] click completed
[17:28:31] [INFO] >> Step 21: Waiting for element: [ #itemInput ]
[17:28:31] [PASS] [OK] wait_for_selector completed
[17:28:31] [INFO] [DATA TABLE] 3 row(s), columns: ['Item_name', 'Qty']
[17:28:31] [INFO] [DATA TABLE] Row 1/3: Item_name=PARACETAMOL-TABLET-750MG-P 750-, Qty=2
[17:28:31] [INFO] >> Step 1: Clicking: [ #itemInput ]
[17:28:32] [PASS] [OK] click completed
[17:28:32] [INFO] >> Step 2: Search & Select: type '{{Item_name}}' -> pick 'PARACETAMOL-TABLET-750MG-P 750-' in [ #itemInput ]
[17:28:32] [INFO] [search_select] typing='PARACETAMOL-TABLET-750MG-P 750-' picking='PARACETAMOL-TABLET-750MG-P 750-'
[17:28:35] [PASS] [OK] Search & Select: selected 'PARACETAMOL-TABLET-750MG-P 750-'
[17:28:35] [PASS] [OK] search_select completed
[17:28:35] [INFO] >> Step 3: Clicking: [ #lImQty ]
[17:28:35] [PASS] [OK] click completed
[17:28:35] [INFO] >> Step 4: Typing '2' into: [ #lImQty ]
[17:28:35] [PASS] [OK] type completed
[17:28:35] [INFO] >> Step 5: Pressing key 'Enter' on: [ #lImQty ]
[17:28:35] [PASS] [OK] press completed
[17:28:35] [INFO] [DATA TABLE] Row 2/3: Item_name=FUROSEMIDE-INJECTION-10MG/ML(4ML)-LASIX-, Qty=4
[17:28:35] [INFO] >> Step 1: Clicking: [ #itemInput ]
[17:28:36] [PASS] [OK] click completed
[17:28:36] [INFO] >> Step 2: Search & Select: type '{{Item_name}}' -> pick 'FUROSEMIDE-INJECTION-10MG/ML(4ML)-LASIX-' in [ #itemInput ]
[17:28:36] [INFO] [search_select] typing='FUROSEMIDE-INJECTION-10MG/ML(4ML)-LASIX-' picking='FUROSEMIDE-INJECTION-10MG/ML(4ML)-LASIX-'
[17:28:39] [PASS] [OK] Search & Select: selected 'FUROSEMIDE-INJECTION-10MG/ML(4ML)-LASIX-'
[17:28:39] [PASS] [OK] search_select completed
[17:28:39] [INFO] >> Step 3: Clicking: [ #lImQty ]
[17:28:40] [PASS] [OK] click completed
[17:28:40] [INFO] >> Step 4: Typing '4' into: [ #lImQty ]
[17:28:40] [PASS] [OK] type completed
[17:28:40] [INFO] >> Step 5: Pressing key 'Enter' on: [ #lImQty ]
[17:28:40] [PASS] [OK] press completed
[17:28:40] [INFO] [DATA TABLE] Row 3/3: Item_name=PANTOPRAZOLE-TABLET-40MG-PAN-, Qty=6
[17:28:40] [INFO] >> Step 1: Clicking: [ #itemInput ]
[17:28:41] [PASS] [OK] click completed
[17:28:41] [INFO] >> Step 2: Search & Select: type '{{Item_name}}' -> pick 'PANTOPRAZOLE-TABLET-40MG-PAN-' in [ #itemInput ]
[17:28:41] [INFO] [search_select] typing='PANTOPRAZOLE-TABLET-40MG-PAN-' picking='PANTOPRAZOLE-TABLET-40MG-PAN-'
[17:28:44] [PASS] [OK] Search & Select: selected 'PANTOPRAZOLE-TABLET-40MG-PAN-'
[17:28:44] [PASS] [OK] search_select completed
[17:28:44] [INFO] >> Step 3: Clicking: [ #lImQty ]
[17:28:44] [PASS] [OK] click completed
[17:28:44] [INFO] >> Step 4: Typing '6' into: [ #lImQty ]
[17:28:44] [PASS] [OK] type completed
[17:28:44] [INFO] >> Step 5: Pressing key 'Enter' on: [ #lImQty ]
[17:28:44] [PASS] [OK] press completed
[17:28:44] [INFO] >> Step 29: Waiting 2000ms
[17:28:46] [PASS] [OK] wait completed
[17:28:46] [INFO] >> Step 30: Clicking: [ get_by_role("button", name="Save") ]
[17:28:47] [PASS] [OK] click completed
[17:28:47] [INFO] >> Step 31: Waiting for element: [ #btnDone ]
[17:28:48] [PASS] [OK] wait_for_selector completed
[17:28:48] [INFO] >> Step 32: Clicking: [ #btnDone ]
[17:28:48] [PASS] [OK] click completed
[17:28:48] [INFO] >> Step 33: store_text -- body > jhi-main > div > section > div.app-content > jhi-stock-indent-dialog > div > div > div.pl-0.athma-detail-form-panel > div > div.preview-form-header > h5 > span
[17:28:48] [PASS] [OK] Stored 'DRAFT-225052' → {{Indent_Number}}
[17:28:48] [INFO] >> Step 34: Waiting 2000ms
[17:28:51] [PASS] [OK] wait completed
[17:28:51] [INFO] >> Step 35: Clicking: [ get_by_role("button", name="Cancel") ]
[17:28:51] [PASS] [OK] click completed
[17:28:51] [INFO] >> Step 36: Waiting 2000ms
[17:28:53] [PASS] [OK] wait completed
[17:28:54] [PASS] [OK] call_test: 'Indent_Draft' done
[17:28:54] [INFO] >> Step 2: Clicking: [ #inputDebounce ]
[17:28:54] [PASS] [OK] click completed
[17:28:54] [INFO] >> Step 3: press_sequentially -- #inputDebounce
[17:28:55] [INFO] [press_sequentially] filled and waited for debounce: 'DRAFT-225052'
[17:28:55] [PASS] [OK] press_sequentially completed
[17:28:55] [INFO] >> Step 4: Clicking: [ get_by_text("DRAFT-225052") ]
[17:28:56] [PASS] [OK] click completed
[17:28:56] [INFO] >> Step 5: Clicking: [ get_by_role("button", name="Open") ]
[17:28:56] [PASS] [OK] click completed
[17:28:57] [INFO] >> Step 6: Waiting for element: [ #itemInput ]
[17:28:57] [PASS] [OK] wait_for_selector completed
[17:28:57] [INFO] [DATA TABLE] 3 row(s), columns: ['Item_name', 'Qty']
[17:28:57] [INFO] [DATA TABLE] Row 1/3: Item_name=PARACETAMOL-TABLET-750MG-P 750-, Qty=1
[17:28:57] [INFO] >> Step 1: table_action -- body > jhi-main > div > section > div.app-content > jhi-stock-indent-dialog > div > div > div.pr-0.athma-detail-list-panel.fixed-height-without-header > div > div.scroll-table-body.ps.position-relative > table
[17:29:02] [PASS] [OK] table_action completed
[17:29:02] [INFO] [DATA TABLE] Row 2/3: Item_name=FUROSEMIDE-INJECTION-10MG/ML(4ML)-LASIX-, Qty=2
[17:29:02] [INFO] >> Step 1: table_action -- body > jhi-main > div > section > div.app-content > jhi-stock-indent-dialog > div > div > div.pr-0.athma-detail-list-panel.fixed-height-without-header > div > div.scroll-table-body.ps.position-relative > table
[17:29:07] [PASS] [OK] table_action completed
[17:29:07] [INFO] [DATA TABLE] Row 3/3: Item_name=PANTOPRAZOLE-TABLET-40MG-PAN-, Qty=3
[17:29:07] [INFO] >> Step 1: table_action -- body > jhi-main > div > section > div.app-content > jhi-stock-indent-dialog > div > div > div.pr-0.athma-detail-list-panel.fixed-height-without-header > div > div.scroll-table-body.ps.position-relative > table
[17:29:12] [PASS] [OK] table_action completed
[17:29:12] [INFO] >> Step 10: Clicking: [ get_by_role("button", name="Save") ]
[17:29:13] [PASS] [OK] click completed
[17:29:13] [INFO] >> Step 11: Waiting for element: [ #btnDone ]
[17:29:13] [PASS] [OK] wait_for_selector completed
[17:29:13] [INFO] >> Step 12: Clicking: [ #btnDone ]
[17:29:14] [PASS] [OK] click completed
[17:29:14] [INFO] >> Step 13: Clicking: [ get_by_role("button", name="Cancel") ]
[17:29:14] [PASS] [OK] click completed
[17:29:14] [INFO] >> Step 14: Waiting 2000ms
[17:29:16] [PASS] [OK] wait completed
[17:29:17] [INFO] [OK] PASSED -- 57/57 steps in 87176ms
