[17:31:40] [INFO] >> [async_runner] Starting run #7699 — Type: ui, Browser: chrome
[17:31:42] [INFO] [pool] Acquiring browser context from shared pool...
[17:31:47] [INFO] >> Step 1: Navigating to URL: https://sqa.narayanahealth.org/
[17:31:55] [PASS] [OK] navigate completed
[17:31:56] [INFO] >> Step 2: Clicking: [ #username ]
[17:31:56] [PASS] [OK] click completed
[17:31:56] [INFO] >> Step 3: Typing '337800' into: [ #username ]
[17:31:56] [PASS] [OK] type completed
[17:31:56] [INFO] >> Step 4: Clicking: [ #password ]
[17:31:57] [PASS] [OK] click completed
[17:31:57] [INFO] >> Step 5: Typing 'admin' into: [ #password ]
[17:31:57] [PASS] [OK] type completed
[17:31:57] [INFO] >> Step 6: Clicking: [ body > app-root > div > section > div.app-content > jhi-home > div > div > form:nth-child(2) > div.col-12 > button ]
[17:31:57] [PASS] [OK] click completed
[17:31:57] [INFO] >> Step 7: Waiting 2000ms
[17:31:59] [PASS] [OK] wait completed
[17:32:00] [INFO] >> Step 8: Pressing key '.' on: [ body ]
[17:32:00] [PASS] [OK] press completed
[17:32:00] [INFO] >> Step 9: Typing 'indent' into: [ get_by_role("textbox", name="Search") ]
[17:32:01] [PASS] [OK] type completed
[17:32:01] [INFO] >> Step 10: Clicking: [ get_by_role("link", name="Indent Inventory") ]
[17:32:01] [PASS] [OK] click completed
[17:32:01] [INFO] >> Step 11: Waiting 4000ms
[17:32:05] [PASS] [OK] wait completed
[17:32:06] [INFO] >> Step 12: Clicking: [ get_by_role("button", name="Create New") ]
[17:32:09] [PASS] [OK] click completed
[17:32:10] [INFO] >> Step 13: Clicking: [ #indentStoreInput ]
[17:32:11] [PASS] [OK] click completed
[17:32:11] [INFO] >> Step 14: Clearing: [ #indentStoreInput ]
[17:32:11] [PASS] [OK] clear completed
[17:32:11] [INFO] >> Step 15: Search & Select: type 'IP Pharmacy-Raipur' -> pick 'IP Pharmacy-Raipur' in [ #indentStoreInput ]
[17:32:11] [INFO] [search_select] typing='IP Pharmacy-Raipur' picking='IP Pharmacy-Raipur'
[17:32:14] [PASS] [OK] Search & Select: selected 'IP Pharmacy-Raipur'
[17:32:14] [PASS] [OK] search_select completed
[17:32:14] [INFO] >> Step 16: Clicking: [ #issueStoreInput ]
[17:32:15] [PASS] [OK] click completed
[17:32:15] [INFO] >> Step 17: Clearing: [ #issueStoreInput ]
[17:32:15] [PASS] [OK] clear completed
[17:32:15] [INFO] >> Step 18: Search & Select: type '157-MS1' -> pick 'Main Store-Raipur' in [ #issueStoreInput ]
[17:32:15] [INFO] [search_select] typing='157-MS1' picking='Main Store-Raipur'
[17:32:17] [PASS] [OK] Search & Select: selected 'Main Store-Raipur'
[17:32:17] [PASS] [OK] search_select completed
[17:32:17] [INFO] >> Step 19: Clicking: [ #btnNext ]
[17:32:17] [PASS] [OK] click completed
[17:32:17] [INFO] >> Step 20: Waiting 1000ms
[17:32:18] [PASS] [OK] wait completed
[17:32:18] [INFO] [DATA TABLE] 3 row(s), columns: ['Item_name', 'Qty']
[17:32:18] [INFO] [DATA TABLE] Row 1/3: Item_name=PARACETAMOL-TABLET-750MG-P 750-, Qty=2
[17:32:18] [INFO] >> Step 1: Clicking: [ #itemInput ]
[17:32:19] [PASS] [OK] click completed
[17:32:19] [INFO] >> Step 2: Search & Select: type '{{Item_name}}' -> pick 'PARACETAMOL-TABLET-750MG-P 750-' in [ #itemInput ]
[17:32:19] [INFO] [search_select] typing='PARACETAMOL-TABLET-750MG-P 750-' picking='PARACETAMOL-TABLET-750MG-P 750-'
[17:32:22] [PASS] [OK] Search & Select: selected 'PARACETAMOL-TABLET-750MG-P 750-'
[17:32:22] [PASS] [OK] search_select completed
[17:32:22] [INFO] >> Step 3: Clicking: [ #lImQty ]
[17:32:23] [PASS] [OK] click completed
[17:32:23] [INFO] >> Step 4: Typing '2' into: [ #lImQty ]
[17:32:23] [PASS] [OK] type completed
[17:32:23] [INFO] >> Step 5: Pressing key 'Enter' on: [ #lImQty ]
[17:32:23] [PASS] [OK] press completed
[17:32:23] [INFO] [DATA TABLE] Row 2/3: Item_name=FUROSEMIDE-INJECTION-10MG/ML(4ML)-LASIX-, Qty=4
[17:32:23] [INFO] >> Step 1: Clicking: [ #itemInput ]
[17:32:24] [PASS] [OK] click completed
[17:32:24] [INFO] >> Step 2: Search & Select: type '{{Item_name}}' -> pick 'FUROSEMIDE-INJECTION-10MG/ML(4ML)-LASIX-' in [ #itemInput ]
[17:32:24] [INFO] [search_select] typing='FUROSEMIDE-INJECTION-10MG/ML(4ML)-LASIX-' picking='FUROSEMIDE-INJECTION-10MG/ML(4ML)-LASIX-'
[17:32:27] [PASS] [OK] Search & Select: selected 'FUROSEMIDE-INJECTION-10MG/ML(4ML)-LASIX-'
[17:32:27] [PASS] [OK] search_select completed
[17:32:27] [INFO] >> Step 3: Clicking: [ #lImQty ]
[17:32:28] [PASS] [OK] click completed
[17:32:28] [INFO] >> Step 4: Typing '4' into: [ #lImQty ]
[17:32:28] [PASS] [OK] type completed
[17:32:28] [INFO] >> Step 5: Pressing key 'Enter' on: [ #lImQty ]
[17:32:28] [PASS] [OK] press completed
[17:32:28] [INFO] [DATA TABLE] Row 3/3: Item_name=PANTOPRAZOLE-TABLET-40MG-PAN-, Qty=6
[17:32:28] [INFO] >> Step 1: Clicking: [ #itemInput ]
[17:32:28] [PASS] [OK] click completed
[17:32:28] [INFO] >> Step 2: Search & Select: type '{{Item_name}}' -> pick 'PANTOPRAZOLE-TABLET-40MG-PAN-' in [ #itemInput ]
[17:32:28] [INFO] [search_select] typing='PANTOPRAZOLE-TABLET-40MG-PAN-' picking='PANTOPRAZOLE-TABLET-40MG-PAN-'
[17:32:31] [PASS] [OK] Search & Select: selected 'PANTOPRAZOLE-TABLET-40MG-PAN-'
[17:32:31] [PASS] [OK] search_select completed
[17:32:32] [INFO] >> Step 3: Clicking: [ #lImQty ]
[17:32:32] [PASS] [OK] click completed
[17:32:32] [INFO] >> Step 4: Typing '6' into: [ #lImQty ]
[17:32:32] [PASS] [OK] type completed
[17:32:32] [INFO] >> Step 5: Pressing key 'Enter' on: [ #lImQty ]
[17:32:32] [PASS] [OK] press completed
[17:32:32] [INFO] >> Step 28: Waiting 2000ms
[17:32:34] [PASS] [OK] wait completed
[17:32:34] [INFO] >> Step 29: Clicking: [ get_by_role("button", name="Save") ]
[17:32:35] [PASS] [OK] click completed
[17:32:35] [INFO] >> Step 30: Waiting 2000ms
[17:32:37] [PASS] [OK] wait completed
[17:32:37] [INFO] >> Step 31: Clicking: [ #btnDone ]
[17:32:38] [PASS] [OK] click completed
[17:32:38] [INFO] >> Step 32: Clicking: [ get_by_role("button", name="Send for Approval") ]
[17:32:38] [PASS] [OK] click completed
[17:32:38] [INFO] >> Step 33: Waiting for element: [ #btnDone ]
[17:32:39] [PASS] [OK] wait_for_selector completed
[17:32:39] [INFO] >> Step 34: Clicking: [ #btnDone ]
[17:32:40] [PASS] [OK] click completed
[17:32:40] [INFO] >> Step 35: store_text -- body > jhi-main > div > section > div.app-content > jhi-stock-indent-dialog > div > div > div.pl-0.athma-detail-form-panel > div > div.preview-form-header > h5 > span
[17:32:40] [PASS] [OK] Stored 'SRQ-1754-2601595' → {{Indent_Number}}
[17:32:40] [INFO] >> Step 36: Waiting 2000ms
[17:32:42] [PASS] [OK] wait completed
[17:32:42] [INFO] >> Step 37: Clicking: [ get_by_role("button", name="Claim") ]
[17:32:42] [PASS] [OK] click completed
[17:32:42] [INFO] >> Step 38: Clicking: [ get_by_role("button", name="Approve") ]
[17:32:43] [PASS] [OK] click completed
[17:32:43] [INFO] >> Step 39: Waiting 2000ms
[17:32:46] [PASS] [OK] wait completed
[17:32:46] [INFO] >> Step 40: Clicking: [ #btnDone ]
[17:32:46] [PASS] [OK] click completed
[17:32:46] [INFO] >> Step 41: Clicking: [ body > jhi-main > div > section > div.app-content > jhi-stock-indent-dialog > div > div > div.pr-0.athma-detail-list-panel.fixed-height-without-header > stock-indent-button > div > div.col-sm-8.text-right.pr-0 > button ]
[17:32:47] [PASS] [OK] click completed
[17:32:47] [INFO] >> Step 42: Waiting 2000ms
[17:32:49] [PASS] [OK] wait completed
[17:32:49] [INFO] >> Step 43: Clicking: [ body > jhi-main > div > section > div.app-content > jhi-stock-indent > athma-page-header > div > athma-tabs-header > section > div.row.align-items-center > div.col-sm-8 > ul > li:nth-child(1) > a > span ]
[17:32:50] [PASS] [OK] click completed
[17:32:50] [INFO] >> Step 44: Clicking: [ #inputDebounce ]
[17:32:50] [PASS] [OK] click completed
[17:32:50] [INFO] >> Step 45: press_sequentially -- #inputDebounce
[17:32:51] [INFO] [press_sequentially] filled and waited for debounce: 'SRQ-1754-2601595'
[17:32:51] [PASS] [OK] press_sequentially completed
[17:32:51] [PASS] [OK] call_test: 'SAI_Indent_ForLoop' done
[17:32:51] [INFO] >> Step 2: Navigating to URL: https://sqa.narayanahealth.org/home-page
[17:32:56] [PASS] [OK] navigate completed
[17:32:56] [INFO] >> Step 3: Waiting 2000ms
[17:32:58] [PASS] [OK] wait completed
[17:32:58] [INFO] >> Step 4: Pressing key '.' on: [ body ]
[17:32:58] [PASS] [OK] press completed
[17:32:59] [INFO] >> Step 5: Waiting 2000ms
[17:33:01] [PASS] [OK] wait completed
[17:33:01] [INFO] >> Step 6: press_sequentially -- get_by_role("textbox", name="Search")
[17:33:02] [INFO] [press_sequentially] filled and waited for debounce: 'issue'
[17:33:02] [PASS] [OK] press_sequentially completed
[17:33:02] [INFO] >> Step 7: Waiting 2000ms
[17:33:04] [PASS] [OK] wait completed
[17:33:04] [INFO] >> Step 8: Clicking: [ #menu_0_0_7 ]
[17:33:05] [PASS] [OK] click completed
[17:33:05] [INFO] >> Step 9: Waiting 3000ms
[17:33:08] [PASS] [OK] wait completed
[17:33:08] [INFO] >> Step 10: Clicking: [ #inputDebounce ]
[17:33:12] [PASS] [OK] click completed
[17:33:12] [INFO] >> Step 11: press_sequentially -- #inputDebounce
[17:33:13] [INFO] [press_sequentially] filled and waited for debounce: 'SRQ-1754-2601595'
[17:33:13] [PASS] [OK] press_sequentially completed
[17:33:14] [INFO] >> Step 12: Waiting 1000ms
[17:33:15] [PASS] [OK] wait completed
[17:33:15] [INFO] >> Step 13: Clicking: [ get_by_text("SRQ-1754-2601595") ]
[17:33:16] [PASS] [OK] click completed
[17:33:16] [INFO] >> Step 14: Waiting 2001ms
[17:33:18] [PASS] [OK] wait completed
[17:33:18] [INFO] >> Step 15: Clicking: [ get_by_role("button", name="Open") ]
[17:33:19] [PASS] [OK] click completed
[17:33:19] [INFO] >> Step 16: Waiting 2000ms
[17:33:21] [PASS] [OK] wait completed
[17:33:21] [INFO] [DATA TABLE] 3 row(s), columns: ['issue_itemName', 'Batch', 'Issue_Qty']
[17:33:21] [INFO] [DATA TABLE] Row 1/3: issue_itemName=PARACETAMOL-TABLET-750MG-P 750-, Batch=batch main, Issue_Qty=2
[17:33:21] [INFO] >> Step 1: table_action -- body > jhi-main > div > section > div.app-content > jhi-stock-issue-dialog > div > div > div.pr-0.athma-detail-list-panel.fixed-height-without-header > div > div.scroll-table-body.ps.position-relative > table
[17:33:23] [PASS] [OK] table_action completed
[17:33:23] [INFO] >> Step 2: table_action -- body > jhi-main > div > section > div.app-content > jhi-stock-issue-dialog > div > div > div.pr-0.athma-detail-list-panel.fixed-height-without-header > div > div.scroll-table-body.ps.position-relative > table
[17:33:28] [PASS] [OK] table_action completed
[17:33:28] [INFO] >> Step 3: Waiting 1000ms
[17:33:29] [PASS] [OK] wait completed
[17:33:29] [INFO] [DATA TABLE] Row 2/3: issue_itemName=FUROSEMIDE-INJECTION-10MG/ML(4ML)-LASIX-, Batch=2119077, Issue_Qty=4
[17:33:29] [INFO] >> Step 1: table_action -- body > jhi-main > div > section > div.app-content > jhi-stock-issue-dialog > div > div > div.pr-0.athma-detail-list-panel.fixed-height-without-header > div > div.scroll-table-body.ps.position-relative > table
[17:33:31] [PASS] [OK] table_action completed
[17:33:32] [INFO] >> Step 2: table_action -- body > jhi-main > div > section > div.app-content > jhi-stock-issue-dialog > div > div > div.pr-0.athma-detail-list-panel.fixed-height-without-header > div > div.scroll-table-body.ps.position-relative > table
[17:33:37] [PASS] [OK] table_action completed
[17:33:37] [INFO] >> Step 3: Waiting 1000ms
[17:33:38] [PASS] [OK] wait completed
[17:33:38] [INFO] [DATA TABLE] Row 3/3: issue_itemName=PANTOPRAZOLE-TABLET-40MG-PAN-, Batch=19440364, Issue_Qty=6
[17:33:38] [INFO] >> Step 1: table_action -- body > jhi-main > div > section > div.app-content > jhi-stock-issue-dialog > div > div > div.pr-0.athma-detail-list-panel.fixed-height-without-header > div > div.scroll-table-body.ps.position-relative > table
[17:33:40] [PASS] [OK] table_action completed
[17:33:40] [INFO] >> Step 2: table_action -- body > jhi-main > div > section > div.app-content > jhi-stock-issue-dialog > div > div > div.pr-0.athma-detail-list-panel.fixed-height-without-header > div > div.scroll-table-body.ps.position-relative > table
[17:33:45] [PASS] [OK] table_action completed
[17:33:45] [INFO] >> Step 3: Waiting 1000ms
[17:33:46] [PASS] [OK] wait completed
[17:33:46] [INFO] >> Step 22: Clicking: [ get_by_role("button", name="Send for Approval") ]
[17:33:47] [PASS] [OK] click completed
[17:33:47] [INFO] >> Step 23: Waiting 2000ms
[17:33:49] [PASS] [OK] wait completed
[17:33:49] [INFO] >> Step 24: Clicking: [ #btnDone ]
[17:33:49] [PASS] [OK] click completed
[17:33:49] [INFO] >> Step 25: Waiting 2000ms
[17:33:51] [PASS] [OK] wait completed
[17:33:51] [INFO] >> Step 26: Clicking: [ get_by_role("button", name="Claim") ]
[17:33:52] [PASS] [OK] click completed
[17:33:52] [INFO] >> Step 27: Waiting 2000ms
[17:33:54] [PASS] [OK] wait completed
[17:33:54] [INFO] >> Step 28: Clicking: [ text="Approve" ]
[17:33:55] [PASS] [OK] click completed
[17:33:55] [INFO] >> Step 29: Clicking: [ #btnDone ]
[17:33:56] [PASS] [OK] click completed
[17:33:56] [INFO] >> Step 30: Waiting 2000ms
[17:33:58] [PASS] [OK] wait completed
[17:33:58] [INFO] >> Step 31: store_text -- body > jhi-main > div > section > div.app-content > jhi-stock-issue-dialog > div > div > div.pl-0.athma-detail-form-panel > div > div.preview-form-header > h5 > span
[17:33:58] [PASS] [OK] Stored 'SIS-1754-2601094' → {{Issue_Number}}
[17:33:58] [INFO] >> Step 32: Waiting 2000ms
[17:34:00] [PASS] [OK] wait completed
[17:34:00] [INFO] >> Step 33: Clicking: [ get_by_role("button", name="Cancel") ]
[17:34:01] [PASS] [OK] click completed
[17:34:01] [PASS] [OK] call_test: 'Issue_Full_Qty' done
[17:34:01] [INFO] >> Step 2: Clicking: [ #sidebar-wrapper > div > div > div > div > svg ]
[17:34:02] [PASS] [OK] click completed
[17:34:02] [INFO] >> Step 3: Waiting for URL to contain: 'https://sqa.narayanahealth.org/home-page'
[17:34:04] [PASS] [OK] wait_for_url completed
[17:34:05] [INFO] >> Step 4: Waiting 3000ms
[17:34:08] [PASS] [OK] wait completed
[17:34:08] [INFO] >> Step 5: Pressing key '.' on: [ body ]
[17:34:08] [PASS] [OK] press completed
[17:34:08] [INFO] >> Step 6: Waiting 5000ms
[17:34:13] [PASS] [OK] wait completed
[17:34:13] [INFO] >> Step 7: press_sequentially -- get_by_role("textbox", name="Search")
[17:34:15] [INFO] [press_sequentially] filled and waited for debounce: 'receipt'
[17:34:15] [PASS] [OK] press_sequentially completed
[17:34:15] [INFO] >> Step 8: Waiting 1000ms
[17:34:16] [PASS] [OK] wait completed
[17:34:16] [INFO] >> Step 9: Clicking: [ get_by_role("link", name="Receipt Inventory") ]
[17:34:17] [PASS] [OK] click completed
[17:34:17] [INFO] >> Step 10: Waiting 3000ms
[17:34:20] [PASS] [OK] wait completed
[17:34:20] [INFO] >> Step 11: Clicking: [ #inputDebounce ]
[17:34:21] [PASS] [OK] click completed
[17:34:21] [INFO] >> Step 12: press_sequentially -- #inputDebounce
[17:34:22] [INFO] [press_sequentially] filled and waited for debounce: 'SIS-1754-2601094'
[17:34:22] [PASS] [OK] press_sequentially completed
[17:34:22] [INFO] >> Step 13: Waiting 1000ms
[17:34:23] [PASS] [OK] wait completed
[17:34:23] [INFO] >> Step 14: Clicking: [ get_by_text("SIS-1754-2601094") ]
[17:34:24] [PASS] [OK] click completed
[17:34:24] [INFO] >> Step 15: Waiting 2001ms
[17:34:26] [PASS] [OK] wait completed
[17:34:26] [INFO] >> Step 16: Clicking: [ get_by_role("button", name="Open") ]
[17:34:27] [PASS] [OK] click completed
[17:34:27] [INFO] >> Step 17: Waiting 2000ms
[17:34:29] [PASS] [OK] wait completed
[17:34:29] [INFO] >> Step 18: Clicking: [ get_by_role("button", name="Send for Approval") ]
[17:34:29] [PASS] [OK] click completed
[17:34:29] [INFO] >> Step 19: Waiting 2000ms
[17:34:31] [PASS] [OK] wait completed
[17:34:31] [INFO] >> Step 20: Clicking: [ #btnDone ]
[17:34:32] [PASS] [OK] click completed
[17:34:32] [INFO] >> Step 21: Waiting 2000ms
[17:34:34] [PASS] [OK] wait completed
[17:34:34] [INFO] >> Step 22: Clicking: [ get_by_role("button", name="Claim") ]
[17:34:34] [PASS] [OK] click completed
[17:34:34] [INFO] >> Step 23: Waiting 2000ms
[17:34:36] [PASS] [OK] wait completed
[17:34:37] [INFO] >> Step 24: Clicking: [ get_by_role("button", name="Approve") ]
[17:34:37] [PASS] [OK] click completed
[17:34:37] [INFO] >> Step 25: Clicking: [ #btnDone ]
[17:34:38] [PASS] [OK] click completed
[17:34:38] [INFO] >> Step 26: Waiting 2000ms
[17:34:41] [PASS] [OK] wait completed
[17:34:41] [INFO] >> Step 27: store_text -- body > jhi-main > div > section > div.app-content > jhi-stock-receipt-dialog > div > div > div.pl-0.athma-detail-form-panel > div > div.preview-form-header > h5 > span
[17:34:41] [PASS] [OK] Stored 'SRC-I-1754-2601521' → {{Receipt_Number}}
[17:34:41] [INFO] >> Step 28: Waiting 2000ms
[17:34:43] [PASS] [OK] wait completed
[17:34:43] [INFO] >> Step 29: Clicking: [ get_by_role("button", name="Cancel") ]
[17:34:44] [PASS] [OK] click completed
[17:34:44] [INFO] [OK] PASSED -- 117/117 steps in 182204ms
