[16:29:49] [INFO] >> [async_runner] Starting run #7673 — Type: ui, Browser: chrome
[16:29:51] [INFO] [pool] Acquiring browser context from shared pool...
[16:29:53] [INFO] >> Step 1: Navigating to URL: https://sqa.narayanahealth.org/
[16:30:04] [PASS] [OK] navigate completed
[16:30:04] [INFO] >> Step 2: Clicking: [ #username ]
[16:30:04] [PASS] [OK] click completed
[16:30:04] [INFO] >> Step 3: Typing '337800' into: [ #username ]
[16:30:04] [PASS] [OK] type completed
[16:30:04] [INFO] >> Step 4: Clicking: [ #password ]
[16:30:05] [PASS] [OK] click completed
[16:30:05] [INFO] >> Step 5: Typing 'admin' into: [ #password ]
[16:30:05] [PASS] [OK] type completed
[16:30:05] [INFO] >> Step 6: Clicking: [ body > app-root > div > section > div.app-content > jhi-home > div > div > form:nth-child(2) > div.col-12 > button ]
[16:30:05] [PASS] [OK] click completed
[16:30:05] [INFO] >> Step 7: Waiting 2000ms
[16:30:08] [PASS] [OK] wait completed
[16:30:08] [INFO] >> Step 8: Pressing key '.' on: [ body ]
[16:30:08] [PASS] [OK] press completed
[16:30:08] [INFO] >> Step 9: Typing 'Inventory Adjustment' into: [ get_by_role("textbox", name="Search") ]
[16:30:08] [PASS] [OK] type completed
[16:30:08] [INFO] >> Step 10: Clicking: [ get_by_role("link", name="Inventory Adjustment Inventory") ]
[16:30:09] [PASS] [OK] click completed
[16:30:10] [INFO] >> Step 11: Waiting 4000ms
[16:30:14] [PASS] [OK] wait completed
[16:30:15] [INFO] >> Step 12: Clicking: [ get_by_role("button", name="Create New") ]
[16:30:16] [PASS] [OK] click completed
[16:30:16] [INFO] >> Step 13: Clicking: [ #adjustmentStoreInput ]
[16:30:17] [PASS] [OK] click completed
[16:30:17] [INFO] >> Step 14: Clearing: [ #adjustmentStoreInput ]
[16:30:17] [PASS] [OK] clear completed
[16:30:17] [INFO] >> Step 15: Search & Select: type '157-MS1' -> pick 'Main Store-Raipur' in [ #adjustmentStoreInput ]
[16:30:17] [INFO] [search_select] typing='157-MS1' picking='Main Store-Raipur'
[16:30:19] [PASS] [OK] Search & Select: selected 'Main Store-Raipur'
[16:30:19] [PASS] [OK] search_select completed
[16:30:19] [INFO] >> Step 16: Clicking: [ #continueBtn ]
[16:30:19] [PASS] [OK] click completed
[16:30:19] [INFO] >> Step 17: Waiting 1000ms
[16:30:20] [PASS] [OK] wait completed
[16:30:20] [INFO] [DATA TABLE] 3 row(s), columns: ['Item_Name', 'Batch_no', 'Qty', 'Reason', 'Type']
[16:30:20] [INFO] [DATA TABLE] Row 1/3: Item_Name=FEBUXOSTAT-TABLET-40MG-FABULON-, Batch_no=DT1811048A, Qty=10, Reason=Qty more, Type=Positive
[16:30:20] [INFO] >> Step 1: Clicking: [ #add-item-searchbox ]
[16:30:21] [PASS] [OK] click completed
[16:30:21] [INFO] >> Step 2: Search & Select: type '{{Item_Name}}' -> pick 'FEBUXOSTAT-TABLET-40MG-FABULON-' in [ #add-item-searchbox ]
[16:30:21] [INFO] [search_select] typing='FEBUXOSTAT-TABLET-40MG-FABULON-' picking='FEBUXOSTAT-TABLET-40MG-FABULON-'
[16:30:24] [PASS] [OK] Search & Select: selected 'FEBUXOSTAT-TABLET-40MG-FABULON-'
[16:30:24] [PASS] [OK] search_select completed
[16:30:24] [INFO] >> Step 3: Clicking: [ body > jhi-main > div > section > div.app-content > jhi-inventory-adjustment-dialog > div > div > div.pr-0.athma-detail-list-panel.fixed-height-without-header > jhi-inventory-adjustment-dialog-items > div > div.scroll-table-header > table:nth-child(2) > thead > tr:nth-child(2) > th:nth-child(2) > ng-select ]
[16:30:24] [PASS] [OK] click completed
[16:30:24] [INFO] >> Step 4: Search & Select: type '{{Batch_no}}' -> pick 'DT1811048A' in [ body > jhi-main > div > section > div.app-content > jhi-inventory-adjustment-dialog > div > div > div.pr-0.athma-detail-list-panel.fixed-height-without-header > jhi-inventory-adjustment-dialog-items > div > div.scroll-table-header > table:nth-child(2) > thead > tr:nth-child(2) > th:nth-child(2) > ng-select ]
[16:30:24] [INFO] [search_select] typing='DT1811048A' picking='DT1811048A'
[16:30:27] [PASS] [OK] Search & Select: selected 'DT1811048A'
[16:30:27] [PASS] [OK] search_select completed
[16:30:27] [INFO] >> Step 5: Clicking: [ body > jhi-main > div > section > div.app-content > jhi-inventory-adjustment-dialog > div > div > div.pr-0.athma-detail-list-panel.fixed-height-without-header > jhi-inventory-adjustment-dialog-items > div > div.scroll-table-header > table:nth-child(2) > thead > tr:nth-child(2) > th:nth-child(4) > input ]
[16:30:28] [PASS] [OK] click completed
[16:30:28] [INFO] >> Step 6: Clearing: [ body > jhi-main > div > section > div.app-content > jhi-inventory-adjustment-dialog > div > div > div.pr-0.athma-detail-list-panel.fixed-height-without-header > jhi-inventory-adjustment-dialog-items > div > div.scroll-table-header > table:nth-child(2) > thead > tr:nth-child(2) > th:nth-child(4) > input ]
[16:30:28] [PASS] [OK] clear completed
[16:30:28] [INFO] >> Step 7: Typing '10' into: [ body > jhi-main > div > section > div.app-content > jhi-inventory-adjustment-dialog > div > div > div.pr-0.athma-detail-list-panel.fixed-height-without-header > jhi-inventory-adjustment-dialog-items > div > div.scroll-table-header > table:nth-child(2) > thead > tr:nth-child(2) > th:nth-child(4) > input ]
[16:30:28] [PASS] [OK] type completed
[16:30:28] [INFO] >> Step 8: Clicking: [ body > jhi-main > div > section > div.app-content > jhi-inventory-adjustment-dialog > div > div > div.pr-0.athma-detail-list-panel.fixed-height-without-header > jhi-inventory-adjustment-dialog-items > div > div.scroll-table-header > table:nth-child(2) > thead > tr:nth-child(2) > th:nth-child(6) > ng-select > div > div > div.ng-input > input[type=text] ]
[16:30:28] [PASS] [OK] click completed
[16:30:28] [INFO] >> Step 9: Search & Select: type '{{Reason}}' -> pick 'Qty more' in [ body > jhi-main > div > section > div.app-content > jhi-inventory-adjustment-dialog > div > div > div.pr-0.athma-detail-list-panel.fixed-height-without-header > jhi-inventory-adjustment-dialog-items > div > div.scroll-table-header > table:nth-child(2) > thead > tr:nth-child(2) > th:nth-child(6) > ng-select > div > div > div.ng-input > input[type=text] ]
[16:30:28] [INFO] [search_select] typing='Qty more' picking='Qty more'
[16:30:31] [PASS] [OK] Search & Select: selected 'Qty more'
[16:30:31] [PASS] [OK] search_select completed
[16:30:31] [INFO] >> Step 10: Clicking: [ body > jhi-main > div > section > div.app-content > jhi-inventory-adjustment-dialog > div > div > div.pr-0.athma-detail-list-panel.fixed-height-without-header > jhi-inventory-adjustment-dialog-items > div > div.scroll-table-header > table:nth-child(2) > thead > tr:nth-child(2) > th:nth-child(7) > ng-select > div > div > div.ng-input > input[type=text] ]
[16:30:31] [PASS] [OK] click completed
[16:30:31] [INFO] >> Step 11: Search & Select: type '{{Type}}' -> pick 'Positive' in [ body > jhi-main > div > section > div.app-content > jhi-inventory-adjustment-dialog > div > div > div.pr-0.athma-detail-list-panel.fixed-height-without-header > jhi-inventory-adjustment-dialog-items > div > div.scroll-table-header > table:nth-child(2) > thead > tr:nth-child(2) > th:nth-child(7) > ng-select > div > div > div.ng-input > input[type=text] ]
[16:30:31] [INFO] [search_select] typing='Positive' picking='Positive'
[16:30:34] [PASS] [OK] Search & Select: selected 'Positive'
[16:30:34] [PASS] [OK] search_select completed
[16:30:34] [INFO] >> Step 12: Waiting 2000ms
[16:30:36] [PASS] [OK] wait completed
[16:30:36] [INFO] [DATA TABLE] Row 2/3: Item_Name=NIFEDIPINE-TABLET-10MG-DEPIN-, Batch_no=M806154, Qty=11, Reason=Qty more, Type=Positive
[16:30:37] [INFO] >> Step 1: Clicking: [ #add-item-searchbox ]
[16:30:38] [PASS] [OK] click completed
[16:30:38] [INFO] >> Step 2: Search & Select: type '{{Item_Name}}' -> pick 'NIFEDIPINE-TABLET-10MG-DEPIN-' in [ #add-item-searchbox ]
[16:30:38] [INFO] [search_select] typing='NIFEDIPINE-TABLET-10MG-DEPIN-' picking='NIFEDIPINE-TABLET-10MG-DEPIN-'
[16:30:46] [PASS] [OK] Search & Select: selected 'NIFEDIPINE-TABLET-10MG-DEPIN-'
[16:30:46] [PASS] [OK] search_select completed
[16:30:46] [INFO] >> Step 3: Clicking: [ body > jhi-main > div > section > div.app-content > jhi-inventory-adjustment-dialog > div > div > div.pr-0.athma-detail-list-panel.fixed-height-without-header > jhi-inventory-adjustment-dialog-items > div > div.scroll-table-header > table:nth-child(2) > thead > tr:nth-child(2) > th:nth-child(2) > ng-select ]
[16:30:47] [PASS] [OK] click completed
[16:30:47] [INFO] >> Step 4: Search & Select: type '{{Batch_no}}' -> pick 'M806154' in [ body > jhi-main > div > section > div.app-content > jhi-inventory-adjustment-dialog > div > div > div.pr-0.athma-detail-list-panel.fixed-height-without-header > jhi-inventory-adjustment-dialog-items > div > div.scroll-table-header > table:nth-child(2) > thead > tr:nth-child(2) > th:nth-child(2) > ng-select ]
[16:30:47] [INFO] [search_select] typing='M806154' picking='M806154'
[16:30:50] [PASS] [OK] Search & Select: selected 'M806154'
[16:30:50] [PASS] [OK] search_select completed
[16:30:50] [INFO] >> Step 5: Clicking: [ body > jhi-main > div > section > div.app-content > jhi-inventory-adjustment-dialog > div > div > div.pr-0.athma-detail-list-panel.fixed-height-without-header > jhi-inventory-adjustment-dialog-items > div > div.scroll-table-header > table:nth-child(2) > thead > tr:nth-child(2) > th:nth-child(4) > input ]
[16:30:51] [PASS] [OK] click completed
[16:30:51] [INFO] >> Step 6: Clearing: [ body > jhi-main > div > section > div.app-content > jhi-inventory-adjustment-dialog > div > div > div.pr-0.athma-detail-list-panel.fixed-height-without-header > jhi-inventory-adjustment-dialog-items > div > div.scroll-table-header > table:nth-child(2) > thead > tr:nth-child(2) > th:nth-child(4) > input ]
[16:30:51] [PASS] [OK] clear completed
[16:30:51] [INFO] >> Step 7: Typing '11' into: [ body > jhi-main > div > section > div.app-content > jhi-inventory-adjustment-dialog > div > div > div.pr-0.athma-detail-list-panel.fixed-height-without-header > jhi-inventory-adjustment-dialog-items > div > div.scroll-table-header > table:nth-child(2) > thead > tr:nth-child(2) > th:nth-child(4) > input ]
[16:30:51] [PASS] [OK] type completed
[16:30:51] [INFO] >> Step 8: Clicking: [ body > jhi-main > div > section > div.app-content > jhi-inventory-adjustment-dialog > div > div > div.pr-0.athma-detail-list-panel.fixed-height-without-header > jhi-inventory-adjustment-dialog-items > div > div.scroll-table-header > table:nth-child(2) > thead > tr:nth-child(2) > th:nth-child(6) > ng-select > div > div > div.ng-input > input[type=text] ]
[16:30:52] [PASS] [OK] click completed
[16:30:52] [INFO] >> Step 9: Search & Select: type '{{Reason}}' -> pick 'Qty more' in [ body > jhi-main > div > section > div.app-content > jhi-inventory-adjustment-dialog > div > div > div.pr-0.athma-detail-list-panel.fixed-height-without-header > jhi-inventory-adjustment-dialog-items > div > div.scroll-table-header > table:nth-child(2) > thead > tr:nth-child(2) > th:nth-child(6) > ng-select > div > div > div.ng-input > input[type=text] ]
[16:30:52] [INFO] [search_select] typing='Qty more' picking='Qty more'
[16:30:55] [PASS] [OK] Search & Select: selected 'Qty more'
[16:30:55] [PASS] [OK] search_select completed
[16:30:55] [INFO] >> Step 10: Clicking: [ body > jhi-main > div > section > div.app-content > jhi-inventory-adjustment-dialog > div > div > div.pr-0.athma-detail-list-panel.fixed-height-without-header > jhi-inventory-adjustment-dialog-items > div > div.scroll-table-header > table:nth-child(2) > thead > tr:nth-child(2) > th:nth-child(7) > ng-select > div > div > div.ng-input > input[type=text] ]
[16:30:55] [PASS] [OK] click completed
[16:30:55] [INFO] >> Step 11: Search & Select: type '{{Type}}' -> pick 'Positive' in [ body > jhi-main > div > section > div.app-content > jhi-inventory-adjustment-dialog > div > div > div.pr-0.athma-detail-list-panel.fixed-height-without-header > jhi-inventory-adjustment-dialog-items > div > div.scroll-table-header > table:nth-child(2) > thead > tr:nth-child(2) > th:nth-child(7) > ng-select > div > div > div.ng-input > input[type=text] ]
[16:30:55] [INFO] [search_select] typing='Positive' picking='Positive'
[16:30:58] [PASS] [OK] Search & Select: selected 'Positive'
[16:30:58] [PASS] [OK] search_select completed
[16:30:58] [INFO] >> Step 12: Waiting 2000ms
[16:31:00] [PASS] [OK] wait completed
[16:31:00] [INFO] [DATA TABLE] Row 3/3: Item_Name=AMOXICILLIN+CLAVULANIC ACID-TABLET-250MG+125MG-NOVAMOX CV-, Batch_no=KO80224, Qty=12, Reason=Qty more, Type=Positive
[16:31:00] [INFO] >> Step 1: Clicking: [ #add-item-searchbox ]
[16:31:01] [PASS] [OK] click completed
[16:31:01] [INFO] >> Step 2: Search & Select: type '{{Item_Name}}' -> pick 'AMOXICILLIN+CLAVULANIC ACID-TABLET-250MG+125MG-NOVAMOX CV-' in [ #add-item-searchbox ]
[16:31:01] [INFO] [search_select] typing='AMOXICILLIN+CLAVULANIC ACID-TABLET-250MG+125MG-NOVAMOX CV-' picking='AMOXICILLIN+CLAVULANIC ACID-TABLET-250MG+125MG-NOVAMOX CV-'
[16:31:04] [PASS] [OK] Search & Select: selected 'AMOXICILLIN+CLAVULANIC ACID-TABLET-250MG+125MG-NOVAMOX CV-'
[16:31:04] [PASS] [OK] search_select completed
[16:31:05] [INFO] >> Step 3: Clicking: [ body > jhi-main > div > section > div.app-content > jhi-inventory-adjustment-dialog > div > div > div.pr-0.athma-detail-list-panel.fixed-height-without-header > jhi-inventory-adjustment-dialog-items > div > div.scroll-table-header > table:nth-child(2) > thead > tr:nth-child(2) > th:nth-child(2) > ng-select ]
[16:31:05] [PASS] [OK] click completed
[16:31:05] [INFO] >> Step 4: Search & Select: type '{{Batch_no}}' -> pick 'KO80224' in [ body > jhi-main > div > section > div.app-content > jhi-inventory-adjustment-dialog > div > div > div.pr-0.athma-detail-list-panel.fixed-height-without-header > jhi-inventory-adjustment-dialog-items > div > div.scroll-table-header > table:nth-child(2) > thead > tr:nth-child(2) > th:nth-child(2) > ng-select ]
[16:31:05] [INFO] [search_select] typing='KO80224' picking='KO80224'
[16:31:08] [PASS] [OK] Search & Select: selected 'KO80224'
[16:31:08] [PASS] [OK] search_select completed
[16:31:08] [INFO] >> Step 5: Clicking: [ body > jhi-main > div > section > div.app-content > jhi-inventory-adjustment-dialog > div > div > div.pr-0.athma-detail-list-panel.fixed-height-without-header > jhi-inventory-adjustment-dialog-items > div > div.scroll-table-header > table:nth-child(2) > thead > tr:nth-child(2) > th:nth-child(4) > input ]
[16:31:08] [PASS] [OK] click completed
[16:31:08] [INFO] >> Step 6: Clearing: [ body > jhi-main > div > section > div.app-content > jhi-inventory-adjustment-dialog > div > div > div.pr-0.athma-detail-list-panel.fixed-height-without-header > jhi-inventory-adjustment-dialog-items > div > div.scroll-table-header > table:nth-child(2) > thead > tr:nth-child(2) > th:nth-child(4) > input ]
[16:31:08] [PASS] [OK] clear completed
[16:31:08] [INFO] >> Step 7: Typing '12' into: [ body > jhi-main > div > section > div.app-content > jhi-inventory-adjustment-dialog > div > div > div.pr-0.athma-detail-list-panel.fixed-height-without-header > jhi-inventory-adjustment-dialog-items > div > div.scroll-table-header > table:nth-child(2) > thead > tr:nth-child(2) > th:nth-child(4) > input ]
[16:31:08] [PASS] [OK] type completed
[16:31:08] [INFO] >> Step 8: Clicking: [ body > jhi-main > div > section > div.app-content > jhi-inventory-adjustment-dialog > div > div > div.pr-0.athma-detail-list-panel.fixed-height-without-header > jhi-inventory-adjustment-dialog-items > div > div.scroll-table-header > table:nth-child(2) > thead > tr:nth-child(2) > th:nth-child(6) > ng-select > div > div > div.ng-input > input[type=text] ]
[16:31:09] [PASS] [OK] click completed
[16:31:09] [INFO] >> Step 9: Search & Select: type '{{Reason}}' -> pick 'Qty more' in [ body > jhi-main > div > section > div.app-content > jhi-inventory-adjustment-dialog > div > div > div.pr-0.athma-detail-list-panel.fixed-height-without-header > jhi-inventory-adjustment-dialog-items > div > div.scroll-table-header > table:nth-child(2) > thead > tr:nth-child(2) > th:nth-child(6) > ng-select > div > div > div.ng-input > input[type=text] ]
[16:31:09] [INFO] [search_select] typing='Qty more' picking='Qty more'
[16:31:11] [PASS] [OK] Search & Select: selected 'Qty more'
[16:31:11] [PASS] [OK] search_select completed
[16:31:12] [INFO] >> Step 10: Clicking: [ body > jhi-main > div > section > div.app-content > jhi-inventory-adjustment-dialog > div > div > div.pr-0.athma-detail-list-panel.fixed-height-without-header > jhi-inventory-adjustment-dialog-items > div > div.scroll-table-header > table:nth-child(2) > thead > tr:nth-child(2) > th:nth-child(7) > ng-select > div > div > div.ng-input > input[type=text] ]
[16:31:12] [PASS] [OK] click completed
[16:31:12] [INFO] >> Step 11: Search & Select: type '{{Type}}' -> pick 'Positive' in [ body > jhi-main > div > section > div.app-content > jhi-inventory-adjustment-dialog > div > div > div.pr-0.athma-detail-list-panel.fixed-height-without-header > jhi-inventory-adjustment-dialog-items > div > div.scroll-table-header > table:nth-child(2) > thead > tr:nth-child(2) > th:nth-child(7) > ng-select > div > div > div.ng-input > input[type=text] ]
[16:31:12] [INFO] [search_select] typing='Positive' picking='Positive'
[16:31:15] [PASS] [OK] Search & Select: selected 'Positive'
[16:31:15] [PASS] [OK] search_select completed
[16:31:15] [INFO] >> Step 12: Waiting 2000ms
[16:31:17] [PASS] [OK] wait completed
[16:31:17] [INFO] >> Step 32: Clicking: [ body > jhi-main > div > section > div.app-content > jhi-inventory-adjustment-dialog > div > div > div.pr-0.athma-detail-list-panel.fixed-height-without-header > jhi-inventory-adjustment-action-bar > div > div.col-sm-8.text-right.pad-right-4 > button.athma-btn.athma-btn-priamry-outline ]
[16:31:17] [PASS] [OK] click completed
[16:31:18] [INFO] >> Step 33: Waiting for element: [ #doneBtn ]
[16:31:18] [PASS] [OK] wait_for_selector completed
[16:31:18] [INFO] >> Step 34: Clicking: [ #doneBtn ]
[16:31:18] [PASS] [OK] click completed
[16:31:19] [INFO] >> Step 35: Waiting for element: [ body > jhi-main > div > section > div.app-content > jhi-inventory-adjustment-dialog > div > div > div.pr-0.athma-detail-list-panel.fixed-height-without-header > jhi-inventory-adjustment-action-bar > div > div.col-sm-4 > button ]
[16:31:19] [PASS] [OK] wait_for_selector completed
[16:31:19] [INFO] >> Step 36: Clicking: [ body > jhi-main > div > section > div.app-content > jhi-inventory-adjustment-dialog > div > div > div.pr-0.athma-detail-list-panel.fixed-height-without-header > jhi-inventory-adjustment-action-bar > div > div.col-sm-4 > button ]
[16:31:19] [PASS] [OK] click completed
[16:31:19] [INFO] >> Step 37: Waiting for element: [ body > ngb-modal-window > div > div > jhi-inventory-adjustment-delete-popup > div.modal-footer > button.athma-btn.athma-btn-priamry > span ]
[16:31:19] [PASS] [OK] wait_for_selector completed
[16:31:19] [INFO] >> Step 38: Clicking: [ body > ngb-modal-window > div > div > jhi-inventory-adjustment-delete-popup > div.modal-footer > button.athma-btn.athma-btn-priamry > span ]
[16:31:20] [PASS] [OK] click completed
[16:31:20] [INFO] [OK] PASSED -- 60/60 steps in 88781ms
