[07:42:48] [INFO] >> [async_runner] Starting run #7731 — Type: ui, Browser: firefox
[07:42:51] [INFO] [pool] Acquiring browser context from shared pool...
[07:42:51] [ERROR] [FAIL] Test runner crashed: Traceback (most recent call last):
  File "C:\Users\337799\automation\runner\async_runner.py", line 3197, in async_main
    context = await acquire_context(
              ^^^^^^^^^^^^^^^^^^^^^^
  File "C:\Users\337799\automation\runner\async_runner.py", line 105, in acquire_context
    browser = await get_browser(browser_type, headless=headless, slow_mo=slow_mo)
              ^^^^^^^^^^^^^^^^^^^^^^^^^^^^^^^^^^^^^^^^^^^^^^^^^^^^^^^^^^^^^^^^^^^
  File "C:\Users\337799\automation\runner\async_runne
[07:42:51] [INFO] [FAIL] FAILED -- 0/1 steps in 843ms
[07:45:10] [INFO] >> [async_runner] Starting run #7731 — Type: ui, Browser: firefox
[07:45:12] [INFO] [pool] Acquiring browser context from shared pool...
[07:45:13] [ERROR] [FAIL] Test runner crashed: Traceback (most recent call last):
  File "C:\Users\337799\automation\runner\async_runner.py", line 3197, in async_main
    context = await acquire_context(
              ^^^^^^^^^^^^^^^^^^^^^^
  File "C:\Users\337799\automation\runner\async_runner.py", line 105, in acquire_context
    browser = await get_browser(browser_type, headless=headless, slow_mo=slow_mo)
              ^^^^^^^^^^^^^^^^^^^^^^^^^^^^^^^^^^^^^^^^^^^^^^^^^^^^^^^^^^^^^^^^^^^
  File "C:\Users\337799\automation\runner\async_runne
[07:45:13] [INFO] [FAIL] FAILED -- 0/1 steps in 1240ms
