[17:29:19] [INFO] >> [async_runner] Starting run #7697 — Type: ui, Browser: chrome
[17:29:22] [INFO] [pool] Acquiring browser context from shared pool...
[17:29:23] [INFO] >> Step 1: Navigating to URL: https://sqa.narayanahealth.org/
[17:29:33] [PASS] [OK] navigate completed
[17:29:33] [INFO] >> Step 2: Clicking: [ #username ]
[17:29:33] [PASS] [OK] click completed
[17:29:33] [INFO] >> Step 3: Typing '337800' into: [ #username ]
[17:29:33] [PASS] [OK] type completed
[17:29:33] [INFO] >> Step 4: Clicking: [ #password ]
[17:29:34] [PASS] [OK] click completed
[17:29:34] [INFO] >> Step 5: Typing 'admin' into: [ #password ]
[17:29:34] [PASS] [OK] type completed
[17:29:34] [INFO] >> Step 6: Clicking: [ body > app-root > div > section > div.app-content > jhi-home > div > div > form:nth-child(2) > div.col-12 > button ]
[17:29:34] [PASS] [OK] click completed
[17:29:34] [INFO] >> Step 7: Waiting for element: [ body > app-root > div > section > div.app-content > header > jhi-navbar > nav > div.jh-logo-container.float-left.col-6.ps-0 > span ]
[17:29:36] [PASS] [OK] wait_for_selector completed
[17:29:36] [INFO] >> Step 8: Pressing key '.' on: [ body ]
[17:29:36] [PASS] [OK] press completed
[17:29:36] [INFO] >> Step 9: Typing 'indent' into: [ get_by_role("textbox", name="Search") ]
[17:29:37] [PASS] [OK] type completed
[17:29:37] [INFO] >> Step 10: Clicking: [ get_by_role("link", name="Indent Inventory") ]
[17:29:38] [PASS] [OK] click completed
[17:29:40] [INFO] >> Step 11: Waiting for element: [ body > jhi-main > div > section > div.app-content > header > jhi-navbar > nav > div.jh-logo-container.float-left.col-6.pl-0 > a.navbar-brand.logo.float-left > span.navbar-title ]
[17:29:44] [PASS] [OK] wait_for_selector completed
[17:29:44] [INFO] >> Step 12: Clicking: [ get_by_role("button", name="Create New") ]
[17:29:45] [PASS] [OK] click completed
[17:29:45] [INFO] >> Step 13: Waiting for element: [ #indentStoreInput ]
[17:29:45] [PASS] [OK] wait_for_selector completed
[17:29:45] [INFO] >> Step 14: Clicking: [ #indentStoreInput ]
[17:29:46] [PASS] [OK] click completed
[17:29:46] [INFO] >> Step 15: Clearing: [ #indentStoreInput ]
[17:29:46] [PASS] [OK] clear completed
[17:29:46] [INFO] >> Step 16: Search & Select: type 'IP Pharmacy-Raipur' -> pick 'IP Pharmacy-Raipur' in [ #indentStoreInput ]
[17:29:46] [INFO] [search_select] typing='IP Pharmacy-Raipur' picking='IP Pharmacy-Raipur'
[17:29:49] [PASS] [OK] Search & Select: selected 'IP Pharmacy-Raipur'
[17:29:49] [PASS] [OK] search_select completed
[17:29:49] [INFO] >> Step 17: Clicking: [ #issueStoreInput ]
[17:29:49] [PASS] [OK] click completed
[17:29:49] [INFO] >> Step 18: Clearing: [ #issueStoreInput ]
[17:29:49] [PASS] [OK] clear completed
[17:29:49] [INFO] >> Step 19: Search & Select: type '157-MS1' -> pick 'Main Store-Raipur' in [ #issueStoreInput ]
[17:29:49] [INFO] [search_select] typing='157-MS1' picking='Main Store-Raipur'
[17:29:51] [PASS] [OK] Search & Select: selected 'Main Store-Raipur'
[17:29:51] [PASS] [OK] search_select completed
[17:29:51] [INFO] >> Step 20: Clicking: [ #btnNext ]
[17:29:52] [PASS] [OK] click completed
[17:29:52] [INFO] >> Step 21: Waiting for element: [ #itemInput ]
[17:29:52] [PASS] [OK] wait_for_selector completed
[17:29:52] [INFO] [DATA TABLE] 3 row(s), columns: ['Item_name', 'Qty']
[17:29:52] [INFO] [DATA TABLE] Row 1/3: Item_name=PARACETAMOL-TABLET-750MG-P 750-, Qty=2
[17:29:52] [INFO] >> Step 1: Clicking: [ #itemInput ]
[17:29:52] [PASS] [OK] click completed
[17:29:53] [INFO] >> Step 2: Search & Select: type '{{Item_name}}' -> pick 'PARACETAMOL-TABLET-750MG-P 750-' in [ #itemInput ]
[17:29:53] [INFO] [search_select] typing='PARACETAMOL-TABLET-750MG-P 750-' picking='PARACETAMOL-TABLET-750MG-P 750-'
[17:29:55] [PASS] [OK] Search & Select: selected 'PARACETAMOL-TABLET-750MG-P 750-'
[17:29:55] [PASS] [OK] search_select completed
[17:29:55] [INFO] >> Step 3: Clicking: [ #lImQty ]
[17:29:56] [PASS] [OK] click completed
[17:29:56] [INFO] >> Step 4: Typing '2' into: [ #lImQty ]
[17:29:56] [PASS] [OK] type completed
[17:29:56] [INFO] >> Step 5: Pressing key 'Enter' on: [ #lImQty ]
[17:29:56] [PASS] [OK] press completed
[17:29:56] [INFO] [DATA TABLE] Row 2/3: Item_name=FUROSEMIDE-INJECTION-10MG/ML(4ML)-LASIX-, Qty=4
[17:29:56] [INFO] >> Step 1: Clicking: [ #itemInput ]
[17:29:57] [PASS] [OK] click completed
[17:29:57] [INFO] >> Step 2: Search & Select: type '{{Item_name}}' -> pick 'FUROSEMIDE-INJECTION-10MG/ML(4ML)-LASIX-' in [ #itemInput ]
[17:29:57] [INFO] [search_select] typing='FUROSEMIDE-INJECTION-10MG/ML(4ML)-LASIX-' picking='FUROSEMIDE-INJECTION-10MG/ML(4ML)-LASIX-'
[17:30:00] [PASS] [OK] Search & Select: selected 'FUROSEMIDE-INJECTION-10MG/ML(4ML)-LASIX-'
[17:30:00] [PASS] [OK] search_select completed
[17:30:00] [INFO] >> Step 3: Clicking: [ #lImQty ]
[17:30:00] [PASS] [OK] click completed
[17:30:00] [INFO] >> Step 4: Typing '4' into: [ #lImQty ]
[17:30:00] [PASS] [OK] type completed
[17:30:00] [INFO] >> Step 5: Pressing key 'Enter' on: [ #lImQty ]
[17:30:00] [PASS] [OK] press completed
[17:30:00] [INFO] [DATA TABLE] Row 3/3: Item_name=PANTOPRAZOLE-TABLET-40MG-PAN-, Qty=6
[17:30:00] [INFO] >> Step 1: Clicking: [ #itemInput ]
[17:30:01] [PASS] [OK] click completed
[17:30:01] [INFO] >> Step 2: Search & Select: type '{{Item_name}}' -> pick 'PANTOPRAZOLE-TABLET-40MG-PAN-' in [ #itemInput ]
[17:30:01] [INFO] [search_select] typing='PANTOPRAZOLE-TABLET-40MG-PAN-' picking='PANTOPRAZOLE-TABLET-40MG-PAN-'
[17:30:04] [PASS] [OK] Search & Select: selected 'PANTOPRAZOLE-TABLET-40MG-PAN-'
[17:30:04] [PASS] [OK] search_select completed
[17:30:04] [INFO] >> Step 3: Clicking: [ #lImQty ]
[17:30:05] [PASS] [OK] click completed
[17:30:05] [INFO] >> Step 4: Typing '6' into: [ #lImQty ]
[17:30:05] [PASS] [OK] type completed
[17:30:05] [INFO] >> Step 5: Pressing key 'Enter' on: [ #lImQty ]
[17:30:05] [PASS] [OK] press completed
[17:30:05] [INFO] >> Step 29: Waiting 2000ms
[17:30:07] [PASS] [OK] wait completed
[17:30:07] [INFO] >> Step 30: Clicking: [ get_by_role("button", name="Save") ]
[17:30:07] [PASS] [OK] click completed
[17:30:07] [INFO] >> Step 31: Waiting for element: [ #btnDone ]
[17:30:08] [PASS] [OK] wait_for_selector completed
[17:30:08] [INFO] >> Step 32: Clicking: [ #btnDone ]
[17:30:09] [PASS] [OK] click completed
[17:30:09] [INFO] >> Step 33: store_text -- body > jhi-main > div > section > div.app-content > jhi-stock-indent-dialog > div > div > div.pl-0.athma-detail-form-panel > div > div.preview-form-header > h5 > span
[17:30:09] [PASS] [OK] Stored 'DRAFT-225056' → {{Indent_Number}}
[17:30:09] [INFO] >> Step 34: Waiting 2000ms
[17:30:11] [PASS] [OK] wait completed
[17:30:11] [INFO] >> Step 35: Clicking: [ get_by_role("button", name="Cancel") ]
[17:30:12] [PASS] [OK] click completed
[17:30:12] [INFO] >> Step 36: Waiting 2000ms
[17:30:14] [PASS] [OK] wait completed
[17:30:14] [INFO] >> Step 37: Clicking: [ #inputDebounce ]
[17:30:14] [PASS] [OK] click completed
[17:30:14] [INFO] >> Step 38: press_sequentially -- #inputDebounce
[17:30:15] [INFO] [press_sequentially] filled and waited for debounce: 'DRAFT-225056'
[17:30:15] [PASS] [OK] press_sequentially completed
[17:30:15] [INFO] >> Step 39: Clicking: [ get_by_text("DRAFT-225056") ]
[17:30:16] [PASS] [OK] click completed
[17:30:16] [INFO] >> Step 40: Clicking: [ get_by_role("button", name="Open") ]
[17:30:17] [PASS] [OK] click completed
[17:30:17] [INFO] >> Step 41: Waiting for element: [ get_by_role("button", name="Delete") ]
[17:30:17] [PASS] [OK] wait_for_selector completed
[17:30:17] [INFO] >> Step 42: Clicking: [ get_by_role("button", name="Delete") ]
[17:30:18] [PASS] [OK] click completed
[17:30:18] [INFO] >> Step 43: Clicking: [ get_by_role("button", name="Delete") ]
[17:30:18] [PASS] [OK] click completed
[17:30:18] [INFO] >> Step 44: Waiting 2000ms
[17:30:20] [PASS] [OK] wait completed
[17:30:21] [INFO] [OK] PASSED -- 52/52 steps in 59018ms
