[17:41:24] [INFO] >> [async_runner] Starting run #7704 — Type: ui, Browser: chrome
[17:41:26] [INFO] [pool] Acquiring browser context from shared pool...
[17:41:27] [INFO] >> Step 1: Navigating to URL: https://sqa.narayanahealth.org/
[17:41:38] [PASS] [OK] navigate completed
[17:41:38] [INFO] >> Step 2: Typing '337800' into: [ #username ]
[17:41:38] [PASS] [OK] type completed
[17:41:38] [INFO] >> Step 3: Typing 'admin' into: [ #password ]
[17:41:38] [PASS] [OK] type completed
[17:41:38] [INFO] >> Step 4: Clicking: [ body > app-root > div > section > div.app-content > jhi-home > div > div > form:nth-child(2) > div.col-12 > button ]
[17:41:38] [PASS] [OK] click completed
[17:41:38] [INFO] >> Step 5: Waiting 1000ms
[17:41:39] [PASS] [OK] wait completed
[17:41:40] [INFO] >> Step 6: Asserting URL contains: 'https://sqa.narayanahealth.org/home-page'
[17:41:40] [PASS] [OK] assert_url completed
[17:41:40] [INFO] >> Step 7: Pressing key '.' on: [ body ]
[17:41:40] [PASS] [OK] press completed
[17:41:40] [INFO] >> Step 8: Typing 'purchase requisition' into: [ get_by_role("textbox", name="Search") ]
[17:41:41] [PASS] [OK] type completed
[17:41:41] [INFO] >> Step 9: Clicking: [ get_by_role("link", name="Purchase Requisition Purchase") ]
[17:41:41] [PASS] [OK] click completed
[17:41:41] [INFO] >> Step 10: Waiting for element: [ get_by_role("button", name="Create New") ]
[17:41:49] [PASS] [OK] wait_for_selector completed
[17:41:49] [INFO] >> Step 11: Clicking: [ button:has-text("Create New") ]
[17:41:51] [INFO] >> Step 12: Search & Select: type 'IP Pharmacy-Raipur' -> pick 'IP Pharmacy-Raipur' in [ #storeInput ]
[17:41:51] [INFO] [search_select] typing='IP Pharmacy-Raipur' picking='IP Pharmacy-Raipur'
[17:41:53] [PASS] [OK] Search & Select: selected 'IP Pharmacy-Raipur'
[17:41:53] [PASS] [OK] search_select completed
[17:41:54] [INFO] >> Step 13: Clicking: [ #btnNext ]
[17:41:54] [PASS] [OK] click completed
[17:41:54] [INFO] >> Step 14: Waiting for element: [ #itemInput ]
[17:41:54] [PASS] [OK] wait_for_selector completed
[17:41:54] [INFO] [DATA TABLE] 3 row(s), columns: ['itemCode', 'itemName', 'Qty']
[17:41:54] [INFO] [DATA TABLE] Row 1/3: itemCode=M-N-PH-M963-A037, itemName=GLOD WHEEL Plates-GOLD-100MG-SAMSUNG, Qty=7
[17:41:54] [INFO] >> Step 1: Search & Select: type '{{itemCode}}' -> pick 'GLOD WHEEL Plates-GOLD-100MG-SAMSUNG' in [ #itemInput ]
[17:41:54] [INFO] [search_select] typing='M-N-PH-M963-A037' picking='GLOD WHEEL Plates-GOLD-100MG-SAMSUNG'
[17:41:57] [PASS] [OK] Search & Select: selected 'GLOD WHEEL Plates-GOLD-100MG-SAMSUNG'
[17:41:57] [PASS] [OK] search_select completed
[17:41:57] [INFO] >> Step 2: Typing '7' into: [ body > jhi-main > div > section > div.app-content > jhi-purchase-requisition-dialog > div > div > div.pr-0.athma-detail-list-panel.fixed-height-without-header.grn-header > div.scroll-table-container > div.scroll-table-header > table > tbody > tr > td:nth-child(8) > div > input ]
[17:41:57] [PASS] [OK] type completed
[17:41:57] [INFO] >> Step 3: Clicking: [ td .athma-icon-button ]
[17:41:57] [PASS] [OK] click completed
[17:41:57] [INFO] [DATA TABLE] Row 2/3: itemCode=M-N-SG-M963-A036, itemName=CALCIUM-CAPSULES-100MG-DOLOPAR, Qty=5
[17:41:57] [INFO] >> Step 1: Search & Select: type '{{itemCode}}' -> pick 'CALCIUM-CAPSULES-100MG-DOLOPAR' in [ #itemInput ]
[17:41:57] [INFO] [search_select] typing='M-N-SG-M963-A036' picking='CALCIUM-CAPSULES-100MG-DOLOPAR'
[17:42:00] [PASS] [OK] Search & Select: selected 'CALCIUM-CAPSULES-100MG-DOLOPAR'
[17:42:00] [PASS] [OK] search_select completed
[17:42:00] [INFO] >> Step 2: Typing '5' into: [ body > jhi-main > div > section > div.app-content > jhi-purchase-requisition-dialog > div > div > div.pr-0.athma-detail-list-panel.fixed-height-without-header.grn-header > div.scroll-table-container > div.scroll-table-header > table > tbody > tr > td:nth-child(8) > div > input ]
[17:42:00] [PASS] [OK] type completed
[17:42:00] [INFO] >> Step 3: Clicking: [ td .athma-icon-button ]
[17:42:01] [PASS] [OK] click completed
[17:42:01] [INFO] [DATA TABLE] Row 3/3: itemCode=M-N-PH-M963-A035, itemName=CALCIUM-VITAMIN D-500MG+250IU-, Qty=6
[17:42:01] [INFO] >> Step 1: Search & Select: type '{{itemCode}}' -> pick 'CALCIUM-VITAMIN D-500MG+250IU-' in [ #itemInput ]
[17:42:01] [INFO] [search_select] typing='M-N-PH-M963-A035' picking='CALCIUM-VITAMIN D-500MG+250IU-'
[17:42:03] [PASS] [OK] Search & Select: selected 'CALCIUM-VITAMIN D-500MG+250IU-'
[17:42:03] [PASS] [OK] search_select completed
[17:42:03] [INFO] >> Step 2: Typing '6' into: [ body > jhi-main > div > section > div.app-content > jhi-purchase-requisition-dialog > div > div > div.pr-0.athma-detail-list-panel.fixed-height-without-header.grn-header > div.scroll-table-container > div.scroll-table-header > table > tbody > tr > td:nth-child(8) > div > input ]
[17:42:03] [PASS] [OK] type completed
[17:42:03] [INFO] >> Step 3: Clicking: [ td .athma-icon-button ]
[17:42:04] [PASS] [OK] click completed
[17:42:04] [INFO] >> Step 20: Clicking: [ [jhitranslate="entity.action.save"] ]
[17:42:04] [PASS] [OK] click completed
[17:42:05] [INFO] >> Step 21: Waiting for element: [ (//div[contains(@class,"toast")]//ngb-alert)[1]//pre ]
[17:42:05] [PASS] [OK] wait_for_selector completed
[17:42:05] [INFO] >> Step 22: store_text -- (//div[contains(@class,"toast")]//ngb-alert)[1]//pre
[17:42:05] [PASS] [OK] Stored 'DRAFT-8469 saved successfully' → {{Purchase_PR}}
[17:42:05] [PASS] [OK] str_split: 'DRAFT-8469' → {{Purchase_PR}}
[17:42:05] [INFO] >> Step 24: Clicking: [ #inputDebounce ]
[17:42:10] [PASS] [OK] click completed
[17:42:10] [INFO] >> Step 25: press_sequentially -- #inputDebounce
[17:42:11] [INFO] [press_sequentially] filled and waited for debounce: 'DRAFT-8469'
[17:42:11] [PASS] [OK] press_sequentially completed
[17:42:11] [INFO] >> Step 26: Clicking: [ get_by_text("DRAFT-8469") ]
[17:42:12] [PASS] [OK] click completed
[17:42:12] [INFO] >> Step 27: Clicking: [ get_by_role("button", name="Open") ]
[17:42:13] [PASS] [OK] click completed
[17:42:13] [INFO] >> Step 28: Clicking: [ get_by_role("button", name="Send for Approval") ]
[17:42:13] [PASS] [OK] click completed
[17:42:13] [INFO] >> Step 29: Waiting for element: [ get_by_role("button", name="Claim") ]
[17:42:14] [PASS] [OK] wait_for_selector completed
[17:42:14] [INFO] >> Step 30: Waiting 1000ms
[17:42:15] [PASS] [OK] wait completed
[17:42:15] [INFO] >> Step 31: store_text -- body > jhi-main > div > section > div.app-content > jhi-purchase-requisition-dialog > div > div > div.athma-detail-form-panel > div  > div.preview-form-header > h5 > span
[17:42:16] [PASS] [OK] Stored 'PR175426001816' → {{Purchase_PR}}
[17:42:16] [INFO] >> Step 32: Clicking: [ get_by_role("button", name="Claim") ]
[17:42:16] [PASS] [OK] click completed
[17:42:16] [INFO] >> Step 33: Clicking: [ get_by_role("button", name="Approve") ]
[17:42:17] [PASS] [OK] click completed
[17:42:17] [INFO] >> Step 34: Clicking: [ div.sidebar-logo-container ]
[17:42:18] [PASS] [OK] click completed
[17:42:19] [INFO] >> Step 35: Waiting 2000ms
[17:42:21] [PASS] [OK] wait completed
[17:42:21] [INFO] >> Step 36: Waiting for URL to contain: 'https://sqa.narayanahealth.org/home-page'
[17:42:21] [PASS] [OK] wait_for_url completed
[17:42:21] [INFO] >> Step 37: Pressing key '.' on: [ body ]
[17:42:21] [PASS] [OK] press completed
[17:42:21] [INFO] >> Step 38: Typing 'Purchase Order' into: [ get_by_role("textbox", name="Search") ]
[17:42:21] [PASS] [OK] type completed
[17:42:21] [INFO] >> Step 39: Clicking: [ (//div[contains(@class,"menu-search-list")]//a[contains(@class,"menu-search-anchor")])[1] ]
[17:42:22] [PASS] [OK] click completed
[17:42:22] [INFO] >> Step 40: Clicking: [ #inputDebounce ]
[17:42:27] [PASS] [OK] click completed
[17:42:27] [INFO] >> Step 41: press_sequentially -- #inputDebounce
[17:42:29] [INFO] [press_sequentially] filled and waited for debounce: 'PR175426001816'
[17:42:29] [PASS] [OK] press_sequentially completed
[17:42:29] [INFO] >> Step 42: Clicking: [ get_by_text("PR175426001816") ]
[17:42:30] [PASS] [OK] click completed
[17:42:30] [INFO] >> Step 43: Clicking: [ button.athma-icon-button.action-icon ]
[17:42:30] [PASS] [OK] click completed
[17:42:30] [INFO] >> Step 44: Clicking: [ get_by_text("Create PO") ]
[17:42:31] [PASS] [OK] click completed
[17:42:31] [INFO] >> Step 45: Waiting for element: [ (//div[contains(@class,"toast")]//ngb-alert)[1]//pre ]
[17:42:31] [PASS] [OK] wait_for_selector completed
[17:42:31] [INFO] >> Step 46: store_text -- (//div[contains(@class,"toast")]//ngb-alert)[1]//pre
[17:42:31] [PASS] [OK] Stored 'Bill To / Ship to address is not available for logged in Unit!' → {{Purchase_Order}}
[17:42:31] [INFO] >> Step 47: db_extract_multi -- 
[17:42:32] [INFO]   [RETRY] Step failed with: db_extract_multi: query returned no rows -- trying AI heal...
[17:42:32] [FAIL] db_extract_multi: query returned no rows
[17:42:32] [INFO] [FAIL] FAILED -- 50/51 steps in 66210ms
[17:53:56] [INFO] >> [async_runner] Starting run #7704 — Type: ui, Browser: chrome
[17:53:58] [INFO] [pool] Acquiring browser context from shared pool...
[17:53:59] [INFO] >> Step 1: Navigating to URL: https://sqa.narayanahealth.org/
[17:54:07] [PASS] [OK] navigate completed
[17:54:08] [INFO] >> Step 2: Typing '337800' into: [ #username ]
[17:54:08] [PASS] [OK] type completed
[17:54:08] [INFO] >> Step 3: Typing 'admin' into: [ #password ]
[17:54:08] [PASS] [OK] type completed
[17:54:08] [INFO] >> Step 4: Clicking: [ body > app-root > div > section > div.app-content > jhi-home > div > div > form:nth-child(2) > div.col-12 > button ]
[17:54:08] [PASS] [OK] click completed
[17:54:08] [INFO] >> Step 5: Waiting 1000ms
[17:54:09] [PASS] [OK] wait completed
[17:54:10] [INFO] >> Step 6: Asserting URL contains: 'https://sqa.narayanahealth.org/home-page'
[17:54:10] [PASS] [OK] assert_url completed
[17:54:10] [INFO] >> Step 7: Pressing key '.' on: [ body ]
[17:54:10] [PASS] [OK] press completed
[17:54:11] [INFO] >> Step 8: Typing 'purchase requisition' into: [ get_by_role("textbox", name="Search") ]
[17:54:11] [PASS] [OK] type completed
[17:54:11] [INFO] >> Step 9: Clicking: [ get_by_role("link", name="Purchase Requisition Purchase") ]
[17:54:11] [PASS] [OK] click completed
[17:54:12] [INFO] >> Step 10: Waiting for element: [ get_by_role("button", name="Create New") ]
[17:54:16] [PASS] [OK] wait_for_selector completed
[17:54:18] [INFO] >> Step 11: Clicking: [ button:has-text("Create New") ]
[17:54:20] [INFO] >> Step 12: Search & Select: type 'IP Pharmacy-Raipur' -> pick 'IP Pharmacy-Raipur' in [ #storeInput ]
[17:54:20] [INFO] [search_select] typing='IP Pharmacy-Raipur' picking='IP Pharmacy-Raipur'
[17:54:22] [PASS] [OK] Search & Select: selected 'IP Pharmacy-Raipur'
[17:54:22] [PASS] [OK] search_select completed
[17:54:22] [INFO] >> Step 13: Clicking: [ #btnNext ]
[17:54:23] [PASS] [OK] click completed
[17:54:23] [INFO] >> Step 14: Waiting for element: [ #itemInput ]
[17:54:23] [PASS] [OK] wait_for_selector completed
[17:54:23] [INFO] [DATA TABLE] 3 row(s), columns: ['itemCode', 'itemName', 'Qty']
[17:54:23] [INFO] [DATA TABLE] Row 1/3: itemCode=M-N-PH-M963-A037, itemName=GLOD WHEEL Plates-GOLD-100MG-SAMSUNG, Qty=7
[17:54:23] [INFO] >> Step 1: Search & Select: type '{{itemCode}}' -> pick 'GLOD WHEEL Plates-GOLD-100MG-SAMSUNG' in [ #itemInput ]
[17:54:23] [INFO] [search_select] typing='M-N-PH-M963-A037' picking='GLOD WHEEL Plates-GOLD-100MG-SAMSUNG'
[17:54:25] [PASS] [OK] Search & Select: selected 'GLOD WHEEL Plates-GOLD-100MG-SAMSUNG'
[17:54:25] [PASS] [OK] search_select completed
[17:54:25] [INFO] >> Step 2: Typing '7' into: [ body > jhi-main > div > section > div.app-content > jhi-purchase-requisition-dialog > div > div > div.pr-0.athma-detail-list-panel.fixed-height-without-header.grn-header > div.scroll-table-container > div.scroll-table-header > table > tbody > tr > td:nth-child(8) > div > input ]
[17:54:25] [PASS] [OK] type completed
[17:54:25] [INFO] >> Step 3: Clicking: [ td .athma-icon-button ]
[17:54:26] [PASS] [OK] click completed
[17:54:26] [INFO] [DATA TABLE] Row 2/3: itemCode=M-N-SG-M963-A036, itemName=CALCIUM-CAPSULES-100MG-DOLOPAR, Qty=5
[17:54:26] [INFO] >> Step 1: Search & Select: type '{{itemCode}}' -> pick 'CALCIUM-CAPSULES-100MG-DOLOPAR' in [ #itemInput ]
[17:54:26] [INFO] [search_select] typing='M-N-SG-M963-A036' picking='CALCIUM-CAPSULES-100MG-DOLOPAR'
[17:54:29] [PASS] [OK] Search & Select: selected 'CALCIUM-CAPSULES-100MG-DOLOPAR'
[17:54:29] [PASS] [OK] search_select completed
[17:54:29] [INFO] >> Step 2: Typing '5' into: [ body > jhi-main > div > section > div.app-content > jhi-purchase-requisition-dialog > div > div > div.pr-0.athma-detail-list-panel.fixed-height-without-header.grn-header > div.scroll-table-container > div.scroll-table-header > table > tbody > tr > td:nth-child(8) > div > input ]
[17:54:29] [PASS] [OK] type completed
[17:54:29] [INFO] >> Step 3: Clicking: [ td .athma-icon-button ]
[17:54:29] [PASS] [OK] click completed
[17:54:29] [INFO] [DATA TABLE] Row 3/3: itemCode=M-N-PH-M963-A035, itemName=CALCIUM-VITAMIN D-500MG+250IU-, Qty=6
[17:54:30] [INFO] >> Step 1: Search & Select: type '{{itemCode}}' -> pick 'CALCIUM-VITAMIN D-500MG+250IU-' in [ #itemInput ]
[17:54:30] [INFO] [search_select] typing='M-N-PH-M963-A035' picking='CALCIUM-VITAMIN D-500MG+250IU-'
[17:54:32] [PASS] [OK] Search & Select: selected 'CALCIUM-VITAMIN D-500MG+250IU-'
[17:54:32] [PASS] [OK] search_select completed
[17:54:32] [INFO] >> Step 2: Typing '6' into: [ body > jhi-main > div > section > div.app-content > jhi-purchase-requisition-dialog > div > div > div.pr-0.athma-detail-list-panel.fixed-height-without-header.grn-header > div.scroll-table-container > div.scroll-table-header > table > tbody > tr > td:nth-child(8) > div > input ]
[17:54:33] [PASS] [OK] type completed
[17:54:33] [INFO] >> Step 3: Clicking: [ td .athma-icon-button ]
[17:54:33] [PASS] [OK] click completed
[17:54:33] [INFO] >> Step 20: Clicking: [ [jhitranslate="entity.action.save"] ]
[17:54:34] [PASS] [OK] click completed
[17:54:34] [INFO] >> Step 21: Waiting for element: [ (//div[contains(@class,"toast")]//ngb-alert)[1]//pre ]
[17:54:34] [PASS] [OK] wait_for_selector completed
[17:54:34] [INFO] >> Step 22: store_text -- (//div[contains(@class,"toast")]//ngb-alert)[1]//pre
[17:54:34] [PASS] [OK] Stored 'DRAFT-8471 saved successfully' → {{Purchase_PR}}
[17:54:34] [PASS] [OK] str_split: 'DRAFT-8471' → {{Purchase_PR}}
[17:54:34] [INFO] >> Step 24: Clicking: [ #inputDebounce ]
[17:54:39] [PASS] [OK] click completed
[17:54:39] [INFO] >> Step 25: press_sequentially -- #inputDebounce
[17:54:40] [INFO] [press_sequentially] filled and waited for debounce: 'DRAFT-8471'
[17:54:40] [PASS] [OK] press_sequentially completed
[17:54:40] [INFO] >> Step 26: Clicking: [ get_by_text("DRAFT-8471") ]
[17:54:41] [PASS] [OK] click completed
[17:54:41] [INFO] >> Step 27: Clicking: [ get_by_role("button", name="Open") ]
[17:54:42] [PASS] [OK] click completed
[17:54:42] [INFO] >> Step 28: Clicking: [ get_by_role("button", name="Send for Approval") ]
[17:54:43] [PASS] [OK] click completed
[17:54:43] [INFO] >> Step 29: Waiting for element: [ get_by_role("button", name="Claim") ]
[17:54:44] [PASS] [OK] wait_for_selector completed
[17:54:44] [INFO] >> Step 30: Waiting 1000ms
[17:54:45] [PASS] [OK] wait completed
[17:54:45] [INFO] >> Step 31: store_text -- body > jhi-main > div > section > div.app-content > jhi-purchase-requisition-dialog > div > div > div.athma-detail-form-panel > div  > div.preview-form-header > h5 > span
[17:54:45] [PASS] [OK] Stored 'PR175426001818' → {{Purchase_PR}}
[17:54:45] [INFO] >> Step 32: Clicking: [ get_by_role("button", name="Claim") ]
[17:54:45] [PASS] [OK] click completed
[17:54:45] [INFO] >> Step 33: Clicking: [ get_by_role("button", name="Approve") ]
[17:54:47] [PASS] [OK] click completed
[17:54:47] [INFO] >> Step 34: Clicking: [ div.sidebar-logo-container ]
[17:54:48] [PASS] [OK] click completed
[17:54:48] [INFO] >> Step 35: Waiting 2000ms
[17:54:50] [PASS] [OK] wait completed
[17:54:52] [INFO] >> Step 36: Waiting for URL to contain: 'https://sqa.narayanahealth.org/home-page'
[17:54:52] [PASS] [OK] wait_for_url completed
[17:54:52] [INFO] >> Step 37: Pressing key '.' on: [ body ]
[17:54:52] [PASS] [OK] press completed
[17:54:52] [INFO] >> Step 38: Typing 'Purchase Order' into: [ get_by_role("textbox", name="Search") ]
[17:54:52] [PASS] [OK] type completed
[17:54:52] [INFO] >> Step 39: Clicking: [ (//div[contains(@class,"menu-search-list")]//a[contains(@class,"menu-search-anchor")])[1] ]
[17:54:53] [PASS] [OK] click completed
[17:54:55] [INFO] >> Step 40: Clicking: [ #inputDebounce ]
[17:54:57] [PASS] [OK] click completed
[17:54:57] [INFO] >> Step 41: press_sequentially -- #inputDebounce
[17:54:58] [INFO] [press_sequentially] filled and waited for debounce: 'PR175426001818'
[17:54:58] [PASS] [OK] press_sequentially completed
[17:54:59] [INFO] >> Step 42: Clicking: [ get_by_text("PR175426001818") ]
[17:55:00] [PASS] [OK] click completed
[17:55:00] [INFO] >> Step 43: Clicking: [ button.athma-icon-button.action-icon ]
[17:55:00] [PASS] [OK] click completed
[17:55:00] [INFO] >> Step 44: Clicking: [ get_by_text("Create PO") ]
[17:55:01] [PASS] [OK] click completed
[17:55:01] [INFO] >> Step 45: Waiting for element: [ (//div[contains(@class,"toast")]//ngb-alert)[1]//pre ]
[17:55:01] [PASS] [OK] wait_for_selector completed
[17:55:01] [INFO] >> Step 46: store_text -- (//div[contains(@class,"toast")]//ngb-alert)[1]//pre
[17:55:01] [PASS] [OK] Stored 'Bill To / Ship to address is not available for logged in Unit!' → {{Purchase_Order}}
[17:55:01] [INFO] >> Step 47: db_extract_multi -- 
[17:55:01] [INFO]   [RETRY] Step failed with: db_extract_multi: query returned no rows -- trying AI heal...
[17:55:01] [FAIL] db_extract_multi: query returned no rows
[17:55:02] [INFO] [FAIL] FAILED -- 50/51 steps in 63801ms
