[17:05:51] [INFO] >> [async_runner] Starting run #7688 — Type: ui, Browser: chrome
[17:05:53] [INFO] [pool] Acquiring browser context from shared pool...
[17:05:58] [INFO] >> Step 1: Navigating to URL: https://sqa.narayanahealth.org/
[17:06:07] [PASS] [OK] navigate completed
[17:06:07] [INFO] >> Step 2: Clicking: [ #username ]
[17:06:08] [PASS] [OK] click completed
[17:06:08] [INFO] >> Step 3: Typing '337800' into: [ #username ]
[17:06:08] [PASS] [OK] type completed
[17:06:08] [INFO] >> Step 4: Clicking: [ #password ]
[17:06:08] [PASS] [OK] click completed
[17:06:08] [INFO] >> Step 5: Typing 'admin' into: [ #password ]
[17:06:08] [PASS] [OK] type completed
[17:06:08] [INFO] >> Step 6: Clicking: [ body > app-root > div > section > div.app-content > jhi-home > div > div > form:nth-child(2) > div.col-12 > button ]
[17:06:09] [PASS] [OK] click completed
[17:06:09] [INFO] >> Step 7: Waiting 2000ms
[17:06:11] [PASS] [OK] wait completed
[17:06:11] [INFO] >> Step 8: Pressing key '.' on: [ body ]
[17:06:11] [PASS] [OK] press completed
[17:06:11] [INFO] >> Step 9: Typing 'indent' into: [ get_by_role("textbox", name="Search") ]
[17:06:11] [PASS] [OK] type completed
[17:06:11] [INFO] >> Step 10: Clicking: [ get_by_role("link", name="Indent Inventory") ]
[17:06:12] [PASS] [OK] click completed
[17:06:13] [INFO] >> Step 11: Waiting 4000ms
[17:06:17] [PASS] [OK] wait completed
[17:06:17] [INFO] >> Step 12: Clicking: [ get_by_role("button", name="Create New") ]
[17:06:18] [PASS] [OK] click completed
[17:06:18] [INFO] >> Step 13: Clicking: [ #indentStoreInput ]
[17:06:19] [PASS] [OK] click completed
[17:06:19] [INFO] >> Step 14: Clearing: [ #indentStoreInput ]
[17:06:19] [PASS] [OK] clear completed
[17:06:19] [INFO] >> Step 15: Search & Select: type 'IP Pharmacy-Raipur' -> pick 'IP Pharmacy-Raipur' in [ #indentStoreInput ]
[17:06:19] [INFO] [search_select] typing='IP Pharmacy-Raipur' picking='IP Pharmacy-Raipur'
[17:06:22] [PASS] [OK] Search & Select: selected 'IP Pharmacy-Raipur'
[17:06:22] [PASS] [OK] search_select completed
[17:06:22] [INFO] >> Step 16: Clicking: [ #issueStoreInput ]
[17:06:22] [PASS] [OK] click completed
[17:06:22] [INFO] >> Step 17: Clearing: [ #issueStoreInput ]
[17:06:22] [PASS] [OK] clear completed
[17:06:22] [INFO] >> Step 18: Search & Select: type '157-MS1' -> pick 'Main Store-Raipur' in [ #issueStoreInput ]
[17:06:22] [INFO] [search_select] typing='157-MS1' picking='Main Store-Raipur'
[17:06:24] [PASS] [OK] Search & Select: selected 'Main Store-Raipur'
[17:06:24] [PASS] [OK] search_select completed
[17:06:24] [INFO] >> Step 19: Clicking: [ #btnNext ]
[17:06:25] [PASS] [OK] click completed
[17:06:25] [INFO] >> Step 20: Waiting 1000ms
[17:06:26] [PASS] [OK] wait completed
[17:06:26] [INFO] [DATA TABLE] 3 row(s), columns: ['Item_name', 'Qty']
[17:06:26] [INFO] [DATA TABLE] Row 1/3: Item_name=PARACETAMOL-TABLET-750MG-P 750-, Qty=2
[17:06:26] [INFO] >> Step 1: Clicking: [ #itemInput ]
[17:06:27] [PASS] [OK] click completed
[17:06:27] [INFO] >> Step 2: Search & Select: type '{{Item_name}}' -> pick 'PARACETAMOL-TABLET-750MG-P 750-' in [ #itemInput ]
[17:06:27] [INFO] [search_select] typing='PARACETAMOL-TABLET-750MG-P 750-' picking='PARACETAMOL-TABLET-750MG-P 750-'
[17:06:29] [PASS] [OK] Search & Select: selected 'PARACETAMOL-TABLET-750MG-P 750-'
[17:06:29] [PASS] [OK] search_select completed
[17:06:29] [INFO] >> Step 3: Clicking: [ #lImQty ]
[17:06:30] [PASS] [OK] click completed
[17:06:30] [INFO] >> Step 4: Typing '2' into: [ #lImQty ]
[17:06:30] [PASS] [OK] type completed
[17:06:30] [INFO] >> Step 5: Pressing key 'Enter' on: [ #lImQty ]
[17:06:30] [PASS] [OK] press completed
[17:06:30] [INFO] [DATA TABLE] Row 2/3: Item_name=FUROSEMIDE-INJECTION-10MG/ML(4ML)-LASIX-, Qty=4
[17:06:30] [INFO] >> Step 1: Clicking: [ #itemInput ]
[17:06:31] [PASS] [OK] click completed
[17:06:31] [INFO] >> Step 2: Search & Select: type '{{Item_name}}' -> pick 'FUROSEMIDE-INJECTION-10MG/ML(4ML)-LASIX-' in [ #itemInput ]
[17:06:31] [INFO] [search_select] typing='FUROSEMIDE-INJECTION-10MG/ML(4ML)-LASIX-' picking='FUROSEMIDE-INJECTION-10MG/ML(4ML)-LASIX-'
[17:06:34] [PASS] [OK] Search & Select: selected 'FUROSEMIDE-INJECTION-10MG/ML(4ML)-LASIX-'
[17:06:34] [PASS] [OK] search_select completed
[17:06:34] [INFO] >> Step 3: Clicking: [ #lImQty ]
[17:06:35] [PASS] [OK] click completed
[17:06:35] [INFO] >> Step 4: Typing '4' into: [ #lImQty ]
[17:06:35] [PASS] [OK] type completed
[17:06:35] [INFO] >> Step 5: Pressing key 'Enter' on: [ #lImQty ]
[17:06:35] [PASS] [OK] press completed
[17:06:35] [INFO] [DATA TABLE] Row 3/3: Item_name=PANTOPRAZOLE-TABLET-40MG-PAN-, Qty=6
[17:06:35] [INFO] >> Step 1: Clicking: [ #itemInput ]
[17:06:35] [PASS] [OK] click completed
[17:06:35] [INFO] >> Step 2: Search & Select: type '{{Item_name}}' -> pick 'PANTOPRAZOLE-TABLET-40MG-PAN-' in [ #itemInput ]
[17:06:35] [INFO] [search_select] typing='PANTOPRAZOLE-TABLET-40MG-PAN-' picking='PANTOPRAZOLE-TABLET-40MG-PAN-'
[17:06:38] [PASS] [OK] Search & Select: selected 'PANTOPRAZOLE-TABLET-40MG-PAN-'
[17:06:38] [PASS] [OK] search_select completed
[17:06:38] [INFO] >> Step 3: Clicking: [ #lImQty ]
[17:06:39] [PASS] [OK] click completed
[17:06:39] [INFO] >> Step 4: Typing '6' into: [ #lImQty ]
[17:06:39] [PASS] [OK] type completed
[17:06:39] [INFO] >> Step 5: Pressing key 'Enter' on: [ #lImQty ]
[17:06:39] [PASS] [OK] press completed
[17:06:39] [INFO] >> Step 28: Waiting 2000ms
[17:06:41] [PASS] [OK] wait completed
[17:06:41] [INFO] >> Step 29: Clicking: [ get_by_role("button", name="Save") ]
[17:06:42] [PASS] [OK] click completed
[17:06:42] [INFO] >> Step 30: Waiting 2000ms
[17:06:44] [PASS] [OK] wait completed
[17:06:44] [INFO] >> Step 31: Clicking: [ #btnDone ]
[17:06:44] [PASS] [OK] click completed
[17:06:44] [INFO] >> Step 32: Clicking: [ get_by_role("button", name="Send for Approval") ]
[17:06:45] [PASS] [OK] click completed
[17:06:45] [INFO] >> Step 33: Waiting for element: [ #btnDone ]
[17:06:46] [PASS] [OK] wait_for_selector completed
[17:06:46] [INFO] >> Step 34: Clicking: [ #btnDone ]
[17:06:47] [PASS] [OK] click completed
[17:06:47] [INFO] >> Step 35: store_text -- body > jhi-main > div > section > div.app-content > jhi-stock-indent-dialog > div > div > div.pl-0.athma-detail-form-panel > div > div.preview-form-header > h5 > span
[17:06:47] [PASS] [OK] Stored 'SRQ-1754-2601587' → {{Indent_Number}}
[17:06:47] [INFO] >> Step 36: Waiting 2000ms
[17:06:49] [PASS] [OK] wait completed
[17:06:49] [INFO] >> Step 37: Clicking: [ get_by_role("button", name="Claim") ]
[17:06:49] [PASS] [OK] click completed
[17:06:49] [INFO] >> Step 38: Clicking: [ get_by_role("button", name="Approve") ]
[17:06:50] [PASS] [OK] click completed
[17:06:50] [INFO] >> Step 39: Waiting 2000ms
[17:06:52] [PASS] [OK] wait completed
[17:06:52] [INFO] >> Step 40: Clicking: [ #btnDone ]
[17:06:53] [PASS] [OK] click completed
[17:06:53] [INFO] >> Step 41: Clicking: [ body > jhi-main > div > section > div.app-content > jhi-stock-indent-dialog > div > div > div.pr-0.athma-detail-list-panel.fixed-height-without-header > stock-indent-button > div > div.col-sm-8.text-right.pr-0 > button ]
[17:06:53] [PASS] [OK] click completed
[17:06:54] [INFO] >> Step 42: Waiting 2000ms
[17:06:56] [PASS] [OK] wait completed
[17:06:56] [INFO] >> Step 43: Clicking: [ body > jhi-main > div > section > div.app-content > jhi-stock-indent > athma-page-header > div > athma-tabs-header > section > div.row.align-items-center > div.col-sm-8 > ul > li:nth-child(1) > a > span ]
[17:06:56] [PASS] [OK] click completed
[17:06:56] [INFO] >> Step 44: Clicking: [ #inputDebounce ]
[17:06:57] [PASS] [OK] click completed
[17:06:57] [INFO] >> Step 45: press_sequentially -- #inputDebounce
[17:06:58] [INFO] [press_sequentially] filled and waited for debounce: 'SRQ-1754-2601587'
[17:06:58] [PASS] [OK] press_sequentially completed
[17:06:58] [PASS] [OK] call_test: 'SAI_Indent_ForLoop' done
[17:06:58] [INFO] >> Step 2: Navigating to URL: https://sqa.narayanahealth.org/home-page
[17:07:01] [PASS] [OK] navigate completed
[17:07:01] [INFO] >> Step 3: Waiting 2000ms
[17:07:03] [PASS] [OK] wait completed
[17:07:03] [INFO] >> Step 4: Pressing key '.' on: [ body ]
[17:07:03] [PASS] [OK] press completed
[17:07:04] [INFO] >> Step 5: Waiting 2000ms
[17:07:06] [PASS] [OK] wait completed
[17:07:06] [INFO] >> Step 6: press_sequentially -- get_by_role("textbox", name="Search")
[17:07:07] [INFO] [press_sequentially] filled and waited for debounce: 'issue'
[17:07:07] [PASS] [OK] press_sequentially completed
[17:07:07] [INFO] >> Step 7: Waiting 2000ms
[17:07:09] [PASS] [OK] wait completed
[17:07:09] [INFO] >> Step 8: Clicking: [ #menu_0_0_7 ]
[17:07:10] [PASS] [OK] click completed
[17:07:10] [INFO] >> Step 9: Waiting 3000ms
[17:07:13] [PASS] [OK] wait completed
[17:07:14] [INFO] >> Step 10: Clicking: [ #inputDebounce ]
[17:07:15] [PASS] [OK] click completed
[17:07:15] [INFO] >> Step 11: press_sequentially -- #inputDebounce
[17:07:18] [INFO] [press_sequentially] filled and waited for debounce: 'SRQ-1754-2601587'
[17:07:18] [PASS] [OK] press_sequentially completed
[17:07:18] [INFO] >> Step 12: Waiting 1000ms
[17:07:19] [PASS] [OK] wait completed
[17:07:19] [INFO] >> Step 13: Clicking: [ get_by_text("SRQ-1754-2601587") ]
[17:07:20] [PASS] [OK] click completed
[17:07:20] [INFO] >> Step 14: Waiting 2001ms
[17:07:22] [PASS] [OK] wait completed
[17:07:22] [INFO] >> Step 15: Clicking: [ get_by_role("button", name="Open") ]
[17:07:22] [PASS] [OK] click completed
[17:07:22] [INFO] >> Step 16: Waiting 2000ms
[17:07:25] [PASS] [OK] wait completed
[17:07:25] [INFO] [DATA TABLE] 3 row(s), columns: ['issue_itemName', 'Batch', 'Issue_Qty']
[17:07:25] [INFO] [DATA TABLE] Row 1/3: issue_itemName=PARACETAMOL-TABLET-750MG-P 750-, Batch=batch main, Issue_Qty=2
[17:07:25] [INFO] >> Step 1: table_action -- body > jhi-main > div > section > div.app-content > jhi-stock-issue-dialog > div > div > div.pr-0.athma-detail-list-panel.fixed-height-without-header > div > div.scroll-table-body.ps.position-relative > table
[17:07:27] [PASS] [OK] table_action completed
[17:07:27] [INFO] >> Step 2: table_action -- body > jhi-main > div > section > div.app-content > jhi-stock-issue-dialog > div > div > div.pr-0.athma-detail-list-panel.fixed-height-without-header > div > div.scroll-table-body.ps.position-relative > table
[17:07:32] [PASS] [OK] table_action completed
[17:07:32] [INFO] >> Step 3: Waiting 1000ms
[17:07:33] [PASS] [OK] wait completed
[17:07:33] [INFO] [DATA TABLE] Row 2/3: issue_itemName=FUROSEMIDE-INJECTION-10MG/ML(4ML)-LASIX-, Batch=2119077, Issue_Qty=4
[17:07:33] [INFO] >> Step 1: table_action -- body > jhi-main > div > section > div.app-content > jhi-stock-issue-dialog > div > div > div.pr-0.athma-detail-list-panel.fixed-height-without-header > div > div.scroll-table-body.ps.position-relative > table
[17:07:35] [PASS] [OK] table_action completed
[17:07:35] [INFO] >> Step 2: table_action -- body > jhi-main > div > section > div.app-content > jhi-stock-issue-dialog > div > div > div.pr-0.athma-detail-list-panel.fixed-height-without-header > div > div.scroll-table-body.ps.position-relative > table
[17:07:40] [PASS] [OK] table_action completed
[17:07:41] [INFO] >> Step 3: Waiting 1000ms
[17:07:42] [PASS] [OK] wait completed
[17:07:42] [INFO] [DATA TABLE] Row 3/3: issue_itemName=PANTOPRAZOLE-TABLET-40MG-PAN-, Batch=19440364, Issue_Qty=6
[17:07:42] [INFO] >> Step 1: table_action -- body > jhi-main > div > section > div.app-content > jhi-stock-issue-dialog > div > div > div.pr-0.athma-detail-list-panel.fixed-height-without-header > div > div.scroll-table-body.ps.position-relative > table
[17:07:44] [PASS] [OK] table_action completed
[17:07:44] [INFO] >> Step 2: table_action -- body > jhi-main > div > section > div.app-content > jhi-stock-issue-dialog > div > div > div.pr-0.athma-detail-list-panel.fixed-height-without-header > div > div.scroll-table-body.ps.position-relative > table
[17:07:49] [PASS] [OK] table_action completed
[17:07:49] [INFO] >> Step 3: Waiting 1000ms
[17:07:50] [PASS] [OK] wait completed
[17:07:50] [INFO] >> Step 22: Clicking: [ get_by_role("button", name="Send for Approval") ]
[17:07:51] [PASS] [OK] click completed
[17:07:51] [INFO] >> Step 23: Waiting 2000ms
[17:07:53] [PASS] [OK] wait completed
[17:07:53] [INFO] >> Step 24: Clicking: [ #btnDone ]
[17:07:53] [PASS] [OK] click completed
[17:07:53] [INFO] >> Step 25: Waiting 2000ms
[17:07:55] [PASS] [OK] wait completed
[17:07:56] [INFO] >> Step 26: Clicking: [ get_by_role("button", name="Claim") ]
[17:07:56] [PASS] [OK] click completed
[17:07:56] [INFO] >> Step 27: Waiting 2000ms
[17:07:58] [PASS] [OK] wait completed
[17:07:58] [INFO] >> Step 28: Clicking: [ text="Approve" ]
[17:07:59] [PASS] [OK] click completed
[17:07:59] [INFO] >> Step 29: Clicking: [ #btnDone ]
[17:08:00] [PASS] [OK] click completed
[17:08:00] [INFO] >> Step 30: Waiting 2000ms
[17:08:02] [PASS] [OK] wait completed
[17:08:02] [INFO] >> Step 31: store_text -- body > jhi-main > div > section > div.app-content > jhi-stock-issue-dialog > div > div > div.pl-0.athma-detail-form-panel > div > div.preview-form-header > h5 > span
[17:08:02] [PASS] [OK] Stored 'SIS-1754-2601088' → {{Issue_Number}}
[17:08:02] [INFO] >> Step 32: Waiting 2000ms
[17:08:04] [PASS] [OK] wait completed
[17:08:04] [INFO] >> Step 33: Clicking: [ get_by_role("button", name="Cancel") ]
[17:08:05] [PASS] [OK] click completed
[17:08:05] [PASS] [OK] call_test: 'Issue_Full_Qty' done
[17:08:06] [INFO] >> Step 2: Clicking: [ #sidebar-wrapper > div > div > div > div > svg ]
[17:08:06] [PASS] [OK] click completed
[17:08:06] [INFO] >> Step 3: Waiting for URL to contain: 'https://sqa.narayanahealth.org/home-page'
[17:08:08] [PASS] [OK] wait_for_url completed
[17:08:09] [INFO] >> Step 4: Pressing key '.' on: [ body ]
[17:08:09] [PASS] [OK] press completed
[17:08:10] [INFO] >> Step 5: press_sequentially -- get_by_role("textbox", name="Search")
[17:08:11] [INFO] [press_sequentially] filled and waited for debounce: 'receipt'
[17:08:11] [PASS] [OK] press_sequentially completed
[17:08:11] [INFO] >> Step 6: Waiting 1000ms
[17:08:12] [PASS] [OK] wait completed
[17:08:12] [INFO] >> Step 7: Clicking: [ get_by_role("link", name="Receipt Inventory") ]
[17:08:13] [PASS] [OK] click completed
[17:08:13] [INFO] >> Step 8: Waiting 3000ms
[17:08:16] [PASS] [OK] wait completed
[17:08:16] [INFO] >> Step 9: Clicking: [ #inputDebounce ]
[17:08:20] [PASS] [OK] click completed
[17:08:20] [INFO] >> Step 10: press_sequentially -- #inputDebounce
[17:08:21] [INFO] [press_sequentially] filled and waited for debounce: 'SIS-1754-2601088'
[17:08:21] [PASS] [OK] press_sequentially completed
[17:08:21] [INFO] >> Step 11: Waiting 1000ms
[17:08:22] [PASS] [OK] wait completed
[17:08:22] [INFO] >> Step 12: Clicking: [ get_by_text("SIS-1754-2601088") ]
[17:08:23] [PASS] [OK] click completed
[17:08:23] [INFO] >> Step 13: Waiting 2001ms
[17:08:25] [PASS] [OK] wait completed
[17:08:25] [INFO] >> Step 14: Clicking: [ get_by_role("button", name="Open") ]
[17:08:26] [PASS] [OK] click completed
[17:08:26] [INFO] >> Step 15: Waiting for element: [ body > jhi-main > div > section > div.app-content > jhi-stock-receipt-dialog > div > div > div.pr-0.athma-detail-list-panel.fixed-height-without-header > div > div.scroll-table-header > table > thead > tr > th:nth-child(2) > div > div.input-group.athma-input-group-container > button > i ]
[17:08:26] [PASS] [OK] wait_for_selector completed
[17:08:26] [INFO] [DATA TABLE] 3 row(s), columns: ['receipt_item', 'Recipt_qty', 'Receipt_reject_Qty', 'Reject_reson']
[17:08:26] [INFO] [DATA TABLE] Row 1/3: receipt_item=PARACETAMOL-TABLET-750MG-P 750-, Recipt_qty=1, Receipt_reject_Qty=1, Reject_reson=Item is damaged
[17:08:26] [INFO] >> Step 1: table_action -- body > jhi-main > div > section > div.app-content > jhi-stock-receipt-dialog > div > div > div.pr-0.athma-detail-list-panel.fixed-height-without-header > div > div.scroll-table-body.ps > table
[17:08:31] [PASS] [OK] table_action completed
[17:08:31] [INFO] >> Step 2: table_action -- body > jhi-main > div > section > div.app-content > jhi-stock-receipt-dialog > div > div > div.pr-0.athma-detail-list-panel.fixed-height-without-header > div > div.scroll-table-body.ps > table
[17:08:36] [PASS] [OK] table_action completed
[17:08:36] [INFO] >> Step 3: table_action -- body > jhi-main > div > section > div.app-content > jhi-stock-receipt-dialog > div > div > div.pr-0.athma-detail-list-panel.fixed-height-without-header > div > div.scroll-table-body.ps > table
[17:08:37] [PASS] [OK] table_action completed
[17:08:37] [INFO] [DATA TABLE] Row 2/3: receipt_item=FUROSEMIDE-INJECTION-10MG/ML(4ML)-LASIX-, Recipt_qty=2, Receipt_reject_Qty=2, Reject_reson=Expired or expiry date is less than 30 days
[17:08:37] [INFO] >> Step 1: table_action -- body > jhi-main > div > section > div.app-content > jhi-stock-receipt-dialog > div > div > div.pr-0.athma-detail-list-panel.fixed-height-without-header > div > div.scroll-table-body.ps > table
[17:08:42] [PASS] [OK] table_action completed
[17:08:42] [INFO] >> Step 2: table_action -- body > jhi-main > div > section > div.app-content > jhi-stock-receipt-dialog > div > div > div.pr-0.athma-detail-list-panel.fixed-height-without-header > div > div.scroll-table-body.ps > table
[17:08:47] [PASS] [OK] table_action completed
[17:08:47] [INFO] >> Step 3: table_action -- body > jhi-main > div > section > div.app-content > jhi-stock-receipt-dialog > div > div > div.pr-0.athma-detail-list-panel.fixed-height-without-header > div > div.scroll-table-body.ps > table
[17:08:47] [PASS] [OK] table_action completed
[17:08:47] [INFO] [DATA TABLE] Row 3/3: receipt_item=PANTOPRAZOLE-TABLET-40MG-PAN-, Recipt_qty=3, Receipt_reject_Qty=3, Reject_reson=Not received
[17:08:47] [INFO] >> Step 1: table_action -- body > jhi-main > div > section > div.app-content > jhi-stock-receipt-dialog > div > div > div.pr-0.athma-detail-list-panel.fixed-height-without-header > div > div.scroll-table-body.ps > table
[17:08:52] [PASS] [OK] table_action completed
[17:08:52] [INFO] >> Step 2: table_action -- body > jhi-main > div > section > div.app-content > jhi-stock-receipt-dialog > div > div > div.pr-0.athma-detail-list-panel.fixed-height-without-header > div > div.scroll-table-body.ps > table
[17:08:57] [PASS] [OK] table_action completed
[17:08:57] [INFO] >> Step 3: table_action -- body > jhi-main > div > section > div.app-content > jhi-stock-receipt-dialog > div > div > div.pr-0.athma-detail-list-panel.fixed-height-without-header > div > div.scroll-table-body.ps > table
[17:08:57] [PASS] [OK] table_action completed
[17:08:57] [INFO] >> Step 21: Clicking: [ get_by_role("button", name="Send for Approval") ]
[17:08:58] [PASS] [OK] click completed
[17:08:58] [INFO] >> Step 22: Waiting 2000ms
[17:09:00] [PASS] [OK] wait completed
[17:09:00] [INFO] >> Step 23: Clicking: [ #btnDone ]
[17:09:00] [PASS] [OK] click completed
[17:09:00] [INFO] >> Step 24: Waiting 2000ms
[17:09:02] [PASS] [OK] wait completed
[17:09:02] [INFO] >> Step 25: Clicking: [ get_by_role("button", name="Claim") ]
[17:09:03] [PASS] [OK] click completed
[17:09:03] [INFO] >> Step 26: Waiting 2000ms
[17:09:05] [PASS] [OK] wait completed
[17:09:05] [INFO] >> Step 27: Clicking: [ get_by_role("button", name="Approve") ]
[17:09:05] [PASS] [OK] click completed
[17:09:05] [INFO] >> Step 28: Clicking: [ #btnDone ]
[17:09:07] [PASS] [OK] click completed
[17:09:07] [INFO] >> Step 29: Waiting 2000ms
[17:09:09] [PASS] [OK] wait completed
[17:09:10] [INFO] >> Step 30: store_text -- body > jhi-main > div > section > div.app-content > jhi-stock-receipt-dialog > div > div > div.pl-0.athma-detail-form-panel > div > div.preview-form-header > h5 > span
[17:09:10] [PASS] [OK] Stored 'SRC-I-1754-2601519' → {{Receipt_Number}}
[17:09:10] [INFO] >> Step 31: Waiting 2000ms
[17:09:12] [PASS] [OK] wait completed
[17:09:12] [INFO] >> Step 32: Clicking: [ get_by_role("button", name="Cancel") ]
[17:09:12] [PASS] [OK] click completed
[17:09:13] [INFO] [OK] PASSED -- 124/124 steps in 200269ms
