[16:51:31] [INFO] >> [async_runner] Starting run #7683 — Type: ui, Browser: chrome
[16:51:33] [INFO] [pool] Acquiring browser context from shared pool...
[16:51:36] [INFO] >> Step 1: Navigating to URL: https://sqa.narayanahealth.org/
[16:51:45] [PASS] [OK] navigate completed
[16:51:45] [INFO] >> Step 2: Clicking: [ #username ]
[16:51:45] [PASS] [OK] click completed
[16:51:45] [INFO] >> Step 3: Typing '337800' into: [ #username ]
[16:51:45] [PASS] [OK] type completed
[16:51:45] [INFO] >> Step 4: Clicking: [ #password ]
[16:51:46] [PASS] [OK] click completed
[16:51:46] [INFO] >> Step 5: Typing 'admin' into: [ #password ]
[16:51:46] [PASS] [OK] type completed
[16:51:46] [INFO] >> Step 6: Clicking: [ body > app-root > div > section > div.app-content > jhi-home > div > div > form:nth-child(2) > div.col-12 > button ]
[16:51:46] [PASS] [OK] click completed
[16:51:46] [INFO] >> Step 7: Waiting 2000ms
[16:51:48] [PASS] [OK] wait completed
[16:51:48] [INFO] >> Step 8: Pressing key '.' on: [ body ]
[16:51:48] [PASS] [OK] press completed
[16:51:48] [INFO] >> Step 9: Typing 'Direct' into: [ get_by_role("textbox", name="Search") ]
[16:51:49] [PASS] [OK] type completed
[16:51:49] [INFO] >> Step 10: Clicking: [ get_by_role("link", name="Direct Transfer Inventory") ]
[16:51:49] [PASS] [OK] click completed
[16:51:49] [INFO] >> Step 11: Waiting for element: [ body > jhi-main > div > section > div.app-content > header > jhi-navbar > nav > div.jh-logo-container.float-left.col-6.pl-0 > a.navbar-brand.logo.float-left > span.navbar-version ]
[16:52:10] [PASS] [OK] wait_for_selector completed
[16:52:10] [INFO] >> Step 12: Clicking: [ get_by_role("button", name="Create New") ]
[16:52:11] [PASS] [OK] click completed
[16:52:11] [INFO] >> Step 13: Clicking: [ #indentStoreInput ]
[16:52:11] [PASS] [OK] click completed
[16:52:12] [INFO] >> Step 14: Clearing: [ #indentStoreInput ]
[16:52:12] [PASS] [OK] clear completed
[16:52:12] [INFO] >> Step 15: Search & Select: type '157-MS1' -> pick 'Main Store-Raipur' in [ #indentStoreInput ]
[16:52:12] [INFO] [search_select] typing='157-MS1' picking='Main Store-Raipur'
[16:52:14] [PASS] [OK] Search & Select: selected 'Main Store-Raipur'
[16:52:14] [PASS] [OK] search_select completed
[16:52:14] [INFO] >> Step 16: Clicking: [ body > ngb-modal-window > div > div > store-selector > div.modal-body > ng-select > div > div > div.ng-input > input[type=text] ]
[16:52:15] [PASS] [OK] click completed
[16:52:15] [INFO] >> Step 17: Clearing: [ body > ngb-modal-window > div > div > store-selector > div.modal-body > ng-select > div > div > div.ng-input > input[type=text] ]
[16:52:15] [PASS] [OK] clear completed
[16:52:15] [INFO] >> Step 18: Search & Select: type 'IP Pharmacy-Raipur' -> pick 'IP Pharmacy-Raipur' in [ body > ngb-modal-window > div > div > store-selector > div.modal-body > ng-select > div > div > div.ng-input > input[type=text] ]
[16:52:15] [INFO] [search_select] typing='IP Pharmacy-Raipur' picking='IP Pharmacy-Raipur'
[16:52:18] [PASS] [OK] Search & Select: selected 'IP Pharmacy-Raipur'
[16:52:18] [PASS] [OK] search_select completed
[16:52:18] [INFO] >> Step 19: Clicking: [ #btnNext ]
[16:52:18] [PASS] [OK] click completed
[16:52:18] [INFO] >> Step 20: Waiting for element: [ #itemInput ]
[16:52:18] [PASS] [OK] wait_for_selector completed
[16:52:18] [INFO] [DATA TABLE] 3 row(s), columns: ['Item_name', 'Qty', 'batch_no']
[16:52:18] [INFO] [DATA TABLE] Row 1/3: Item_name=PARACETAMOL-TABLET-750MG-P 750-, Qty=2, batch_no=batch main
[16:52:18] [INFO] >> Step 1: Clicking: [ #itemInput ]
[16:52:19] [PASS] [OK] click completed
[16:52:19] [INFO] >> Step 2: Search & Select: type '{{Item_name}}' -> pick 'PARACETAMOL-TABLET-750MG-P 750-' in [ #itemInput ]
[16:52:19] [INFO] [search_select] typing='PARACETAMOL-TABLET-750MG-P 750-' picking='PARACETAMOL-TABLET-750MG-P 750-'
[16:52:22] [PASS] [OK] Search & Select: selected 'PARACETAMOL-TABLET-750MG-P 750-'
[16:52:22] [PASS] [OK] search_select completed
[16:52:22] [INFO] >> Step 3: Search & Select: type '{{batch_no}}' -> pick 'batch main' in [ #qty_head > div > div > div.ng-input > input[type=text] ]
[16:52:22] [INFO] [search_select] typing='batch main' picking='batch main'
[16:52:24] [PASS] [OK] Search & Select: selected 'batch main'
[16:52:24] [PASS] [OK] search_select completed
[16:52:24] [INFO] >> Step 4: Clicking: [ #header-qty ]
[16:52:25] [PASS] [OK] click completed
[16:52:25] [INFO] >> Step 5: Typing '2' into: [ #header-qty ]
[16:52:25] [PASS] [OK] type completed
[16:52:25] [INFO] >> Step 6: Pressing key 'Enter' on: [ #header-qty ]
[16:52:25] [PASS] [OK] press completed
[16:52:25] [INFO] [DATA TABLE] Row 2/3: Item_name=FUROSEMIDE-INJECTION-10MG/ML(4ML)-LASIX-, Qty=4, batch_no=2119077
[16:52:25] [INFO] >> Step 1: Clicking: [ #itemInput ]
[16:52:25] [PASS] [OK] click completed
[16:52:26] [INFO] >> Step 2: Search & Select: type '{{Item_name}}' -> pick 'FUROSEMIDE-INJECTION-10MG/ML(4ML)-LASIX-' in [ #itemInput ]
[16:52:26] [INFO] [search_select] typing='FUROSEMIDE-INJECTION-10MG/ML(4ML)-LASIX-' picking='FUROSEMIDE-INJECTION-10MG/ML(4ML)-LASIX-'
[16:52:29] [PASS] [OK] Search & Select: selected 'FUROSEMIDE-INJECTION-10MG/ML(4ML)-LASIX-'
[16:52:29] [PASS] [OK] search_select completed
[16:52:29] [INFO] >> Step 3: Search & Select: type '{{batch_no}}' -> pick '2119077' in [ #qty_head > div > div > div.ng-input > input[type=text] ]
[16:52:29] [INFO] [search_select] typing='2119077' picking='2119077'
[16:52:31] [PASS] [OK] Search & Select: selected '2119077'
[16:52:31] [PASS] [OK] search_select completed
[16:52:31] [INFO] >> Step 4: Clicking: [ #header-qty ]
[16:52:32] [PASS] [OK] click completed
[16:52:32] [INFO] >> Step 5: Typing '4' into: [ #header-qty ]
[16:52:32] [PASS] [OK] type completed
[16:52:32] [INFO] >> Step 6: Pressing key 'Enter' on: [ #header-qty ]
[16:52:32] [PASS] [OK] press completed
[16:52:32] [INFO] [DATA TABLE] Row 3/3: Item_name=PANTOPRAZOLE-TABLET-40MG-PAN-, Qty=6, batch_no=19440364
[16:52:32] [INFO] >> Step 1: Clicking: [ #itemInput ]
[16:52:33] [PASS] [OK] click completed
[16:52:33] [INFO] >> Step 2: Search & Select: type '{{Item_name}}' -> pick 'PANTOPRAZOLE-TABLET-40MG-PAN-' in [ #itemInput ]
[16:52:33] [INFO] [search_select] typing='PANTOPRAZOLE-TABLET-40MG-PAN-' picking='PANTOPRAZOLE-TABLET-40MG-PAN-'
[16:52:36] [PASS] [OK] Search & Select: selected 'PANTOPRAZOLE-TABLET-40MG-PAN-'
[16:52:36] [PASS] [OK] search_select completed
[16:52:36] [INFO] >> Step 3: Search & Select: type '{{batch_no}}' -> pick '19440364' in [ #qty_head > div > div > div.ng-input > input[type=text] ]
[16:52:36] [INFO] [search_select] typing='19440364' picking='19440364'
[16:52:38] [PASS] [OK] Search & Select: selected '19440364'
[16:52:38] [PASS] [OK] search_select completed
[16:52:38] [INFO] >> Step 4: Clicking: [ #header-qty ]
[16:52:39] [PASS] [OK] click completed
[16:52:39] [INFO] >> Step 5: Typing '6' into: [ #header-qty ]
[16:52:39] [PASS] [OK] type completed
[16:52:39] [INFO] >> Step 6: Pressing key 'Enter' on: [ #header-qty ]
[16:52:39] [PASS] [OK] press completed
[16:52:39] [INFO] >> Step 29: Waiting 1000ms
[16:52:40] [PASS] [OK] wait completed
[16:52:40] [INFO] >> Step 30: Clicking: [ get_by_role("button", name="Save") ]
[16:52:41] [PASS] [OK] click completed
[16:52:41] [INFO] >> Step 31: Waiting 2000ms
[16:52:43] [PASS] [OK] wait completed
[16:52:43] [INFO] >> Step 32: Clicking: [ #btnDone ]
[16:52:43] [PASS] [OK] click completed
[16:52:43] [INFO] >> Step 33: Clicking: [ get_by_role("button", name="Send for Approval") ]
[16:52:44] [PASS] [OK] click completed
[16:52:44] [INFO] >> Step 34: Waiting for element: [ #btnDone ]
[16:52:45] [PASS] [OK] wait_for_selector completed
[16:52:45] [INFO] >> Step 35: Clicking: [ #btnDone ]
[16:52:45] [PASS] [OK] click completed
[16:52:45] [INFO] >> Step 36: store_text -- body > jhi-main > div > section > div.app-content > jhi-stock-issue-dialog > div > div > div.pl-0.athma-detail-form-panel > div > div.preview-form-header > h5 > span
[16:52:45] [PASS] [OK] Stored 'STR-1754-2600794' → {{Direct_transfer}}
[16:52:45] [INFO] >> Step 37: Waiting 2000ms
[16:52:47] [PASS] [OK] wait completed
[16:52:48] [INFO] >> Step 38: Clicking: [ get_by_role("button", name="Claim") ]
[16:52:48] [PASS] [OK] click completed
[16:52:48] [INFO] >> Step 39: Waiting 2000ms
[16:52:50] [PASS] [OK] wait completed
[16:52:50] [INFO] >> Step 40: Clicking: [ text="Approve" ]
[16:52:51] [PASS] [OK] click completed
[16:52:51] [INFO] >> Step 41: Clicking: [ #btnDone ]
[16:52:52] [PASS] [OK] click completed
[16:52:52] [INFO] >> Step 42: Clicking: [ body > jhi-main > div > section > div.app-content > jhi-stock-issue-dialog > div > div > div.pr-0.athma-detail-list-panel.fixed-height-without-header > stock-issue-button > div > div.col-sm-8.text-right.pad-right-4 > button ]
[16:52:53] [PASS] [OK] click completed
[16:52:53] [INFO] >> Step 43: Waiting 2000ms
[16:52:55] [PASS] [OK] wait completed
[16:52:55] [INFO] >> Step 44: Clicking: [ #list-header-search-input ]
[16:52:55] [PASS] [OK] click completed
[16:52:55] [INFO] >> Step 45: Clicking: [ #inputDebounce ]
[16:52:56] [PASS] [OK] click completed
[16:52:56] [INFO] >> Step 46: press_sequentially -- #inputDebounce
[16:52:57] [INFO] [press_sequentially] filled and waited for debounce: 'STR-1754-2600794'
[16:52:57] [PASS] [OK] press_sequentially completed
[16:52:57] [PASS] [OK] call_test: 'Direct_Transfer' done
[16:52:57] [INFO] >> Step 2: Clicking: [ #sidebar-wrapper > div > div > div > div > svg ]
[16:52:58] [PASS] [OK] click completed
[16:52:58] [INFO] >> Step 3: Waiting for URL to contain: 'https://sqa.narayanahealth.org/home-page'
[16:52:59] [PASS] [OK] wait_for_url completed
[16:53:00] [INFO] >> Step 4: Pressing key '.' on: [ body ]
[16:53:00] [PASS] [OK] press completed
[16:53:00] [INFO] >> Step 5: Waiting 5000ms
[16:53:05] [PASS] [OK] wait completed
[16:53:05] [INFO] >> Step 6: press_sequentially -- get_by_role("textbox", name="Search")
[16:53:06] [INFO] [press_sequentially] filled and waited for debounce: 'receipt'
[16:53:06] [PASS] [OK] press_sequentially completed
[16:53:06] [INFO] >> Step 7: Waiting 1000ms
[16:53:07] [PASS] [OK] wait completed
[16:53:07] [INFO] >> Step 8: Clicking: [ get_by_role("link", name="Receipt Inventory") ]
[16:53:08] [PASS] [OK] click completed
[16:53:08] [INFO] >> Step 9: Waiting 3000ms
[16:53:11] [PASS] [OK] wait completed
[16:53:12] [INFO] >> Step 10: Clicking: [ body > jhi-main > div > section > div.app-content > jhi-stock-receipt > athma-page-header > div > athma-tabs-header > section > div.row.align-items-center > div.col-sm-8 > ul > li:nth-child(2) > a > span:nth-child(1) ]
[16:53:13] [PASS] [OK] click completed
[16:53:13] [INFO] >> Step 11: Clicking: [ #inputDebounce ]
[16:53:15] [PASS] [OK] click completed
[16:53:15] [INFO] >> Step 12: press_sequentially -- #inputDebounce
[16:53:16] [INFO] [press_sequentially] filled and waited for debounce: 'STR-1754-2600794'
[16:53:16] [PASS] [OK] press_sequentially completed
[16:53:16] [INFO] >> Step 13: Waiting 1000ms
[16:53:17] [PASS] [OK] wait completed
[16:53:17] [INFO] >> Step 14: Clicking: [ get_by_text("STR-1754-2600794") ]
[16:53:18] [PASS] [OK] click completed
[16:53:18] [INFO] >> Step 15: Waiting 2001ms
[16:53:20] [PASS] [OK] wait completed
[16:53:20] [INFO] >> Step 16: Clicking: [ get_by_role("button", name="Open") ]
[16:53:21] [PASS] [OK] click completed
[16:53:21] [INFO] >> Step 17: Waiting 2000ms
[16:53:23] [PASS] [OK] wait completed
[16:53:23] [INFO] >> Step 18: Clicking: [ get_by_role("button", name="Send for Approval") ]
[16:53:23] [PASS] [OK] click completed
[16:53:23] [INFO] >> Step 19: Waiting 2000ms
[16:53:25] [PASS] [OK] wait completed
[16:53:25] [INFO] >> Step 20: Clicking: [ #btnDone ]
[16:53:26] [PASS] [OK] click completed
[16:53:26] [INFO] >> Step 21: Waiting 2000ms
[16:53:28] [PASS] [OK] wait completed
[16:53:28] [INFO] >> Step 22: Clicking: [ get_by_role("button", name="Claim") ]
[16:53:28] [PASS] [OK] click completed
[16:53:28] [INFO] >> Step 23: Waiting 2000ms
[16:53:30] [PASS] [OK] wait completed
[16:53:31] [INFO] >> Step 24: Clicking: [ get_by_role("button", name="Approve") ]
[16:53:31] [PASS] [OK] click completed
[16:53:31] [INFO] >> Step 25: Clicking: [ #btnDone ]
[16:53:33] [PASS] [OK] click completed
[16:53:33] [INFO] >> Step 26: Waiting 2000ms
[16:53:35] [PASS] [OK] wait completed
[16:53:35] [INFO] >> Step 27: store_text -- body > jhi-main > div > section > div.app-content > jhi-stock-receipt-dialog > div > div > div.pl-0.athma-detail-form-panel > div > div.preview-form-header > h5 > span
[16:53:35] [PASS] [OK] Stored 'SRC-D-1754-2601513' → {{Receipt_Number}}
[16:53:35] [INFO] >> Step 28: Waiting 2000ms
[16:53:37] [PASS] [OK] wait completed
[16:53:37] [INFO] >> Step 29: Clicking: [ get_by_role("button", name="Cancel") ]
[16:53:38] [PASS] [OK] click completed
[16:53:38] [INFO] [OK] PASSED -- 84/84 steps in 124910ms
