[11:18:10] [INFO] >> [async_runner] Starting run #7752 — Type: ui, Browser: chrome
[11:18:12] [INFO] [pool] Acquiring browser context from shared pool...
[11:18:17] [INFO] >> Step 1: Navigating to URL: https://sqa.narayanahealth.org/
[11:18:25] [PASS] [OK] navigate completed
[11:18:25] [INFO] >> Step 2: Clicking: [ #username ]
[11:18:26] [PASS] [OK] click completed
[11:18:26] [INFO] >> Step 3: Typing '337800' into: [ #username ]
[11:18:26] [PASS] [OK] type completed
[11:18:26] [INFO] >> Step 4: Clicking: [ #password ]
[11:18:26] [PASS] [OK] click completed
[11:18:26] [INFO] >> Step 5: Typing 'admin' into: [ #password ]
[11:18:26] [PASS] [OK] type completed
[11:18:26] [INFO] >> Step 6: Clicking: [ body > app-root > div > section > div.app-content > jhi-home > div > div > form:nth-child(2) > div.col-12 > button ]
[11:18:27] [PASS] [OK] click completed
[11:18:27] [INFO] >> Step 7: Waiting 2000ms
[11:18:29] [PASS] [OK] wait completed
[11:18:29] [INFO] >> Step 8: Pressing key '.' on: [ body ]
[11:18:29] [PASS] [OK] press completed
[11:18:29] [INFO] >> Step 9: Typing 'Inventory Adjustment' into: [ get_by_role("textbox", name="Search") ]
[11:18:29] [PASS] [OK] type completed
[11:18:29] [INFO] >> Step 10: Clicking: [ get_by_role("link", name="Inventory Adjustment Inventory") ]
[11:18:30] [PASS] [OK] click completed
[11:18:30] [INFO] >> Step 11: Waiting 4000ms
[11:18:34] [PASS] [OK] wait completed
[11:18:34] [INFO] >> Step 12: Clicking: [ get_by_role("button", name="Create New") ]
[11:18:34] [PASS] [OK] click completed
[11:18:34] [INFO] >> Step 13: Clicking: [ #adjustmentStoreInput ]
[11:18:35] [PASS] [OK] click completed
[11:18:35] [INFO] >> Step 14: Clearing: [ #adjustmentStoreInput ]
[11:18:35] [PASS] [OK] clear completed
[11:18:35] [INFO] >> Step 15: Search & Select: type '157-MS1' -> pick 'Main Store-Raipur' in [ #adjustmentStoreInput ]
[11:18:35] [INFO] [search_select] typing='157-MS1' picking='Main Store-Raipur'
[11:18:37] [PASS] [OK] Search & Select: selected 'Main Store-Raipur'
[11:18:37] [PASS] [OK] search_select completed
[11:18:37] [INFO] >> Step 16: Clicking: [ #continueBtn ]
[11:18:37] [PASS] [OK] click completed
[11:18:37] [INFO] >> Step 17: Waiting 1000ms
[11:18:38] [PASS] [OK] wait completed
[11:18:38] [INFO] [DATA TABLE] 5 row(s), columns: ['Item_Name', 'Batch_no', 'Qty', 'Reason', 'Type']
[11:18:38] [INFO] [DATA TABLE] Row 1/5: Item_Name=FEBUXOSTAT-TABLET-40MG-FABULON-, Batch_no=DT1811048A, Qty=10, Reason=Qty more, Type=Positive
[11:18:38] [INFO] >> Step 1: Clicking: [ #add-item-searchbox ]
[11:18:39] [PASS] [OK] click completed
[11:18:39] [INFO] >> Step 2: Search & Select: type '{{Item_Name}}' -> pick 'FEBUXOSTAT-TABLET-40MG-FABULON-' in [ #add-item-searchbox ]
[11:18:39] [INFO] [search_select] typing='FEBUXOSTAT-TABLET-40MG-FABULON-' picking='FEBUXOSTAT-TABLET-40MG-FABULON-'
[11:18:41] [PASS] [OK] Search & Select: selected 'FEBUXOSTAT-TABLET-40MG-FABULON-'
[11:18:41] [PASS] [OK] search_select completed
[11:18:41] [INFO] >> Step 3: Clicking: [ body > jhi-main > div > section > div.app-content > jhi-inventory-adjustment-dialog > div > div > div.pr-0.athma-detail-list-panel.fixed-height-without-header > jhi-inventory-adjustment-dialog-items > div > div.scroll-table-header > table:nth-child(2) > thead > tr:nth-child(2) > th:nth-child(2) > ng-select ]
[11:18:42] [PASS] [OK] click completed
[11:18:42] [INFO] >> Step 4: Search & Select: type '{{Batch_no}}' -> pick 'DT1811048A' in [ body > jhi-main > div > section > div.app-content > jhi-inventory-adjustment-dialog > div > div > div.pr-0.athma-detail-list-panel.fixed-height-without-header > jhi-inventory-adjustment-dialog-items > div > div.scroll-table-header > table:nth-child(2) > thead > tr:nth-child(2) > th:nth-child(2) > ng-select ]
[11:18:42] [INFO] [search_select] typing='DT1811048A' picking='DT1811048A'
[11:18:44] [PASS] [OK] Search & Select: selected 'DT1811048A'
[11:18:44] [PASS] [OK] search_select completed
[11:18:44] [INFO] >> Step 5: Clicking: [ body > jhi-main > div > section > div.app-content > jhi-inventory-adjustment-dialog > div > div > div.pr-0.athma-detail-list-panel.fixed-height-without-header > jhi-inventory-adjustment-dialog-items > div > div.scroll-table-header > table:nth-child(2) > thead > tr:nth-child(2) > th:nth-child(4) > input ]
[11:18:44] [PASS] [OK] click completed
[11:18:44] [INFO] >> Step 6: Clearing: [ body > jhi-main > div > section > div.app-content > jhi-inventory-adjustment-dialog > div > div > div.pr-0.athma-detail-list-panel.fixed-height-without-header > jhi-inventory-adjustment-dialog-items > div > div.scroll-table-header > table:nth-child(2) > thead > tr:nth-child(2) > th:nth-child(4) > input ]
[11:18:44] [PASS] [OK] clear completed
[11:18:44] [INFO] >> Step 7: Typing '10' into: [ body > jhi-main > div > section > div.app-content > jhi-inventory-adjustment-dialog > div > div > div.pr-0.athma-detail-list-panel.fixed-height-without-header > jhi-inventory-adjustment-dialog-items > div > div.scroll-table-header > table:nth-child(2) > thead > tr:nth-child(2) > th:nth-child(4) > input ]
[11:18:45] [PASS] [OK] type completed
[11:18:45] [INFO] >> Step 8: Clicking: [ body > jhi-main > div > section > div.app-content > jhi-inventory-adjustment-dialog > div > div > div.pr-0.athma-detail-list-panel.fixed-height-without-header > jhi-inventory-adjustment-dialog-items > div > div.scroll-table-header > table:nth-child(2) > thead > tr:nth-child(2) > th:nth-child(6) > ng-select > div > div > div.ng-input > input[type=text] ]
[11:18:45] [PASS] [OK] click completed
[11:18:45] [INFO] >> Step 9: Search & Select: type '{{Reason}}' -> pick 'Qty more' in [ body > jhi-main > div > section > div.app-content > jhi-inventory-adjustment-dialog > div > div > div.pr-0.athma-detail-list-panel.fixed-height-without-header > jhi-inventory-adjustment-dialog-items > div > div.scroll-table-header > table:nth-child(2) > thead > tr:nth-child(2) > th:nth-child(6) > ng-select > div > div > div.ng-input > input[type=text] ]
[11:18:45] [INFO] [search_select] typing='Qty more' picking='Qty more'
[11:18:47] [PASS] [OK] Search & Select: selected 'Qty more'
[11:18:47] [PASS] [OK] search_select completed
[11:18:47] [INFO] >> Step 10: Clicking: [ body > jhi-main > div > section > div.app-content > jhi-inventory-adjustment-dialog > div > div > div.pr-0.athma-detail-list-panel.fixed-height-without-header > jhi-inventory-adjustment-dialog-items > div > div.scroll-table-header > table:nth-child(2) > thead > tr:nth-child(2) > th:nth-child(7) > ng-select > div > div > div.ng-input > input[type=text] ]
[11:18:48] [PASS] [OK] click completed
[11:18:48] [INFO] >> Step 11: Search & Select: type '{{Type}}' -> pick 'Positive' in [ body > jhi-main > div > section > div.app-content > jhi-inventory-adjustment-dialog > div > div > div.pr-0.athma-detail-list-panel.fixed-height-without-header > jhi-inventory-adjustment-dialog-items > div > div.scroll-table-header > table:nth-child(2) > thead > tr:nth-child(2) > th:nth-child(7) > ng-select > div > div > div.ng-input > input[type=text] ]
[11:18:48] [INFO] [search_select] typing='Positive' picking='Positive'
[11:18:50] [PASS] [OK] Search & Select: selected 'Positive'
[11:18:50] [PASS] [OK] search_select completed
[11:18:50] [INFO] >> Step 12: Waiting 2000ms
[11:18:52] [PASS] [OK] wait completed
[11:18:52] [INFO] [DATA TABLE] Row 2/5: Item_Name=NIFEDIPINE-TABLET-10MG-DEPIN-, Batch_no=M806154, Qty=11, Reason=Qty more, Type=Positive
[11:18:52] [INFO] >> Step 1: Clicking: [ #add-item-searchbox ]
[11:18:53] [PASS] [OK] click completed
[11:18:53] [INFO] >> Step 2: Search & Select: type '{{Item_Name}}' -> pick 'NIFEDIPINE-TABLET-10MG-DEPIN-' in [ #add-item-searchbox ]
[11:18:53] [INFO] [search_select] typing='NIFEDIPINE-TABLET-10MG-DEPIN-' picking='NIFEDIPINE-TABLET-10MG-DEPIN-'
[11:18:55] [PASS] [OK] Search & Select: selected 'NIFEDIPINE-TABLET-10MG-DEPIN-'
[11:18:55] [PASS] [OK] search_select completed
[11:18:55] [INFO] >> Step 3: Clicking: [ body > jhi-main > div > section > div.app-content > jhi-inventory-adjustment-dialog > div > div > div.pr-0.athma-detail-list-panel.fixed-height-without-header > jhi-inventory-adjustment-dialog-items > div > div.scroll-table-header > table:nth-child(2) > thead > tr:nth-child(2) > th:nth-child(2) > ng-select ]
[11:18:56] [PASS] [OK] click completed
[11:18:56] [INFO] >> Step 4: Search & Select: type '{{Batch_no}}' -> pick 'M806154' in [ body > jhi-main > div > section > div.app-content > jhi-inventory-adjustment-dialog > div > div > div.pr-0.athma-detail-list-panel.fixed-height-without-header > jhi-inventory-adjustment-dialog-items > div > div.scroll-table-header > table:nth-child(2) > thead > tr:nth-child(2) > th:nth-child(2) > ng-select ]
[11:18:56] [INFO] [search_select] typing='M806154' picking='M806154'
[11:18:58] [PASS] [OK] Search & Select: selected 'M806154'
[11:18:58] [PASS] [OK] search_select completed
[11:18:58] [INFO] >> Step 5: Clicking: [ body > jhi-main > div > section > div.app-content > jhi-inventory-adjustment-dialog > div > div > div.pr-0.athma-detail-list-panel.fixed-height-without-header > jhi-inventory-adjustment-dialog-items > div > div.scroll-table-header > table:nth-child(2) > thead > tr:nth-child(2) > th:nth-child(4) > input ]
[11:18:59] [PASS] [OK] click completed
[11:18:59] [INFO] >> Step 6: Clearing: [ body > jhi-main > div > section > div.app-content > jhi-inventory-adjustment-dialog > div > div > div.pr-0.athma-detail-list-panel.fixed-height-without-header > jhi-inventory-adjustment-dialog-items > div > div.scroll-table-header > table:nth-child(2) > thead > tr:nth-child(2) > th:nth-child(4) > input ]
[11:18:59] [PASS] [OK] clear completed
[11:18:59] [INFO] >> Step 7: Typing '11' into: [ body > jhi-main > div > section > div.app-content > jhi-inventory-adjustment-dialog > div > div > div.pr-0.athma-detail-list-panel.fixed-height-without-header > jhi-inventory-adjustment-dialog-items > div > div.scroll-table-header > table:nth-child(2) > thead > tr:nth-child(2) > th:nth-child(4) > input ]
[11:18:59] [PASS] [OK] type completed
[11:18:59] [INFO] >> Step 8: Clicking: [ body > jhi-main > div > section > div.app-content > jhi-inventory-adjustment-dialog > div > div > div.pr-0.athma-detail-list-panel.fixed-height-without-header > jhi-inventory-adjustment-dialog-items > div > div.scroll-table-header > table:nth-child(2) > thead > tr:nth-child(2) > th:nth-child(6) > ng-select > div > div > div.ng-input > input[type=text] ]
[11:18:59] [PASS] [OK] click completed
[11:18:59] [INFO] >> Step 9: Search & Select: type '{{Reason}}' -> pick 'Qty more' in [ body > jhi-main > div > section > div.app-content > jhi-inventory-adjustment-dialog > div > div > div.pr-0.athma-detail-list-panel.fixed-height-without-header > jhi-inventory-adjustment-dialog-items > div > div.scroll-table-header > table:nth-child(2) > thead > tr:nth-child(2) > th:nth-child(6) > ng-select > div > div > div.ng-input > input[type=text] ]
[11:18:59] [INFO] [search_select] typing='Qty more' picking='Qty more'
[11:19:02] [PASS] [OK] Search & Select: selected 'Qty more'
[11:19:02] [PASS] [OK] search_select completed
[11:19:02] [INFO] >> Step 10: Clicking: [ body > jhi-main > div > section > div.app-content > jhi-inventory-adjustment-dialog > div > div > div.pr-0.athma-detail-list-panel.fixed-height-without-header > jhi-inventory-adjustment-dialog-items > div > div.scroll-table-header > table:nth-child(2) > thead > tr:nth-child(2) > th:nth-child(7) > ng-select > div > div > div.ng-input > input[type=text] ]
[11:19:02] [PASS] [OK] click completed
[11:19:02] [INFO] >> Step 11: Search & Select: type '{{Type}}' -> pick 'Positive' in [ body > jhi-main > div > section > div.app-content > jhi-inventory-adjustment-dialog > div > div > div.pr-0.athma-detail-list-panel.fixed-height-without-header > jhi-inventory-adjustment-dialog-items > div > div.scroll-table-header > table:nth-child(2) > thead > tr:nth-child(2) > th:nth-child(7) > ng-select > div > div > div.ng-input > input[type=text] ]
[11:19:02] [INFO] [search_select] typing='Positive' picking='Positive'
[11:19:04] [PASS] [OK] Search & Select: selected 'Positive'
[11:19:04] [PASS] [OK] search_select completed
[11:19:04] [INFO] >> Step 12: Waiting 2000ms
[11:19:06] [PASS] [OK] wait completed
[11:19:06] [INFO] [DATA TABLE] Row 3/5: Item_Name=AMOXICILLIN+CLAVULANIC ACID-TABLET-250MG+125MG-NOVAMOX CV-, Batch_no=KO80224, Qty=12, Reason=Qty more, Type=Positive
[11:19:06] [INFO] >> Step 1: Clicking: [ #add-item-searchbox ]
[11:19:07] [PASS] [OK] click completed
[11:19:07] [INFO] >> Step 2: Search & Select: type '{{Item_Name}}' -> pick 'AMOXICILLIN+CLAVULANIC ACID-TABLET-250MG+125MG-NOVAMOX CV-' in [ #add-item-searchbox ]
[11:19:07] [INFO] [search_select] typing='AMOXICILLIN+CLAVULANIC ACID-TABLET-250MG+125MG-NOVAMOX CV-' picking='AMOXICILLIN+CLAVULANIC ACID-TABLET-250MG+125MG-NOVAMOX CV-'
[11:19:10] [PASS] [OK] Search & Select: selected 'AMOXICILLIN+CLAVULANIC ACID-TABLET-250MG+125MG-NOVAMOX CV-'
[11:19:10] [PASS] [OK] search_select completed
[11:19:10] [INFO] >> Step 3: Clicking: [ body > jhi-main > div > section > div.app-content > jhi-inventory-adjustment-dialog > div > div > div.pr-0.athma-detail-list-panel.fixed-height-without-header > jhi-inventory-adjustment-dialog-items > div > div.scroll-table-header > table:nth-child(2) > thead > tr:nth-child(2) > th:nth-child(2) > ng-select ]
[11:19:11] [PASS] [OK] click completed
[11:19:11] [INFO] >> Step 4: Search & Select: type '{{Batch_no}}' -> pick 'KO80224' in [ body > jhi-main > div > section > div.app-content > jhi-inventory-adjustment-dialog > div > div > div.pr-0.athma-detail-list-panel.fixed-height-without-header > jhi-inventory-adjustment-dialog-items > div > div.scroll-table-header > table:nth-child(2) > thead > tr:nth-child(2) > th:nth-child(2) > ng-select ]
[11:19:11] [INFO] [search_select] typing='KO80224' picking='KO80224'
[11:19:13] [PASS] [OK] Search & Select: selected 'KO80224'
[11:19:13] [PASS] [OK] search_select completed
[11:19:13] [INFO] >> Step 5: Clicking: [ body > jhi-main > div > section > div.app-content > jhi-inventory-adjustment-dialog > div > div > div.pr-0.athma-detail-list-panel.fixed-height-without-header > jhi-inventory-adjustment-dialog-items > div > div.scroll-table-header > table:nth-child(2) > thead > tr:nth-child(2) > th:nth-child(4) > input ]
[11:19:13] [PASS] [OK] click completed
[11:19:13] [INFO] >> Step 6: Clearing: [ body > jhi-main > div > section > div.app-content > jhi-inventory-adjustment-dialog > div > div > div.pr-0.athma-detail-list-panel.fixed-height-without-header > jhi-inventory-adjustment-dialog-items > div > div.scroll-table-header > table:nth-child(2) > thead > tr:nth-child(2) > th:nth-child(4) > input ]
[11:19:14] [PASS] [OK] clear completed
[11:19:14] [INFO] >> Step 7: Typing '12' into: [ body > jhi-main > div > section > div.app-content > jhi-inventory-adjustment-dialog > div > div > div.pr-0.athma-detail-list-panel.fixed-height-without-header > jhi-inventory-adjustment-dialog-items > div > div.scroll-table-header > table:nth-child(2) > thead > tr:nth-child(2) > th:nth-child(4) > input ]
[11:19:14] [PASS] [OK] type completed
[11:19:14] [INFO] >> Step 8: Clicking: [ body > jhi-main > div > section > div.app-content > jhi-inventory-adjustment-dialog > div > div > div.pr-0.athma-detail-list-panel.fixed-height-without-header > jhi-inventory-adjustment-dialog-items > div > div.scroll-table-header > table:nth-child(2) > thead > tr:nth-child(2) > th:nth-child(6) > ng-select > div > div > div.ng-input > input[type=text] ]
[11:19:14] [PASS] [OK] click completed
[11:19:14] [INFO] >> Step 9: Search & Select: type '{{Reason}}' -> pick 'Qty more' in [ body > jhi-main > div > section > div.app-content > jhi-inventory-adjustment-dialog > div > div > div.pr-0.athma-detail-list-panel.fixed-height-without-header > jhi-inventory-adjustment-dialog-items > div > div.scroll-table-header > table:nth-child(2) > thead > tr:nth-child(2) > th:nth-child(6) > ng-select > div > div > div.ng-input > input[type=text] ]
[11:19:14] [INFO] [search_select] typing='Qty more' picking='Qty more'
[11:19:16] [PASS] [OK] Search & Select: selected 'Qty more'
[11:19:16] [PASS] [OK] search_select completed
[11:19:16] [INFO] >> Step 10: Clicking: [ body > jhi-main > div > section > div.app-content > jhi-inventory-adjustment-dialog > div > div > div.pr-0.athma-detail-list-panel.fixed-height-without-header > jhi-inventory-adjustment-dialog-items > div > div.scroll-table-header > table:nth-child(2) > thead > tr:nth-child(2) > th:nth-child(7) > ng-select > div > div > div.ng-input > input[type=text] ]
[11:19:17] [PASS] [OK] click completed
[11:19:17] [INFO] >> Step 11: Search & Select: type '{{Type}}' -> pick 'Positive' in [ body > jhi-main > div > section > div.app-content > jhi-inventory-adjustment-dialog > div > div > div.pr-0.athma-detail-list-panel.fixed-height-without-header > jhi-inventory-adjustment-dialog-items > div > div.scroll-table-header > table:nth-child(2) > thead > tr:nth-child(2) > th:nth-child(7) > ng-select > div > div > div.ng-input > input[type=text] ]
[11:19:17] [INFO] [search_select] typing='Positive' picking='Positive'
[11:19:19] [PASS] [OK] Search & Select: selected 'Positive'
[11:19:19] [PASS] [OK] search_select completed
[11:19:19] [INFO] >> Step 12: Waiting 2000ms
[11:19:21] [PASS] [OK] wait completed
[11:19:21] [INFO] [DATA TABLE] Row 4/5: Item_Name=ROSUVASTATIN-TABLET-40MG-JUPIROS-, Batch_no=19440156, Qty=1, Reason=Qty more, Type=Negative
[11:19:21] [INFO] >> Step 1: Clicking: [ #add-item-searchbox ]
[11:19:22] [PASS] [OK] click completed
[11:19:22] [INFO] >> Step 2: Search & Select: type '{{Item_Name}}' -> pick 'ROSUVASTATIN-TABLET-40MG-JUPIROS-' in [ #add-item-searchbox ]
[11:19:22] [INFO] [search_select] typing='ROSUVASTATIN-TABLET-40MG-JUPIROS-' picking='ROSUVASTATIN-TABLET-40MG-JUPIROS-'
[11:19:24] [PASS] [OK] Search & Select: selected 'ROSUVASTATIN-TABLET-40MG-JUPIROS-'
[11:19:24] [PASS] [OK] search_select completed
[11:19:24] [INFO] >> Step 3: Clicking: [ body > jhi-main > div > section > div.app-content > jhi-inventory-adjustment-dialog > div > div > div.pr-0.athma-detail-list-panel.fixed-height-without-header > jhi-inventory-adjustment-dialog-items > div > div.scroll-table-header > table:nth-child(2) > thead > tr:nth-child(2) > th:nth-child(2) > ng-select ]
[11:19:25] [PASS] [OK] click completed
[11:19:25] [INFO] >> Step 4: Search & Select: type '{{Batch_no}}' -> pick '19440156' in [ body > jhi-main > div > section > div.app-content > jhi-inventory-adjustment-dialog > div > div > div.pr-0.athma-detail-list-panel.fixed-height-without-header > jhi-inventory-adjustment-dialog-items > div > div.scroll-table-header > table:nth-child(2) > thead > tr:nth-child(2) > th:nth-child(2) > ng-select ]
[11:19:25] [INFO] [search_select] typing='19440156' picking='19440156'
[11:19:27] [PASS] [OK] Search & Select: selected '19440156'
[11:19:27] [PASS] [OK] search_select completed
[11:19:27] [INFO] >> Step 5: Clicking: [ body > jhi-main > div > section > div.app-content > jhi-inventory-adjustment-dialog > div > div > div.pr-0.athma-detail-list-panel.fixed-height-without-header > jhi-inventory-adjustment-dialog-items > div > div.scroll-table-header > table:nth-child(2) > thead > tr:nth-child(2) > th:nth-child(4) > input ]
[11:19:28] [PASS] [OK] click completed
[11:19:28] [INFO] >> Step 6: Clearing: [ body > jhi-main > div > section > div.app-content > jhi-inventory-adjustment-dialog > div > div > div.pr-0.athma-detail-list-panel.fixed-height-without-header > jhi-inventory-adjustment-dialog-items > div > div.scroll-table-header > table:nth-child(2) > thead > tr:nth-child(2) > th:nth-child(4) > input ]
[11:19:28] [PASS] [OK] clear completed
[11:19:28] [INFO] >> Step 7: Typing '1' into: [ body > jhi-main > div > section > div.app-content > jhi-inventory-adjustment-dialog > div > div > div.pr-0.athma-detail-list-panel.fixed-height-without-header > jhi-inventory-adjustment-dialog-items > div > div.scroll-table-header > table:nth-child(2) > thead > tr:nth-child(2) > th:nth-child(4) > input ]
[11:19:28] [PASS] [OK] type completed
[11:19:28] [INFO] >> Step 8: Clicking: [ body > jhi-main > div > section > div.app-content > jhi-inventory-adjustment-dialog > div > div > div.pr-0.athma-detail-list-panel.fixed-height-without-header > jhi-inventory-adjustment-dialog-items > div > div.scroll-table-header > table:nth-child(2) > thead > tr:nth-child(2) > th:nth-child(6) > ng-select > div > div > div.ng-input > input[type=text] ]
[11:19:28] [PASS] [OK] click completed
[11:19:28] [INFO] >> Step 9: Search & Select: type '{{Reason}}' -> pick 'Qty more' in [ body > jhi-main > div > section > div.app-content > jhi-inventory-adjustment-dialog > div > div > div.pr-0.athma-detail-list-panel.fixed-height-without-header > jhi-inventory-adjustment-dialog-items > div > div.scroll-table-header > table:nth-child(2) > thead > tr:nth-child(2) > th:nth-child(6) > ng-select > div > div > div.ng-input > input[type=text] ]
[11:19:28] [INFO] [search_select] typing='Qty more' picking='Qty more'
[11:19:31] [PASS] [OK] Search & Select: selected 'Qty more'
[11:19:31] [PASS] [OK] search_select completed
[11:19:31] [INFO] >> Step 10: Clicking: [ body > jhi-main > div > section > div.app-content > jhi-inventory-adjustment-dialog > div > div > div.pr-0.athma-detail-list-panel.fixed-height-without-header > jhi-inventory-adjustment-dialog-items > div > div.scroll-table-header > table:nth-child(2) > thead > tr:nth-child(2) > th:nth-child(7) > ng-select > div > div > div.ng-input > input[type=text] ]
[11:19:31] [PASS] [OK] click completed
[11:19:31] [INFO] >> Step 11: Search & Select: type '{{Type}}' -> pick 'Negative' in [ body > jhi-main > div > section > div.app-content > jhi-inventory-adjustment-dialog > div > div > div.pr-0.athma-detail-list-panel.fixed-height-without-header > jhi-inventory-adjustment-dialog-items > div > div.scroll-table-header > table:nth-child(2) > thead > tr:nth-child(2) > th:nth-child(7) > ng-select > div > div > div.ng-input > input[type=text] ]
[11:19:31] [INFO] [search_select] typing='Negative' picking='Negative'
[11:19:33] [PASS] [OK] Search & Select: selected 'Negative'
[11:19:33] [PASS] [OK] search_select completed
[11:19:33] [INFO] >> Step 12: Waiting 2000ms
[11:19:35] [PASS] [OK] wait completed
[11:19:36] [INFO] [DATA TABLE] Row 5/5: Item_Name=PREDNISOLONE-TABLET-40MG-OMNACORTIL-, Batch_no=GOF909A, Qty=1, Reason=Qty more, Type=Negative
[11:19:36] [INFO] >> Step 1: Clicking: [ #add-item-searchbox ]
[11:19:36] [PASS] [OK] click completed
[11:19:36] [INFO] >> Step 2: Search & Select: type '{{Item_Name}}' -> pick 'PREDNISOLONE-TABLET-40MG-OMNACORTIL-' in [ #add-item-searchbox ]
[11:19:36] [INFO] [search_select] typing='PREDNISOLONE-TABLET-40MG-OMNACORTIL-' picking='PREDNISOLONE-TABLET-40MG-OMNACORTIL-'
[11:19:39] [PASS] [OK] Search & Select: selected 'PREDNISOLONE-TABLET-40MG-OMNACORTIL-'
[11:19:39] [PASS] [OK] search_select completed
[11:19:39] [INFO] >> Step 3: Clicking: [ body > jhi-main > div > section > div.app-content > jhi-inventory-adjustment-dialog > div > div > div.pr-0.athma-detail-list-panel.fixed-height-without-header > jhi-inventory-adjustment-dialog-items > div > div.scroll-table-header > table:nth-child(2) > thead > tr:nth-child(2) > th:nth-child(2) > ng-select ]
[11:19:39] [PASS] [OK] click completed
[11:19:39] [INFO] >> Step 4: Search & Select: type '{{Batch_no}}' -> pick 'GOF909A' in [ body > jhi-main > div > section > div.app-content > jhi-inventory-adjustment-dialog > div > div > div.pr-0.athma-detail-list-panel.fixed-height-without-header > jhi-inventory-adjustment-dialog-items > div > div.scroll-table-header > table:nth-child(2) > thead > tr:nth-child(2) > th:nth-child(2) > ng-select ]
[11:19:39] [INFO] [search_select] typing='GOF909A' picking='GOF909A'
[11:19:41] [PASS] [OK] Search & Select: selected 'GOF909A'
[11:19:41] [PASS] [OK] search_select completed
[11:19:41] [INFO] >> Step 5: Clicking: [ body > jhi-main > div > section > div.app-content > jhi-inventory-adjustment-dialog > div > div > div.pr-0.athma-detail-list-panel.fixed-height-without-header > jhi-inventory-adjustment-dialog-items > div > div.scroll-table-header > table:nth-child(2) > thead > tr:nth-child(2) > th:nth-child(4) > input ]
[11:19:42] [PASS] [OK] click completed
[11:19:42] [INFO] >> Step 6: Clearing: [ body > jhi-main > div > section > div.app-content > jhi-inventory-adjustment-dialog > div > div > div.pr-0.athma-detail-list-panel.fixed-height-without-header > jhi-inventory-adjustment-dialog-items > div > div.scroll-table-header > table:nth-child(2) > thead > tr:nth-child(2) > th:nth-child(4) > input ]
[11:19:42] [PASS] [OK] clear completed
[11:19:42] [INFO] >> Step 7: Typing '1' into: [ body > jhi-main > div > section > div.app-content > jhi-inventory-adjustment-dialog > div > div > div.pr-0.athma-detail-list-panel.fixed-height-without-header > jhi-inventory-adjustment-dialog-items > div > div.scroll-table-header > table:nth-child(2) > thead > tr:nth-child(2) > th:nth-child(4) > input ]
[11:19:42] [PASS] [OK] type completed
[11:19:42] [INFO] >> Step 8: Clicking: [ body > jhi-main > div > section > div.app-content > jhi-inventory-adjustment-dialog > div > div > div.pr-0.athma-detail-list-panel.fixed-height-without-header > jhi-inventory-adjustment-dialog-items > div > div.scroll-table-header > table:nth-child(2) > thead > tr:nth-child(2) > th:nth-child(6) > ng-select > div > div > div.ng-input > input[type=text] ]
[11:19:42] [PASS] [OK] click completed
[11:19:42] [INFO] >> Step 9: Search & Select: type '{{Reason}}' -> pick 'Qty more' in [ body > jhi-main > div > section > div.app-content > jhi-inventory-adjustment-dialog > div > div > div.pr-0.athma-detail-list-panel.fixed-height-without-header > jhi-inventory-adjustment-dialog-items > div > div.scroll-table-header > table:nth-child(2) > thead > tr:nth-child(2) > th:nth-child(6) > ng-select > div > div > div.ng-input > input[type=text] ]
[11:19:42] [INFO] [search_select] typing='Qty more' picking='Qty more'
[11:19:45] [PASS] [OK] Search & Select: selected 'Qty more'
[11:19:45] [PASS] [OK] search_select completed
[11:19:45] [INFO] >> Step 10: Clicking: [ body > jhi-main > div > section > div.app-content > jhi-inventory-adjustment-dialog > div > div > div.pr-0.athma-detail-list-panel.fixed-height-without-header > jhi-inventory-adjustment-dialog-items > div > div.scroll-table-header > table:nth-child(2) > thead > tr:nth-child(2) > th:nth-child(7) > ng-select > div > div > div.ng-input > input[type=text] ]
[11:19:45] [PASS] [OK] click completed
[11:19:45] [INFO] >> Step 11: Search & Select: type '{{Type}}' -> pick 'Negative' in [ body > jhi-main > div > section > div.app-content > jhi-inventory-adjustment-dialog > div > div > div.pr-0.athma-detail-list-panel.fixed-height-without-header > jhi-inventory-adjustment-dialog-items > div > div.scroll-table-header > table:nth-child(2) > thead > tr:nth-child(2) > th:nth-child(7) > ng-select > div > div > div.ng-input > input[type=text] ]
[11:19:45] [INFO] [search_select] typing='Negative' picking='Negative'
[11:19:48] [PASS] [OK] Search & Select: selected 'Negative'
[11:19:48] [PASS] [OK] search_select completed
[11:19:48] [INFO] >> Step 12: Waiting 2000ms
[11:19:50] [PASS] [OK] wait completed
[11:19:50] [INFO] >> Step 32: Clicking: [ body > jhi-main > div > section > div.app-content > jhi-inventory-adjustment-dialog > div > div > div.pr-0.athma-detail-list-panel.fixed-height-without-header > jhi-inventory-adjustment-action-bar > div > div.col-sm-8.text-right.pad-right-4 > button.athma-btn.athma-btn-priamry-outline ]
[11:19:50] [PASS] [OK] click completed
[11:19:50] [INFO] >> Step 33: Waiting for element: [ #doneBtn ]
[11:19:50] [PASS] [OK] wait_for_selector completed
[11:19:50] [INFO] >> Step 34: Clicking: [ #doneBtn ]
[11:19:51] [PASS] [OK] click completed
[11:19:51] [INFO] >> Step 35: Search & Select: type 'Administrator' -> pick 'Administrator' in [ body > jhi-main > div > section > div.app-content > jhi-inventory-adjustment-dialog > div > div > div.pl-0.athma-detail-form-panel > jhi-inventory-adjustment-dialog-header > div > div > div:nth-child(2) > div.preview-form-body-segment.border-0 > form > div:nth-child(1) > div > div > ng-select > div > div > div.ng-input > input[type=text] ]
[11:19:51] [INFO] [search_select] typing='Administrator' picking='Administrator'
[11:19:54] [PASS] [OK] Search & Select: selected 'Administrator'
[11:19:54] [PASS] [OK] search_select completed
[11:19:54] [INFO] >> Step 36: Clicking: [ body > jhi-main > div > section > div.app-content > jhi-inventory-adjustment-dialog > div > div > div.pr-0.athma-detail-list-panel.fixed-height-without-header > jhi-inventory-adjustment-action-bar > div > div.col-sm-8.text-right.pad-right-4 > button.athma-btn.athma-btn-priamry ]
[11:19:54] [PASS] [OK] click completed
[11:19:54] [INFO] >> Step 37: Waiting for element: [ #doneBtn ]
[11:19:55] [PASS] [OK] wait_for_selector completed
[11:19:55] [INFO] >> Step 38: Clicking: [ #doneBtn ]
[11:19:55] [PASS] [OK] click completed
[11:19:55] [INFO] >> Step 39: Waiting 1000ms
[11:19:56] [PASS] [OK] wait completed
[11:19:56] [INFO] >> Step 40: Clicking: [ body > jhi-main > div > section > div.app-content > jhi-inventory-adjustment-dialog > div > div > div.pr-0.athma-detail-list-panel.fixed-height-without-header > jhi-inventory-adjustment-action-bar > div > div.col-sm-8.text-right.pad-right-4 > button.athma-btn.athma-btn-priamry ]
[11:19:57] [PASS] [OK] click completed
[11:19:57] [INFO] >> Step 41: Waiting for element: [ body > jhi-main > div > section > div.app-content > jhi-inventory-adjustment-dialog > div > div > div.pr-0.athma-detail-list-panel.fixed-height-without-header > jhi-inventory-adjustment-action-bar > div > div.col-sm-8.text-right.pad-right-4 > button.athma-btn.athma-btn-priamry ]
[11:19:57] [PASS] [OK] wait_for_selector completed
[11:19:57] [INFO] >> Step 42: Clicking: [ body > jhi-main > div > section > div.app-content > jhi-inventory-adjustment-dialog > div > div > div.pr-0.athma-detail-list-panel.fixed-height-without-header > jhi-inventory-adjustment-action-bar > div > div.col-sm-8.text-right.pad-right-4 > button.athma-btn.athma-btn-priamry ]
[11:19:57] [PASS] [OK] click completed
[11:19:57] [INFO] >> Step 43: Waiting for element: [ #doneBtn ]
[11:19:58] [PASS] [OK] wait_for_selector completed
[11:19:58] [INFO] >> Step 44: Clicking: [ #doneBtn ]
[11:19:59] [PASS] [OK] click completed
[11:19:59] [INFO] >> Step 45: Waiting for element: [ body > jhi-main > div > section > div.app-content > jhi-inventory-adjustment-dialog > div > div > div.pr-0.athma-detail-list-panel.fixed-height-without-header > jhi-inventory-adjustment-action-bar > div > div.col-sm-8.text-right.pad-right-4 > button.athma-btn.athma-btn-priamry ]
[11:19:59] [PASS] [OK] wait_for_selector completed
[11:19:59] [INFO] >> Step 46: Clicking: [ body > jhi-main > div > section > div.app-content > jhi-inventory-adjustment-dialog > div > div > div.pr-0.athma-detail-list-panel.fixed-height-without-header > jhi-inventory-adjustment-action-bar > div > div.col-sm-8.text-right.pad-right-4 > button.athma-btn.athma-btn-priamry ]
[11:19:59] [PASS] [OK] click completed
[11:19:59] [INFO] >> Step 47: Waiting for element: [ body > jhi-main > div > section > div.app-content > jhi-inventory-adjustment-dialog > div > div > div.pr-0.athma-detail-list-panel.fixed-height-without-header > jhi-inventory-adjustment-action-bar > div > div.col-sm-8.text-right.pad-right-4 > button.athma-btn.athma-btn-priamry ]
[11:19:59] [PASS] [OK] wait_for_selector completed
[11:19:59] [INFO] >> Step 48: Clicking: [ body > jhi-main > div > section > div.app-content > jhi-inventory-adjustment-dialog > div > div > div.pr-0.athma-detail-list-panel.fixed-height-without-header > jhi-inventory-adjustment-action-bar > div > div.col-sm-8.text-right.pad-right-4 > button.athma-btn.athma-btn-priamry ]
[11:20:00] [PASS] [OK] click completed
[11:20:00] [INFO] [OK] PASSED -- 94/94 steps in 107459ms
