[16:43:33] [INFO] >> [async_runner] Starting run #7680 — Type: ui, Browser: chrome
[16:43:35] [INFO] [pool] Acquiring browser context from shared pool...
[16:43:38] [INFO] >> Step 1: Navigating to URL: https://sqa.narayanahealth.org/
[16:43:47] [PASS] [OK] navigate completed
[16:43:47] [INFO] >> Step 2: Clicking: [ #username ]
[16:43:48] [PASS] [OK] click completed
[16:43:48] [INFO] >> Step 3: Typing '337800' into: [ #username ]
[16:43:48] [PASS] [OK] type completed
[16:43:48] [INFO] >> Step 4: Clicking: [ #password ]
[16:43:48] [PASS] [OK] click completed
[16:43:48] [INFO] >> Step 5: Typing 'admin' into: [ #password ]
[16:43:48] [PASS] [OK] type completed
[16:43:48] [INFO] >> Step 6: Clicking: [ body > app-root > div > section > div.app-content > jhi-home > div > div > form:nth-child(2) > div.col-12 > button ]
[16:43:49] [PASS] [OK] click completed
[16:43:49] [INFO] >> Step 7: Waiting 2000ms
[16:43:51] [PASS] [OK] wait completed
[16:43:51] [INFO] >> Step 8: Pressing key '.' on: [ body ]
[16:43:51] [PASS] [OK] press completed
[16:43:51] [INFO] >> Step 9: Typing 'Direct' into: [ get_by_role("textbox", name="Search") ]
[16:43:52] [PASS] [OK] type completed
[16:43:52] [INFO] >> Step 10: Clicking: [ get_by_role("link", name="Direct Transfer Inventory") ]
[16:43:52] [PASS] [OK] click completed
[16:44:04] [INFO] >> Step 11: Waiting for element: [ body > jhi-main > div > section > div.app-content > header > jhi-navbar > nav > div.jh-logo-container.float-left.col-6.pl-0 > a.navbar-brand.logo.float-left > span.navbar-version ]
[16:44:06] [PASS] [OK] wait_for_selector completed
[16:44:06] [INFO] >> Step 12: Clicking: [ get_by_role("button", name="Create New") ]
[16:44:07] [PASS] [OK] click completed
[16:44:07] [INFO] >> Step 13: Clicking: [ #indentStoreInput ]
[16:44:08] [PASS] [OK] click completed
[16:44:08] [INFO] >> Step 14: Clearing: [ #indentStoreInput ]
[16:44:08] [PASS] [OK] clear completed
[16:44:08] [INFO] >> Step 15: Search & Select: type '157-MS1' -> pick 'Main Store-Raipur' in [ #indentStoreInput ]
[16:44:08] [INFO] [search_select] typing='157-MS1' picking='Main Store-Raipur'
[16:44:11] [PASS] [OK] Search & Select: selected 'Main Store-Raipur'
[16:44:11] [PASS] [OK] search_select completed
[16:44:11] [INFO] >> Step 16: Clicking: [ body > ngb-modal-window > div > div > store-selector > div.modal-body > ng-select > div > div > div.ng-input > input[type=text] ]
[16:44:11] [PASS] [OK] click completed
[16:44:11] [INFO] >> Step 17: Clearing: [ body > ngb-modal-window > div > div > store-selector > div.modal-body > ng-select > div > div > div.ng-input > input[type=text] ]
[16:44:11] [PASS] [OK] clear completed
[16:44:11] [INFO] >> Step 18: Search & Select: type 'IP Pharmacy-Raipur' -> pick 'IP Pharmacy-Raipur' in [ body > ngb-modal-window > div > div > store-selector > div.modal-body > ng-select > div > div > div.ng-input > input[type=text] ]
[16:44:11] [INFO] [search_select] typing='IP Pharmacy-Raipur' picking='IP Pharmacy-Raipur'
[16:44:14] [PASS] [OK] Search & Select: selected 'IP Pharmacy-Raipur'
[16:44:14] [PASS] [OK] search_select completed
[16:44:14] [INFO] >> Step 19: Clicking: [ #btnNext ]
[16:44:15] [PASS] [OK] click completed
[16:44:15] [INFO] >> Step 20: Waiting for element: [ #itemInput ]
[16:44:15] [PASS] [OK] wait_for_selector completed
[16:44:15] [INFO] [DATA TABLE] 3 row(s), columns: ['Item_name', 'Qty', 'batch_no']
[16:44:15] [INFO] [DATA TABLE] Row 1/3: Item_name=PARACETAMOL-TABLET-750MG-P 750-, Qty=2, batch_no=batch main
[16:44:15] [INFO] >> Step 1: Clicking: [ #itemInput ]
[16:44:15] [PASS] [OK] click completed
[16:44:15] [INFO] >> Step 2: Search & Select: type '{{Item_name}}' -> pick 'PARACETAMOL-TABLET-750MG-P 750-' in [ #itemInput ]
[16:44:15] [INFO] [search_select] typing='PARACETAMOL-TABLET-750MG-P 750-' picking='PARACETAMOL-TABLET-750MG-P 750-'
[16:44:18] [PASS] [OK] Search & Select: selected 'PARACETAMOL-TABLET-750MG-P 750-'
[16:44:18] [PASS] [OK] search_select completed
[16:44:18] [INFO] >> Step 3: Search & Select: type '{{batch_no}}' -> pick 'batch main' in [ #qty_head > div > div > div.ng-input > input[type=text] ]
[16:44:18] [INFO] [search_select] typing='batch main' picking='batch main'
[16:44:21] [PASS] [OK] Search & Select: selected 'batch main'
[16:44:21] [PASS] [OK] search_select completed
[16:44:21] [INFO] >> Step 4: Clicking: [ #header-qty ]
[16:44:22] [PASS] [OK] click completed
[16:44:22] [INFO] >> Step 5: Typing '2' into: [ #header-qty ]
[16:44:22] [PASS] [OK] type completed
[16:44:22] [INFO] >> Step 6: Pressing key 'Enter' on: [ #header-qty ]
[16:44:22] [PASS] [OK] press completed
[16:44:22] [INFO] [DATA TABLE] Row 2/3: Item_name=FUROSEMIDE-INJECTION-10MG/ML(4ML)-LASIX-, Qty=4, batch_no=2119077
[16:44:22] [INFO] >> Step 1: Clicking: [ #itemInput ]
[16:44:22] [PASS] [OK] click completed
[16:44:22] [INFO] >> Step 2: Search & Select: type '{{Item_name}}' -> pick 'FUROSEMIDE-INJECTION-10MG/ML(4ML)-LASIX-' in [ #itemInput ]
[16:44:22] [INFO] [search_select] typing='FUROSEMIDE-INJECTION-10MG/ML(4ML)-LASIX-' picking='FUROSEMIDE-INJECTION-10MG/ML(4ML)-LASIX-'
[16:44:26] [PASS] [OK] Search & Select: selected 'FUROSEMIDE-INJECTION-10MG/ML(4ML)-LASIX-'
[16:44:26] [PASS] [OK] search_select completed
[16:44:26] [INFO] >> Step 3: Search & Select: type '{{batch_no}}' -> pick '2119077' in [ #qty_head > div > div > div.ng-input > input[type=text] ]
[16:44:26] [INFO] [search_select] typing='2119077' picking='2119077'
[16:44:29] [PASS] [OK] Search & Select: selected '2119077'
[16:44:29] [PASS] [OK] search_select completed
[16:44:29] [INFO] >> Step 4: Clicking: [ #header-qty ]
[16:44:29] [PASS] [OK] click completed
[16:44:29] [INFO] >> Step 5: Typing '4' into: [ #header-qty ]
[16:44:29] [PASS] [OK] type completed
[16:44:29] [INFO] >> Step 6: Pressing key 'Enter' on: [ #header-qty ]
[16:44:30] [PASS] [OK] press completed
[16:44:30] [INFO] [DATA TABLE] Row 3/3: Item_name=PANTOPRAZOLE-TABLET-40MG-PAN-, Qty=6, batch_no=19440364
[16:44:30] [INFO] >> Step 1: Clicking: [ #itemInput ]
[16:44:30] [PASS] [OK] click completed
[16:44:30] [INFO] >> Step 2: Search & Select: type '{{Item_name}}' -> pick 'PANTOPRAZOLE-TABLET-40MG-PAN-' in [ #itemInput ]
[16:44:30] [INFO] [search_select] typing='PANTOPRAZOLE-TABLET-40MG-PAN-' picking='PANTOPRAZOLE-TABLET-40MG-PAN-'
[16:44:34] [PASS] [OK] Search & Select: selected 'PANTOPRAZOLE-TABLET-40MG-PAN-'
[16:44:34] [PASS] [OK] search_select completed
[16:44:34] [INFO] >> Step 3: Search & Select: type '{{batch_no}}' -> pick '19440364' in [ #qty_head > div > div > div.ng-input > input[type=text] ]
[16:44:34] [INFO] [search_select] typing='19440364' picking='19440364'
[16:44:36] [PASS] [OK] Search & Select: selected '19440364'
[16:44:36] [PASS] [OK] search_select completed
[16:44:37] [INFO] >> Step 4: Clicking: [ #header-qty ]
[16:44:37] [PASS] [OK] click completed
[16:44:37] [INFO] >> Step 5: Typing '6' into: [ #header-qty ]
[16:44:37] [PASS] [OK] type completed
[16:44:37] [INFO] >> Step 6: Pressing key 'Enter' on: [ #header-qty ]
[16:44:37] [PASS] [OK] press completed
[16:44:37] [INFO] >> Step 29: Waiting 1000ms
[16:44:38] [PASS] [OK] wait completed
[16:44:38] [INFO] >> Step 30: Clicking: [ get_by_role("button", name="Save") ]
[16:44:39] [PASS] [OK] click completed
[16:44:39] [INFO] >> Step 31: Waiting 2000ms
[16:44:41] [PASS] [OK] wait completed
[16:44:41] [INFO] >> Step 32: Clicking: [ #btnDone ]
[16:44:42] [PASS] [OK] click completed
[16:44:42] [INFO] >> Step 33: Clicking: [ get_by_role("button", name="Send for Approval") ]
[16:44:42] [PASS] [OK] click completed
[16:44:42] [INFO] >> Step 34: Waiting for element: [ #btnDone ]
[16:44:43] [PASS] [OK] wait_for_selector completed
[16:44:43] [INFO] >> Step 35: Clicking: [ #btnDone ]
[16:44:43] [PASS] [OK] click completed
[16:44:43] [INFO] >> Step 36: store_text -- body > jhi-main > div > section > div.app-content > jhi-stock-issue-dialog > div > div > div.pl-0.athma-detail-form-panel > div > div.preview-form-header > h5 > span
[16:44:43] [PASS] [OK] Stored 'STR-1754-2600791' → {{Direct_transfer}}
[16:44:43] [INFO] >> Step 37: Waiting 2000ms
[16:44:45] [PASS] [OK] wait completed
[16:44:46] [INFO] >> Step 38: Clicking: [ get_by_role("button", name="Claim") ]
[16:44:46] [PASS] [OK] click completed
[16:44:46] [INFO] >> Step 39: Waiting 2000ms
[16:44:48] [PASS] [OK] wait completed
[16:44:48] [INFO] >> Step 40: Clicking: [ text="Approve" ]
[16:44:49] [PASS] [OK] click completed
[16:44:49] [INFO] >> Step 41: Clicking: [ #btnDone ]
[16:44:50] [PASS] [OK] click completed
[16:44:50] [INFO] >> Step 42: Clicking: [ body > jhi-main > div > section > div.app-content > jhi-stock-issue-dialog > div > div > div.pr-0.athma-detail-list-panel.fixed-height-without-header > stock-issue-button > div > div.col-sm-8.text-right.pad-right-4 > button ]
[16:44:50] [PASS] [OK] click completed
[16:44:51] [INFO] >> Step 43: Waiting 2000ms
[16:44:53] [PASS] [OK] wait completed
[16:44:53] [INFO] >> Step 44: Clicking: [ #list-header-search-input ]
[16:44:53] [PASS] [OK] click completed
[16:44:53] [INFO] >> Step 45: Clicking: [ #inputDebounce ]
[16:44:54] [PASS] [OK] click completed
[16:44:54] [INFO] >> Step 46: press_sequentially -- #inputDebounce
[16:44:55] [INFO] [press_sequentially] filled and waited for debounce: 'STR-1754-2600791'
[16:44:55] [PASS] [OK] press_sequentially completed
[16:44:55] [PASS] [OK] call_test: 'Direct_Transfer' done
[16:44:55] [INFO] >> Step 2: Clicking: [ #sidebar-wrapper > div > div > div > div > svg ]
[16:44:55] [PASS] [OK] click completed
[16:44:56] [INFO] >> Step 3: Waiting for URL to contain: 'https://sqa.narayanahealth.org/home-page'
[16:44:57] [PASS] [OK] wait_for_url completed
[16:44:58] [INFO] >> Step 4: Waiting 3000ms
[16:45:02] [PASS] [OK] wait completed
[16:45:02] [INFO] >> Step 5: Pressing key '.' on: [ body ]
[16:45:02] [PASS] [OK] press completed
[16:45:02] [INFO] >> Step 6: Waiting for element: [ #menuSearch ]
[16:45:02] [PASS] [OK] wait_for_selector completed
[16:45:02] [INFO] >> Step 7: press_sequentially -- get_by_role("textbox", name="Search")
[16:45:03] [INFO] [press_sequentially] filled and waited for debounce: 'receipt'
[16:45:03] [PASS] [OK] press_sequentially completed
[16:45:03] [INFO] >> Step 8: Waiting 2000ms
[16:45:05] [PASS] [OK] wait completed
[16:45:06] [INFO] >> Step 9: Clicking: [ get_by_role("link", name="Receipt Inventory") ]
[16:45:06] [PASS] [OK] click completed
[16:45:07] [INFO] >> Step 10: Waiting 3000ms
[16:45:10] [PASS] [OK] wait completed
[16:45:10] [INFO] >> Step 11: Clicking: [ body > jhi-main > div > section > div.app-content > jhi-stock-receipt > athma-page-header > div > athma-tabs-header > section > div.row.align-items-center > div.col-sm-8 > ul > li:nth-child(2) > a > span:nth-child(1) ]
[16:45:12] [PASS] [OK] click completed
[16:45:12] [INFO] >> Step 12: Clicking: [ #inputDebounce ]
[16:45:13] [PASS] [OK] click completed
[16:45:13] [INFO] >> Step 13: press_sequentially -- #inputDebounce
[16:45:14] [INFO] [press_sequentially] filled and waited for debounce: 'STR-1754-2600791'
[16:45:14] [PASS] [OK] press_sequentially completed
[16:45:14] [INFO] >> Step 14: Waiting 1000ms
[16:45:15] [PASS] [OK] wait completed
[16:45:16] [INFO] >> Step 15: Clicking: [ get_by_text("STR-1754-2600791") ]
[16:45:17] [PASS] [OK] click completed
[16:45:17] [INFO] >> Step 16: Waiting 2001ms
[16:45:19] [PASS] [OK] wait completed
[16:45:19] [INFO] >> Step 17: Clicking: [ get_by_role("button", name="Open") ]
[16:45:19] [PASS] [OK] click completed
[16:45:19] [INFO] >> Step 18: Waiting for element: [ body > jhi-main > div > section > div.app-content > jhi-stock-receipt-dialog > div > div > div.pr-0.athma-detail-list-panel.fixed-height-without-header > div > div.scroll-table-header > table > thead > tr > th:nth-child(2) > div > div.input-group.athma-input-group-container > button > i ]
[16:45:20] [PASS] [OK] wait_for_selector completed
[16:45:20] [INFO] [DATA TABLE] 3 row(s), columns: ['receipt_item', 'Recipt_qty', 'Receipt_reject_Qty', 'Reject_reson']
[16:45:20] [INFO] [DATA TABLE] Row 1/3: receipt_item=PARACETAMOL-TABLET-750MG-P 750-, Recipt_qty=0, Receipt_reject_Qty=2, Reject_reson=Item is damaged
[16:45:20] [INFO] >> Step 1: table_action -- body > jhi-main > div > section > div.app-content > jhi-stock-receipt-dialog > div > div > div.pr-0.athma-detail-list-panel.fixed-height-without-header > div > div.scroll-table-body.ps > table
[16:45:25] [PASS] [OK] table_action completed
[16:45:25] [INFO] >> Step 2: table_action -- body > jhi-main > div > section > div.app-content > jhi-stock-receipt-dialog > div > div > div.pr-0.athma-detail-list-panel.fixed-height-without-header > div > div.scroll-table-body.ps > table
[16:45:30] [PASS] [OK] table_action completed
[16:45:30] [INFO] >> Step 3: table_action -- body > jhi-main > div > section > div.app-content > jhi-stock-receipt-dialog > div > div > div.pr-0.athma-detail-list-panel.fixed-height-without-header > div > div.scroll-table-body.ps > table
[16:45:31] [PASS] [OK] table_action completed
[16:45:31] [INFO] [DATA TABLE] Row 2/3: receipt_item=FUROSEMIDE-INJECTION-10MG/ML(4ML)-LASIX-, Recipt_qty=0, Receipt_reject_Qty=4, Reject_reson=Expired or expiry date is less than 30 days
[16:45:31] [INFO] >> Step 1: table_action -- body > jhi-main > div > section > div.app-content > jhi-stock-receipt-dialog > div > div > div.pr-0.athma-detail-list-panel.fixed-height-without-header > div > div.scroll-table-body.ps > table
[16:45:36] [PASS] [OK] table_action completed
[16:45:36] [INFO] >> Step 2: table_action -- body > jhi-main > div > section > div.app-content > jhi-stock-receipt-dialog > div > div > div.pr-0.athma-detail-list-panel.fixed-height-without-header > div > div.scroll-table-body.ps > table
[16:45:41] [PASS] [OK] table_action completed
[16:45:41] [INFO] >> Step 3: table_action -- body > jhi-main > div > section > div.app-content > jhi-stock-receipt-dialog > div > div > div.pr-0.athma-detail-list-panel.fixed-height-without-header > div > div.scroll-table-body.ps > table
[16:45:41] [PASS] [OK] table_action completed
[16:45:41] [INFO] [DATA TABLE] Row 3/3: receipt_item=PANTOPRAZOLE-TABLET-40MG-PAN-, Recipt_qty=0, Receipt_reject_Qty=6, Reject_reson=Not received
[16:45:41] [INFO] >> Step 1: table_action -- body > jhi-main > div > section > div.app-content > jhi-stock-receipt-dialog > div > div > div.pr-0.athma-detail-list-panel.fixed-height-without-header > div > div.scroll-table-body.ps > table
[16:45:46] [PASS] [OK] table_action completed
[16:45:46] [INFO] >> Step 2: table_action -- body > jhi-main > div > section > div.app-content > jhi-stock-receipt-dialog > div > div > div.pr-0.athma-detail-list-panel.fixed-height-without-header > div > div.scroll-table-body.ps > table
[16:45:51] [PASS] [OK] table_action completed
[16:45:51] [INFO] >> Step 3: table_action -- body > jhi-main > div > section > div.app-content > jhi-stock-receipt-dialog > div > div > div.pr-0.athma-detail-list-panel.fixed-height-without-header > div > div.scroll-table-body.ps > table
[16:45:51] [PASS] [OK] table_action completed
[16:45:51] [INFO] >> Step 24: Clicking: [ get_by_role("button", name="Send for Approval") ]
[16:45:52] [PASS] [OK] click completed
[16:45:52] [INFO] >> Step 25: Waiting 2000ms
[16:45:54] [PASS] [OK] wait completed
[16:45:54] [INFO] >> Step 26: Clicking: [ #btnDone ]
[16:45:54] [PASS] [OK] click completed
[16:45:54] [INFO] >> Step 27: Waiting 2000ms
[16:45:56] [PASS] [OK] wait completed
[16:45:57] [INFO] >> Step 28: Clicking: [ get_by_role("button", name="Claim") ]
[16:45:57] [PASS] [OK] click completed
[16:45:57] [INFO] >> Step 29: Waiting 2000ms
[16:45:59] [PASS] [OK] wait completed
[16:45:59] [INFO] >> Step 30: Clicking: [ get_by_role("button", name="Approve") ]
[16:46:00] [PASS] [OK] click completed
[16:46:00] [INFO] >> Step 31: Clicking: [ #btnDone ]
[16:46:01] [PASS] [OK] click completed
[16:46:01] [INFO] >> Step 32: Waiting 2000ms
[16:46:03] [PASS] [OK] wait completed
[16:46:03] [INFO] >> Step 33: store_text -- body > jhi-main > div > section > div.app-content > jhi-stock-receipt-dialog > div > div > div.pl-0.athma-detail-form-panel > div > div.preview-form-header > h5 > span
[16:46:03] [PASS] [OK] Stored 'SRC-D-1754-2601510' → {{Receipt_Number}}
[16:46:03] [INFO] >> Step 34: Waiting 2000ms
[16:46:06] [PASS] [OK] wait completed
[16:46:06] [INFO] >> Step 35: Clicking: [ get_by_role("button", name="Cancel") ]
[16:46:06] [PASS] [OK] click completed
[16:46:07] [INFO] [OK] PASSED -- 94/94 steps in 152231ms
