[17:09:16] [INFO] >> [async_runner] Starting run #7689 — Type: ui, Browser: chrome
[17:09:18] [INFO] [pool] Acquiring browser context from shared pool...
[17:09:23] [INFO] >> Step 1: Navigating to URL: https://sqa.narayanahealth.org/
[17:09:36] [PASS] [OK] navigate completed
[17:09:36] [INFO] >> Step 2: Clicking: [ #username ]
[17:09:37] [PASS] [OK] click completed
[17:09:37] [INFO] >> Step 3: Typing '337800' into: [ #username ]
[17:09:37] [PASS] [OK] type completed
[17:09:37] [INFO] >> Step 4: Clicking: [ #password ]
[17:09:37] [PASS] [OK] click completed
[17:09:37] [INFO] >> Step 5: Typing 'admin' into: [ #password ]
[17:09:37] [PASS] [OK] type completed
[17:09:37] [INFO] >> Step 6: Clicking: [ body > app-root > div > section > div.app-content > jhi-home > div > div > form:nth-child(2) > div.col-12 > button ]
[17:09:38] [PASS] [OK] click completed
[17:09:38] [INFO] >> Step 7: Waiting 2000ms
[17:09:40] [PASS] [OK] wait completed
[17:09:40] [INFO] >> Step 8: Pressing key '.' on: [ body ]
[17:09:40] [PASS] [OK] press completed
[17:09:40] [INFO] >> Step 9: Typing 'indent' into: [ get_by_role("textbox", name="Search") ]
[17:09:40] [PASS] [OK] type completed
[17:09:40] [INFO] >> Step 10: Clicking: [ get_by_role("link", name="Indent Inventory") ]
[17:09:41] [PASS] [OK] click completed
[17:09:41] [INFO] >> Step 11: Waiting 4000ms
[17:09:46] [PASS] [OK] wait completed
[17:09:47] [INFO] >> Step 12: Clicking: [ get_by_role("button", name="Create New") ]
[17:09:48] [PASS] [OK] click completed
[17:09:49] [INFO] >> Step 13: Clicking: [ #indentStoreInput ]
[17:09:49] [PASS] [OK] click completed
[17:09:49] [INFO] >> Step 14: Clearing: [ #indentStoreInput ]
[17:09:49] [PASS] [OK] clear completed
[17:09:49] [INFO] >> Step 15: Search & Select: type 'IP Pharmacy-Raipur' -> pick 'IP Pharmacy-Raipur' in [ #indentStoreInput ]
[17:09:49] [INFO] [search_select] typing='IP Pharmacy-Raipur' picking='IP Pharmacy-Raipur'
[17:09:52] [PASS] [OK] Search & Select: selected 'IP Pharmacy-Raipur'
[17:09:52] [PASS] [OK] search_select completed
[17:09:52] [INFO] >> Step 16: Clicking: [ #issueStoreInput ]
[17:09:52] [PASS] [OK] click completed
[17:09:52] [INFO] >> Step 17: Clearing: [ #issueStoreInput ]
[17:09:52] [PASS] [OK] clear completed
[17:09:52] [INFO] >> Step 18: Search & Select: type '157-MS1' -> pick 'Main Store-Raipur' in [ #issueStoreInput ]
[17:09:52] [INFO] [search_select] typing='157-MS1' picking='Main Store-Raipur'
[17:09:54] [PASS] [OK] Search & Select: selected 'Main Store-Raipur'
[17:09:54] [PASS] [OK] search_select completed
[17:09:55] [INFO] >> Step 19: Clicking: [ #btnNext ]
[17:09:55] [PASS] [OK] click completed
[17:09:55] [INFO] >> Step 20: Waiting 1000ms
[17:09:56] [PASS] [OK] wait completed
[17:09:56] [INFO] [DATA TABLE] 3 row(s), columns: ['Item_name', 'Qty']
[17:09:56] [INFO] [DATA TABLE] Row 1/3: Item_name=PARACETAMOL-TABLET-750MG-P 750-, Qty=2
[17:09:56] [INFO] >> Step 1: Clicking: [ #itemInput ]
[17:09:57] [PASS] [OK] click completed
[17:09:57] [INFO] >> Step 2: Search & Select: type '{{Item_name}}' -> pick 'PARACETAMOL-TABLET-750MG-P 750-' in [ #itemInput ]
[17:09:57] [INFO] [search_select] typing='PARACETAMOL-TABLET-750MG-P 750-' picking='PARACETAMOL-TABLET-750MG-P 750-'
[17:10:00] [PASS] [OK] Search & Select: selected 'PARACETAMOL-TABLET-750MG-P 750-'
[17:10:00] [PASS] [OK] search_select completed
[17:10:00] [INFO] >> Step 3: Clicking: [ #lImQty ]
[17:10:00] [PASS] [OK] click completed
[17:10:00] [INFO] >> Step 4: Typing '2' into: [ #lImQty ]
[17:10:00] [PASS] [OK] type completed
[17:10:00] [INFO] >> Step 5: Pressing key 'Enter' on: [ #lImQty ]
[17:10:00] [PASS] [OK] press completed
[17:10:00] [INFO] [DATA TABLE] Row 2/3: Item_name=FUROSEMIDE-INJECTION-10MG/ML(4ML)-LASIX-, Qty=4
[17:10:00] [INFO] >> Step 1: Clicking: [ #itemInput ]
[17:10:01] [PASS] [OK] click completed
[17:10:01] [INFO] >> Step 2: Search & Select: type '{{Item_name}}' -> pick 'FUROSEMIDE-INJECTION-10MG/ML(4ML)-LASIX-' in [ #itemInput ]
[17:10:01] [INFO] [search_select] typing='FUROSEMIDE-INJECTION-10MG/ML(4ML)-LASIX-' picking='FUROSEMIDE-INJECTION-10MG/ML(4ML)-LASIX-'
[17:10:04] [PASS] [OK] Search & Select: selected 'FUROSEMIDE-INJECTION-10MG/ML(4ML)-LASIX-'
[17:10:04] [PASS] [OK] search_select completed
[17:10:04] [INFO] >> Step 3: Clicking: [ #lImQty ]
[17:10:05] [PASS] [OK] click completed
[17:10:05] [INFO] >> Step 4: Typing '4' into: [ #lImQty ]
[17:10:05] [PASS] [OK] type completed
[17:10:05] [INFO] >> Step 5: Pressing key 'Enter' on: [ #lImQty ]
[17:10:05] [PASS] [OK] press completed
[17:10:05] [INFO] [DATA TABLE] Row 3/3: Item_name=PANTOPRAZOLE-TABLET-40MG-PAN-, Qty=6
[17:10:05] [INFO] >> Step 1: Clicking: [ #itemInput ]
[17:10:05] [PASS] [OK] click completed
[17:10:05] [INFO] >> Step 2: Search & Select: type '{{Item_name}}' -> pick 'PANTOPRAZOLE-TABLET-40MG-PAN-' in [ #itemInput ]
[17:10:05] [INFO] [search_select] typing='PANTOPRAZOLE-TABLET-40MG-PAN-' picking='PANTOPRAZOLE-TABLET-40MG-PAN-'
[17:10:08] [PASS] [OK] Search & Select: selected 'PANTOPRAZOLE-TABLET-40MG-PAN-'
[17:10:08] [PASS] [OK] search_select completed
[17:10:08] [INFO] >> Step 3: Clicking: [ #lImQty ]
[17:10:09] [PASS] [OK] click completed
[17:10:09] [INFO] >> Step 4: Typing '6' into: [ #lImQty ]
[17:10:09] [PASS] [OK] type completed
[17:10:09] [INFO] >> Step 5: Pressing key 'Enter' on: [ #lImQty ]
[17:10:09] [PASS] [OK] press completed
[17:10:09] [INFO] >> Step 28: Waiting 2000ms
[17:10:11] [PASS] [OK] wait completed
[17:10:11] [INFO] >> Step 29: Clicking: [ get_by_role("button", name="Save") ]
[17:10:12] [PASS] [OK] click completed
[17:10:12] [INFO] >> Step 30: Waiting 2000ms
[17:10:14] [PASS] [OK] wait completed
[17:10:14] [INFO] >> Step 31: Clicking: [ #btnDone ]
[17:10:14] [PASS] [OK] click completed
[17:10:14] [INFO] >> Step 32: Clicking: [ get_by_role("button", name="Send for Approval") ]
[17:10:15] [PASS] [OK] click completed
[17:10:15] [INFO] >> Step 33: Waiting for element: [ #btnDone ]
[17:10:16] [PASS] [OK] wait_for_selector completed
[17:10:16] [INFO] >> Step 34: Clicking: [ #btnDone ]
[17:10:16] [PASS] [OK] click completed
[17:10:16] [INFO] >> Step 35: store_text -- body > jhi-main > div > section > div.app-content > jhi-stock-indent-dialog > div > div > div.pl-0.athma-detail-form-panel > div > div.preview-form-header > h5 > span
[17:10:16] [PASS] [OK] Stored 'SRQ-1754-2601588' → {{Indent_Number}}
[17:10:16] [INFO] >> Step 36: Waiting 2000ms
[17:10:18] [PASS] [OK] wait completed
[17:10:18] [INFO] >> Step 37: Clicking: [ get_by_role("button", name="Claim") ]
[17:10:19] [PASS] [OK] click completed
[17:10:19] [INFO] >> Step 38: Clicking: [ get_by_role("button", name="Approve") ]
[17:10:20] [PASS] [OK] click completed
[17:10:20] [INFO] >> Step 39: Waiting 2000ms
[17:10:22] [PASS] [OK] wait completed
[17:10:22] [INFO] >> Step 40: Clicking: [ #btnDone ]
[17:10:23] [PASS] [OK] click completed
[17:10:23] [INFO] >> Step 41: Clicking: [ body > jhi-main > div > section > div.app-content > jhi-stock-indent-dialog > div > div > div.pr-0.athma-detail-list-panel.fixed-height-without-header > stock-indent-button > div > div.col-sm-8.text-right.pr-0 > button ]
[17:10:23] [PASS] [OK] click completed
[17:10:23] [INFO] >> Step 42: Waiting 2000ms
[17:10:25] [PASS] [OK] wait completed
[17:10:25] [INFO] >> Step 43: Clicking: [ body > jhi-main > div > section > div.app-content > jhi-stock-indent > athma-page-header > div > athma-tabs-header > section > div.row.align-items-center > div.col-sm-8 > ul > li:nth-child(1) > a > span ]
[17:10:26] [PASS] [OK] click completed
[17:10:26] [INFO] >> Step 44: Clicking: [ #inputDebounce ]
[17:10:26] [PASS] [OK] click completed
[17:10:26] [INFO] >> Step 45: press_sequentially -- #inputDebounce
[17:10:28] [INFO] [press_sequentially] filled and waited for debounce: 'SRQ-1754-2601588'
[17:10:28] [PASS] [OK] press_sequentially completed
[17:10:28] [PASS] [OK] call_test: 'SAI_Indent_ForLoop' done
[17:10:28] [INFO] >> Step 2: Navigating to URL: https://sqa.narayanahealth.org/home-page
[17:10:30] [PASS] [OK] navigate completed
[17:10:30] [INFO] >> Step 3: Waiting 2000ms
[17:10:32] [PASS] [OK] wait completed
[17:10:32] [INFO] >> Step 4: Pressing key '.' on: [ body ]
[17:10:33] [PASS] [OK] press completed
[17:10:33] [INFO] >> Step 5: Waiting 2000ms
[17:10:35] [PASS] [OK] wait completed
[17:10:35] [INFO] >> Step 6: press_sequentially -- get_by_role("textbox", name="Search")
[17:10:36] [INFO] [press_sequentially] filled and waited for debounce: 'issue'
[17:10:36] [PASS] [OK] press_sequentially completed
[17:10:36] [INFO] >> Step 7: Waiting 2000ms
[17:10:38] [PASS] [OK] wait completed
[17:10:38] [INFO] >> Step 8: Clicking: [ #menu_0_0_7 ]
[17:10:39] [PASS] [OK] click completed
[17:10:39] [INFO] >> Step 9: Waiting 3000ms
[17:10:42] [PASS] [OK] wait completed
[17:10:42] [INFO] >> Step 10: Clicking: [ #inputDebounce ]
[17:10:45] [PASS] [OK] click completed
[17:10:45] [INFO] >> Step 11: press_sequentially -- #inputDebounce
[17:10:47] [INFO] [press_sequentially] filled and waited for debounce: 'SRQ-1754-2601588'
[17:10:47] [PASS] [OK] press_sequentially completed
[17:10:47] [INFO] >> Step 12: Waiting 1000ms
[17:10:48] [PASS] [OK] wait completed
[17:10:48] [INFO] >> Step 13: Clicking: [ get_by_text("SRQ-1754-2601588") ]
[17:10:48] [PASS] [OK] click completed
[17:10:48] [INFO] >> Step 14: Waiting 2001ms
[17:10:50] [PASS] [OK] wait completed
[17:10:51] [INFO] >> Step 15: Clicking: [ get_by_role("button", name="Open") ]
[17:10:51] [PASS] [OK] click completed
[17:10:51] [INFO] >> Step 16: Waiting 2000ms
[17:10:53] [PASS] [OK] wait completed
[17:10:53] [INFO] [DATA TABLE] 3 row(s), columns: ['issue_itemName', 'Batch', 'Issue_Qty']
[17:10:53] [INFO] [DATA TABLE] Row 1/3: issue_itemName=PARACETAMOL-TABLET-750MG-P 750-, Batch=batch main, Issue_Qty=2
[17:10:53] [INFO] >> Step 1: table_action -- body > jhi-main > div > section > div.app-content > jhi-stock-issue-dialog > div > div > div.pr-0.athma-detail-list-panel.fixed-height-without-header > div > div.scroll-table-body.ps.position-relative > table
[17:10:56] [PASS] [OK] table_action completed
[17:10:56] [INFO] >> Step 2: table_action -- body > jhi-main > div > section > div.app-content > jhi-stock-issue-dialog > div > div > div.pr-0.athma-detail-list-panel.fixed-height-without-header > div > div.scroll-table-body.ps.position-relative > table
[17:11:01] [PASS] [OK] table_action completed
[17:11:01] [INFO] >> Step 3: Waiting 1000ms
[17:11:02] [PASS] [OK] wait completed
[17:11:02] [INFO] [DATA TABLE] Row 2/3: issue_itemName=FUROSEMIDE-INJECTION-10MG/ML(4ML)-LASIX-, Batch=2119077, Issue_Qty=4
[17:11:02] [INFO] >> Step 1: table_action -- body > jhi-main > div > section > div.app-content > jhi-stock-issue-dialog > div > div > div.pr-0.athma-detail-list-panel.fixed-height-without-header > div > div.scroll-table-body.ps.position-relative > table
[17:11:04] [PASS] [OK] table_action completed
[17:11:04] [INFO] >> Step 2: table_action -- body > jhi-main > div > section > div.app-content > jhi-stock-issue-dialog > div > div > div.pr-0.athma-detail-list-panel.fixed-height-without-header > div > div.scroll-table-body.ps.position-relative > table
[17:11:09] [PASS] [OK] table_action completed
[17:11:09] [INFO] >> Step 3: Waiting 1000ms
[17:11:10] [PASS] [OK] wait completed
[17:11:10] [INFO] [DATA TABLE] Row 3/3: issue_itemName=PANTOPRAZOLE-TABLET-40MG-PAN-, Batch=19440364, Issue_Qty=6
[17:11:10] [INFO] >> Step 1: table_action -- body > jhi-main > div > section > div.app-content > jhi-stock-issue-dialog > div > div > div.pr-0.athma-detail-list-panel.fixed-height-without-header > div > div.scroll-table-body.ps.position-relative > table
[17:11:12] [PASS] [OK] table_action completed
[17:11:12] [INFO] >> Step 2: table_action -- body > jhi-main > div > section > div.app-content > jhi-stock-issue-dialog > div > div > div.pr-0.athma-detail-list-panel.fixed-height-without-header > div > div.scroll-table-body.ps.position-relative > table
[17:11:17] [PASS] [OK] table_action completed
[17:11:17] [INFO] >> Step 3: Waiting 1000ms
[17:11:18] [PASS] [OK] wait completed
[17:11:18] [INFO] >> Step 22: Clicking: [ get_by_role("button", name="Send for Approval") ]
[17:11:19] [PASS] [OK] click completed
[17:11:19] [INFO] >> Step 23: Waiting 2000ms
[17:11:21] [PASS] [OK] wait completed
[17:11:21] [INFO] >> Step 24: Clicking: [ #btnDone ]
[17:11:22] [PASS] [OK] click completed
[17:11:22] [INFO] >> Step 25: Waiting 2000ms
[17:11:24] [PASS] [OK] wait completed
[17:11:24] [INFO] >> Step 26: Clicking: [ get_by_role("button", name="Claim") ]
[17:11:25] [PASS] [OK] click completed
[17:11:25] [INFO] >> Step 27: Waiting 2000ms
[17:11:27] [PASS] [OK] wait completed
[17:11:27] [INFO] >> Step 28: Clicking: [ text="Approve" ]
[17:11:27] [PASS] [OK] click completed
[17:11:27] [INFO] >> Step 29: Clicking: [ #btnDone ]
[17:11:29] [PASS] [OK] click completed
[17:11:29] [INFO] >> Step 30: Waiting 2000ms
[17:11:31] [PASS] [OK] wait completed
[17:11:31] [INFO] >> Step 31: store_text -- body > jhi-main > div > section > div.app-content > jhi-stock-issue-dialog > div > div > div.pl-0.athma-detail-form-panel > div > div.preview-form-header > h5 > span
[17:11:31] [PASS] [OK] Stored 'SIS-1754-2601089' → {{Issue_Number}}
[17:11:31] [INFO] >> Step 32: Waiting 2000ms
[17:11:33] [PASS] [OK] wait completed
[17:11:33] [INFO] >> Step 33: Clicking: [ get_by_role("button", name="Cancel") ]
[17:11:34] [PASS] [OK] click completed
[17:11:34] [PASS] [OK] call_test: 'Issue_Full_Qty' done
[17:11:34] [INFO] >> Step 2: Clicking: [ #sidebar-wrapper > div > div > div > div > svg ]
[17:11:35] [PASS] [OK] click completed
[17:11:35] [INFO] >> Step 3: Waiting for URL to contain: 'https://sqa.narayanahealth.org/home-page'
[17:11:37] [PASS] [OK] wait_for_url completed
[17:11:38] [INFO] >> Step 4: Waiting 5000ms
[17:11:43] [PASS] [OK] wait completed
[17:11:44] [INFO] >> Step 5: Pressing key '.' on: [ body ]
[17:11:44] [PASS] [OK] press completed
[17:11:44] [INFO] >> Step 6: Waiting 5000ms
[17:11:49] [PASS] [OK] wait completed
[17:11:49] [INFO] >> Step 7: press_sequentially -- get_by_role("textbox", name="Search")
[17:11:50] [INFO] [press_sequentially] filled and waited for debounce: 'receipt'
[17:11:50] [PASS] [OK] press_sequentially completed
[17:11:50] [INFO] >> Step 8: Waiting 1000ms
[17:11:51] [PASS] [OK] wait completed
[17:11:51] [INFO] >> Step 9: Clicking: [ get_by_role("link", name="Receipt Inventory") ]
[17:11:52] [PASS] [OK] click completed
[17:11:52] [INFO] >> Step 10: Waiting 3000ms
[17:11:55] [PASS] [OK] wait completed
[17:11:55] [INFO] >> Step 11: Clicking: [ #inputDebounce ]
[17:11:59] [PASS] [OK] click completed
[17:11:59] [INFO] >> Step 12: press_sequentially -- #inputDebounce
[17:12:02] [INFO] [press_sequentially] filled and waited for debounce: 'SIS-1754-2601089'
[17:12:02] [PASS] [OK] press_sequentially completed
[17:12:02] [INFO] >> Step 13: Waiting 1000ms
[17:12:03] [PASS] [OK] wait completed
[17:12:03] [INFO] >> Step 14: Clicking: [ get_by_text("SIS-1754-2601089") ]
[17:12:04] [PASS] [OK] click completed
[17:12:04] [INFO] >> Step 15: Waiting 2001ms
[17:12:06] [PASS] [OK] wait completed
[17:12:06] [INFO] >> Step 16: Clicking: [ get_by_role("button", name="Open") ]
[17:12:07] [PASS] [OK] click completed
[17:12:07] [INFO] >> Step 17: Waiting for element: [ body > jhi-main > div > section > div.app-content > jhi-stock-receipt-dialog > div > div > div.pr-0.athma-detail-list-panel.fixed-height-without-header > div > div.scroll-table-header > table > thead > tr > th:nth-child(2) > div > div.input-group.athma-input-group-container > button > i ]
[17:12:07] [PASS] [OK] wait_for_selector completed
[17:12:07] [INFO] [DATA TABLE] 3 row(s), columns: ['receipt_item', 'Recipt_qty']
[17:12:07] [INFO] [DATA TABLE] Row 1/3: receipt_item=PARACETAMOL-TABLET-750MG-P 750-, Recipt_qty=1
[17:12:07] [INFO] >> Step 1: table_action -- body > jhi-main > div > section > div.app-content > jhi-stock-receipt-dialog > div > div > div.pr-0.athma-detail-list-panel.fixed-height-without-header > div > div.scroll-table-body.ps > table
[17:12:12] [PASS] [OK] table_action completed
[17:12:12] [INFO] [DATA TABLE] Row 2/3: receipt_item=FUROSEMIDE-INJECTION-10MG/ML(4ML)-LASIX-, Recipt_qty=2
[17:12:12] [INFO] >> Step 1: table_action -- body > jhi-main > div > section > div.app-content > jhi-stock-receipt-dialog > div > div > div.pr-0.athma-detail-list-panel.fixed-height-without-header > div > div.scroll-table-body.ps > table
[17:12:17] [PASS] [OK] table_action completed
[17:12:17] [INFO] [DATA TABLE] Row 3/3: receipt_item=PANTOPRAZOLE-TABLET-40MG-PAN-, Recipt_qty=3
[17:12:17] [INFO] >> Step 1: table_action -- body > jhi-main > div > section > div.app-content > jhi-stock-receipt-dialog > div > div > div.pr-0.athma-detail-list-panel.fixed-height-without-header > div > div.scroll-table-body.ps > table
[17:12:22] [PASS] [OK] table_action completed
[17:12:22] [INFO] >> Step 21: Clicking: [ get_by_role("button", name="Send for Approval") ]
[17:12:23] [PASS] [OK] click completed
[17:12:23] [INFO] >> Step 22: Waiting 2000ms
[17:12:25] [PASS] [OK] wait completed
[17:12:25] [INFO] >> Step 23: Clicking: [ #btnDone ]
[17:12:25] [PASS] [OK] click completed
[17:12:25] [INFO] >> Step 24: Waiting 2000ms
[17:12:27] [PASS] [OK] wait completed
[17:12:27] [INFO] >> Step 25: Clicking: [ get_by_role("button", name="Claim") ]
[17:12:28] [PASS] [OK] click completed
[17:12:28] [INFO] >> Step 26: Waiting 2000ms
[17:12:30] [PASS] [OK] wait completed
[17:12:30] [INFO] >> Step 27: Clicking: [ get_by_role("button", name="Approve") ]
[17:12:30] [PASS] [OK] click completed
[17:12:30] [INFO] >> Step 28: Clicking: [ #btnDone ]
[17:12:32] [PASS] [OK] click completed
[17:12:32] [INFO] >> Step 29: Waiting 2000ms
[17:12:34] [PASS] [OK] wait completed
[17:12:34] [INFO] >> Step 30: store_text -- body > jhi-main > div > section > div.app-content > jhi-stock-receipt-dialog > div > div > div.pl-0.athma-detail-form-panel > div > div.preview-form-header > h5 > span
[17:12:34] [PASS] [OK] Stored 'SRC-I-1754-2601520' → {{Receipt_Number}}
[17:12:34] [INFO] >> Step 31: Waiting 2000ms
[17:12:36] [PASS] [OK] wait completed
[17:12:36] [INFO] >> Step 32: Clicking: [ get_by_role("button", name="Cancel") ]
[17:12:37] [PASS] [OK] click completed
[17:12:37] [INFO] [OK] PASSED -- 120/120 steps in 199135ms
