[17:21:23] [INFO] >> [async_runner] Starting run #7693 — Type: ui, Browser: chrome
[17:21:25] [INFO] [pool] Acquiring browser context from shared pool...
[17:21:28] [INFO] >> Step 1: Navigating to URL: https://sqa.narayanahealth.org/
[17:21:37] [PASS] [OK] navigate completed
[17:21:37] [INFO] >> Step 2: Clicking: [ #username ]
[17:21:38] [PASS] [OK] click completed
[17:21:38] [INFO] >> Step 3: Typing '337800' into: [ #username ]
[17:21:38] [PASS] [OK] type completed
[17:21:38] [INFO] >> Step 4: Clicking: [ #password ]
[17:21:38] [PASS] [OK] click completed
[17:21:38] [INFO] >> Step 5: Typing 'admin' into: [ #password ]
[17:21:38] [PASS] [OK] type completed
[17:21:38] [INFO] >> Step 6: Clicking: [ body > app-root > div > section > div.app-content > jhi-home > div > div > form:nth-child(2) > div.col-12 > button ]
[17:21:39] [PASS] [OK] click completed
[17:21:39] [INFO] >> Step 7: Waiting 2000ms
[17:21:41] [PASS] [OK] wait completed
[17:21:41] [INFO] >> Step 8: Pressing key '.' on: [ body ]
[17:21:41] [PASS] [OK] press completed
[17:21:41] [INFO] >> Step 9: Typing 'indent' into: [ get_by_role("textbox", name="Search") ]
[17:21:42] [PASS] [OK] type completed
[17:21:42] [INFO] >> Step 10: Clicking: [ get_by_role("link", name="Indent Inventory") ]
[17:21:42] [PASS] [OK] click completed
[17:21:44] [INFO] >> Step 11: Waiting 4000ms
[17:21:48] [PASS] [OK] wait completed
[17:21:49] [INFO] >> Step 12: Clicking: [ get_by_role("button", name="Create New") ]
[17:21:50] [PASS] [OK] click completed
[17:21:50] [INFO] >> Step 13: Clicking: [ #indentStoreInput ]
[17:21:51] [PASS] [OK] click completed
[17:21:51] [INFO] >> Step 14: Clearing: [ #indentStoreInput ]
[17:21:51] [PASS] [OK] clear completed
[17:21:51] [INFO] >> Step 15: Search & Select: type 'IP Pharmacy-Raipur' -> pick 'IP Pharmacy-Raipur' in [ #indentStoreInput ]
[17:21:51] [INFO] [search_select] typing='IP Pharmacy-Raipur' picking='IP Pharmacy-Raipur'
[17:21:53] [PASS] [OK] Search & Select: selected 'IP Pharmacy-Raipur'
[17:21:53] [PASS] [OK] search_select completed
[17:21:53] [INFO] >> Step 16: Clicking: [ #issueStoreInput ]
[17:21:54] [PASS] [OK] click completed
[17:21:54] [INFO] >> Step 17: Clearing: [ #issueStoreInput ]
[17:21:54] [PASS] [OK] clear completed
[17:21:54] [INFO] >> Step 18: Search & Select: type '157-MS1' -> pick 'Main Store-Raipur' in [ #issueStoreInput ]
[17:21:54] [INFO] [search_select] typing='157-MS1' picking='Main Store-Raipur'
[17:21:56] [PASS] [OK] Search & Select: selected 'Main Store-Raipur'
[17:21:56] [PASS] [OK] search_select completed
[17:21:56] [INFO] >> Step 19: Clicking: [ #btnNext ]
[17:21:56] [PASS] [OK] click completed
[17:21:56] [INFO] >> Step 20: Waiting 1000ms
[17:21:57] [PASS] [OK] wait completed
[17:21:58] [INFO] [DATA TABLE] 3 row(s), columns: ['Item_name', 'Qty']
[17:21:58] [INFO] [DATA TABLE] Row 1/3: Item_name=PARACETAMOL-TABLET-750MG-P 750-, Qty=2
[17:21:58] [INFO] >> Step 1: Clicking: [ #itemInput ]
[17:21:58] [PASS] [OK] click completed
[17:21:58] [INFO] >> Step 2: Search & Select: type '{{Item_name}}' -> pick 'PARACETAMOL-TABLET-750MG-P 750-' in [ #itemInput ]
[17:21:58] [INFO] [search_select] typing='PARACETAMOL-TABLET-750MG-P 750-' picking='PARACETAMOL-TABLET-750MG-P 750-'
[17:22:01] [PASS] [OK] Search & Select: selected 'PARACETAMOL-TABLET-750MG-P 750-'
[17:22:01] [PASS] [OK] search_select completed
[17:22:01] [INFO] >> Step 3: Clicking: [ #lImQty ]
[17:22:02] [PASS] [OK] click completed
[17:22:02] [INFO] >> Step 4: Typing '2' into: [ #lImQty ]
[17:22:02] [PASS] [OK] type completed
[17:22:02] [INFO] >> Step 5: Pressing key 'Enter' on: [ #lImQty ]
[17:22:02] [PASS] [OK] press completed
[17:22:02] [INFO] [DATA TABLE] Row 2/3: Item_name=FUROSEMIDE-INJECTION-10MG/ML(4ML)-LASIX-, Qty=4
[17:22:02] [INFO] >> Step 1: Clicking: [ #itemInput ]
[17:22:02] [PASS] [OK] click completed
[17:22:03] [INFO] >> Step 2: Search & Select: type '{{Item_name}}' -> pick 'FUROSEMIDE-INJECTION-10MG/ML(4ML)-LASIX-' in [ #itemInput ]
[17:22:03] [INFO] [search_select] typing='FUROSEMIDE-INJECTION-10MG/ML(4ML)-LASIX-' picking='FUROSEMIDE-INJECTION-10MG/ML(4ML)-LASIX-'
[17:22:06] [PASS] [OK] Search & Select: selected 'FUROSEMIDE-INJECTION-10MG/ML(4ML)-LASIX-'
[17:22:06] [PASS] [OK] search_select completed
[17:22:06] [INFO] >> Step 3: Clicking: [ #lImQty ]
[17:22:06] [PASS] [OK] click completed
[17:22:06] [INFO] >> Step 4: Typing '4' into: [ #lImQty ]
[17:22:06] [PASS] [OK] type completed
[17:22:06] [INFO] >> Step 5: Pressing key 'Enter' on: [ #lImQty ]
[17:22:06] [PASS] [OK] press completed
[17:22:06] [INFO] [DATA TABLE] Row 3/3: Item_name=PANTOPRAZOLE-TABLET-40MG-PAN-, Qty=6
[17:22:06] [INFO] >> Step 1: Clicking: [ #itemInput ]
[17:22:07] [PASS] [OK] click completed
[17:22:07] [INFO] >> Step 2: Search & Select: type '{{Item_name}}' -> pick 'PANTOPRAZOLE-TABLET-40MG-PAN-' in [ #itemInput ]
[17:22:07] [INFO] [search_select] typing='PANTOPRAZOLE-TABLET-40MG-PAN-' picking='PANTOPRAZOLE-TABLET-40MG-PAN-'
[17:22:10] [PASS] [OK] Search & Select: selected 'PANTOPRAZOLE-TABLET-40MG-PAN-'
[17:22:10] [PASS] [OK] search_select completed
[17:22:10] [INFO] >> Step 3: Clicking: [ #lImQty ]
[17:22:10] [PASS] [OK] click completed
[17:22:10] [INFO] >> Step 4: Typing '6' into: [ #lImQty ]
[17:22:10] [PASS] [OK] type completed
[17:22:10] [INFO] >> Step 5: Pressing key 'Enter' on: [ #lImQty ]
[17:22:10] [PASS] [OK] press completed
[17:22:10] [INFO] >> Step 28: Waiting 2000ms
[17:22:12] [PASS] [OK] wait completed
[17:22:13] [INFO] >> Step 29: Clicking: [ get_by_role("button", name="Save") ]
[17:22:13] [PASS] [OK] click completed
[17:22:13] [INFO] >> Step 30: Waiting 2000ms
[17:22:15] [PASS] [OK] wait completed
[17:22:15] [INFO] >> Step 31: Clicking: [ #btnDone ]
[17:22:16] [PASS] [OK] click completed
[17:22:16] [INFO] >> Step 32: Clicking: [ get_by_role("button", name="Send for Approval") ]
[17:22:16] [PASS] [OK] click completed
[17:22:16] [INFO] >> Step 33: Waiting for element: [ #btnDone ]
[17:22:17] [PASS] [OK] wait_for_selector completed
[17:22:17] [INFO] >> Step 34: Clicking: [ #btnDone ]
[17:22:18] [PASS] [OK] click completed
[17:22:18] [INFO] >> Step 35: store_text -- body > jhi-main > div > section > div.app-content > jhi-stock-indent-dialog > div > div > div.pl-0.athma-detail-form-panel > div > div.preview-form-header > h5 > span
[17:22:18] [PASS] [OK] Stored 'SRQ-1754-2601592' → {{Indent_Number}}
[17:22:18] [INFO] >> Step 36: Waiting 2000ms
[17:22:20] [PASS] [OK] wait completed
[17:22:20] [INFO] >> Step 37: Clicking: [ get_by_role("button", name="Claim") ]
[17:22:20] [PASS] [OK] click completed
[17:22:20] [INFO] >> Step 38: Clicking: [ get_by_role("button", name="Approve") ]
[17:22:21] [PASS] [OK] click completed
[17:22:22] [INFO] >> Step 39: Waiting 2000ms
[17:22:24] [PASS] [OK] wait completed
[17:22:24] [INFO] >> Step 40: Clicking: [ #btnDone ]
[17:22:24] [PASS] [OK] click completed
[17:22:24] [INFO] >> Step 41: Clicking: [ body > jhi-main > div > section > div.app-content > jhi-stock-indent-dialog > div > div > div.pr-0.athma-detail-list-panel.fixed-height-without-header > stock-indent-button > div > div.col-sm-8.text-right.pr-0 > button ]
[17:22:25] [PASS] [OK] click completed
[17:22:25] [INFO] >> Step 42: Waiting 2000ms
[17:22:27] [PASS] [OK] wait completed
[17:22:27] [INFO] >> Step 43: Clicking: [ body > jhi-main > div > section > div.app-content > jhi-stock-indent > athma-page-header > div > athma-tabs-header > section > div.row.align-items-center > div.col-sm-8 > ul > li:nth-child(1) > a > span ]
[17:22:27] [PASS] [OK] click completed
[17:22:27] [INFO] >> Step 44: Clicking: [ #inputDebounce ]
[17:22:28] [PASS] [OK] click completed
[17:22:28] [INFO] >> Step 45: press_sequentially -- #inputDebounce
[17:22:29] [INFO] [press_sequentially] filled and waited for debounce: 'SRQ-1754-2601592'
[17:22:29] [PASS] [OK] press_sequentially completed
[17:22:29] [PASS] [OK] call_test: 'SAI_Indent_ForLoop' done
[17:22:29] [INFO] >> Step 2: Navigating to URL: https://sqa.narayanahealth.org/home-page
[17:22:33] [PASS] [OK] navigate completed
[17:22:33] [INFO] >> Step 3: Waiting 2000ms
[17:22:35] [PASS] [OK] wait completed
[17:22:35] [INFO] >> Step 4: Pressing key '.' on: [ body ]
[17:22:35] [PASS] [OK] press completed
[17:22:35] [INFO] >> Step 5: Waiting 2000ms
[17:22:37] [PASS] [OK] wait completed
[17:22:37] [INFO] >> Step 6: press_sequentially -- get_by_role("textbox", name="Search")
[17:22:39] [INFO] [press_sequentially] filled and waited for debounce: 'issue'
[17:22:39] [PASS] [OK] press_sequentially completed
[17:22:39] [INFO] >> Step 7: Waiting 2000ms
[17:22:41] [PASS] [OK] wait completed
[17:22:41] [INFO] >> Step 8: Clicking: [ #menu_0_0_7 ]
[17:22:41] [PASS] [OK] click completed
[17:22:42] [INFO] >> Step 9: Waiting 3000ms
[17:22:45] [PASS] [OK] wait completed
[17:22:45] [INFO] >> Step 10: Clicking: [ #inputDebounce ]
[17:22:46] [PASS] [OK] click completed
[17:22:46] [INFO] >> Step 11: press_sequentially -- #inputDebounce
[17:22:47] [INFO] [press_sequentially] filled and waited for debounce: 'SRQ-1754-2601592'
[17:22:47] [PASS] [OK] press_sequentially completed
[17:22:47] [INFO] >> Step 12: Waiting 1000ms
[17:22:48] [PASS] [OK] wait completed
[17:22:48] [INFO] >> Step 13: Clicking: [ get_by_text("SRQ-1754-2601592") ]
[17:22:49] [PASS] [OK] click completed
[17:22:49] [INFO] >> Step 14: Waiting 2001ms
[17:22:51] [PASS] [OK] wait completed
[17:22:51] [INFO] >> Step 15: Clicking: [ get_by_role("button", name="Open") ]
[17:22:52] [PASS] [OK] click completed
[17:22:52] [INFO] >> Step 16: Waiting 2000ms
[17:22:54] [PASS] [OK] wait completed
[17:22:54] [INFO] [DATA TABLE] 3 row(s), columns: ['issue_itemName', 'Batch', 'Issue_Qty']
[17:22:54] [INFO] [DATA TABLE] Row 1/3: issue_itemName=PARACETAMOL-TABLET-750MG-P 750-, Batch=batch main, Issue_Qty=2
[17:22:54] [INFO] >> Step 1: table_action -- body > jhi-main > div > section > div.app-content > jhi-stock-issue-dialog > div > div > div.pr-0.athma-detail-list-panel.fixed-height-without-header > div > div.scroll-table-body.ps.position-relative > table
[17:22:56] [PASS] [OK] table_action completed
[17:22:56] [INFO] >> Step 2: table_action -- body > jhi-main > div > section > div.app-content > jhi-stock-issue-dialog > div > div > div.pr-0.athma-detail-list-panel.fixed-height-without-header > div > div.scroll-table-body.ps.position-relative > table
[17:23:01] [PASS] [OK] table_action completed
[17:23:01] [INFO] >> Step 3: Waiting 1000ms
[17:23:02] [PASS] [OK] wait completed
[17:23:02] [INFO] [DATA TABLE] Row 2/3: issue_itemName=FUROSEMIDE-INJECTION-10MG/ML(4ML)-LASIX-, Batch=2119077, Issue_Qty=4
[17:23:02] [INFO] >> Step 1: table_action -- body > jhi-main > div > section > div.app-content > jhi-stock-issue-dialog > div > div > div.pr-0.athma-detail-list-panel.fixed-height-without-header > div > div.scroll-table-body.ps.position-relative > table
[17:23:04] [PASS] [OK] table_action completed
[17:23:04] [INFO] >> Step 2: table_action -- body > jhi-main > div > section > div.app-content > jhi-stock-issue-dialog > div > div > div.pr-0.athma-detail-list-panel.fixed-height-without-header > div > div.scroll-table-body.ps.position-relative > table
[17:23:09] [PASS] [OK] table_action completed
[17:23:09] [INFO] >> Step 3: Waiting 1000ms
[17:23:10] [PASS] [OK] wait completed
[17:23:10] [INFO] [DATA TABLE] Row 3/3: issue_itemName=PANTOPRAZOLE-TABLET-40MG-PAN-, Batch=19440364, Issue_Qty=6
[17:23:10] [INFO] >> Step 1: table_action -- body > jhi-main > div > section > div.app-content > jhi-stock-issue-dialog > div > div > div.pr-0.athma-detail-list-panel.fixed-height-without-header > div > div.scroll-table-body.ps.position-relative > table
[17:23:12] [PASS] [OK] table_action completed
[17:23:12] [INFO] >> Step 2: table_action -- body > jhi-main > div > section > div.app-content > jhi-stock-issue-dialog > div > div > div.pr-0.athma-detail-list-panel.fixed-height-without-header > div > div.scroll-table-body.ps.position-relative > table
[17:23:17] [PASS] [OK] table_action completed
[17:23:17] [INFO] >> Step 3: Waiting 1000ms
[17:23:18] [PASS] [OK] wait completed
[17:23:18] [INFO] >> Step 22: Clicking: [ get_by_role("button", name="Send for Approval") ]
[17:23:19] [PASS] [OK] click completed
[17:23:19] [INFO] >> Step 23: Waiting 2000ms
[17:23:21] [PASS] [OK] wait completed
[17:23:21] [INFO] >> Step 24: Clicking: [ #btnDone ]
[17:23:22] [PASS] [OK] click completed
[17:23:22] [INFO] >> Step 25: Waiting 2000ms
[17:23:24] [PASS] [OK] wait completed
[17:23:24] [INFO] >> Step 26: Clicking: [ get_by_role("button", name="Claim") ]
[17:23:24] [PASS] [OK] click completed
[17:23:24] [INFO] >> Step 27: Waiting 2000ms
[17:23:26] [PASS] [OK] wait completed
[17:23:27] [INFO] >> Step 28: Clicking: [ text="Approve" ]
[17:23:27] [PASS] [OK] click completed
[17:23:27] [INFO] >> Step 29: Clicking: [ #btnDone ]
[17:23:29] [PASS] [OK] click completed
[17:23:29] [INFO] >> Step 30: Waiting 2000ms
[17:23:31] [PASS] [OK] wait completed
[17:23:31] [INFO] >> Step 31: store_text -- body > jhi-main > div > section > div.app-content > jhi-stock-issue-dialog > div > div > div.pl-0.athma-detail-form-panel > div > div.preview-form-header > h5 > span
[17:23:31] [PASS] [OK] Stored 'SIS-1754-2601093' → {{Issue_Number}}
[17:23:31] [INFO] >> Step 32: Waiting 2000ms
[17:23:33] [PASS] [OK] wait completed
[17:23:33] [INFO] >> Step 33: Clicking: [ get_by_role("button", name="Cancel") ]
[17:23:34] [PASS] [OK] click completed
[17:23:34] [INFO] [OK] PASSED -- 89/89 steps in 129267ms
