[17:23:37] [INFO] >> [async_runner] Starting run #7694 — Type: ui, Browser: chrome
[17:23:39] [INFO] [pool] Acquiring browser context from shared pool...
[17:23:43] [INFO] >> Step 1: Navigating to URL: https://sqa.narayanahealth.org/
[17:23:51] [PASS] [OK] navigate completed
[17:23:51] [INFO] >> Step 2: Clicking: [ #username ]
[17:23:52] [PASS] [OK] click completed
[17:23:52] [INFO] >> Step 3: Typing '337800' into: [ #username ]
[17:23:52] [PASS] [OK] type completed
[17:23:52] [INFO] >> Step 4: Clicking: [ #password ]
[17:23:52] [PASS] [OK] click completed
[17:23:52] [INFO] >> Step 5: Typing 'admin' into: [ #password ]
[17:23:52] [PASS] [OK] type completed
[17:23:52] [INFO] >> Step 6: Clicking: [ body > app-root > div > section > div.app-content > jhi-home > div > div > form:nth-child(2) > div.col-12 > button ]
[17:23:53] [PASS] [OK] click completed
[17:23:53] [INFO] >> Step 7: Waiting 2000ms
[17:23:55] [PASS] [OK] wait completed
[17:23:55] [INFO] >> Step 8: Pressing key '.' on: [ body ]
[17:23:55] [PASS] [OK] press completed
[17:23:55] [INFO] >> Step 9: Typing 'indent' into: [ get_by_role("textbox", name="Search") ]
[17:23:55] [PASS] [OK] type completed
[17:23:55] [INFO] >> Step 10: Clicking: [ get_by_role("link", name="Indent Inventory") ]
[17:23:56] [PASS] [OK] click completed
[17:23:57] [INFO] >> Step 11: Waiting 4000ms
[17:24:01] [PASS] [OK] wait completed
[17:24:02] [INFO] >> Step 12: Clicking: [ get_by_role("button", name="Create New") ]
[17:24:03] [PASS] [OK] click completed
[17:24:03] [INFO] >> Step 13: Clicking: [ #indentStoreInput ]
[17:24:04] [PASS] [OK] click completed
[17:24:04] [INFO] >> Step 14: Clearing: [ #indentStoreInput ]
[17:24:04] [PASS] [OK] clear completed
[17:24:04] [INFO] >> Step 15: Search & Select: type 'IP Pharmacy-Raipur' -> pick 'IP Pharmacy-Raipur' in [ #indentStoreInput ]
[17:24:04] [INFO] [search_select] typing='IP Pharmacy-Raipur' picking='IP Pharmacy-Raipur'
[17:24:06] [PASS] [OK] Search & Select: selected 'IP Pharmacy-Raipur'
[17:24:06] [PASS] [OK] search_select completed
[17:24:06] [INFO] >> Step 16: Clicking: [ #issueStoreInput ]
[17:24:07] [PASS] [OK] click completed
[17:24:07] [INFO] >> Step 17: Clearing: [ #issueStoreInput ]
[17:24:07] [PASS] [OK] clear completed
[17:24:07] [INFO] >> Step 18: Search & Select: type '157-MS1' -> pick 'Main Store-Raipur' in [ #issueStoreInput ]
[17:24:07] [INFO] [search_select] typing='157-MS1' picking='Main Store-Raipur'
[17:24:09] [PASS] [OK] Search & Select: selected 'Main Store-Raipur'
[17:24:09] [PASS] [OK] search_select completed
[17:24:09] [INFO] >> Step 19: Clicking: [ #btnNext ]
[17:24:09] [PASS] [OK] click completed
[17:24:09] [INFO] >> Step 20: Waiting 1000ms
[17:24:10] [PASS] [OK] wait completed
[17:24:10] [INFO] [DATA TABLE] 3 row(s), columns: ['Item_name', 'Qty']
[17:24:10] [INFO] [DATA TABLE] Row 1/3: Item_name=PARACETAMOL-TABLET-750MG-P 750-, Qty=2
[17:24:10] [INFO] >> Step 1: Clicking: [ #itemInput ]
[17:24:11] [PASS] [OK] click completed
[17:24:11] [INFO] >> Step 2: Search & Select: type '{{Item_name}}' -> pick 'PARACETAMOL-TABLET-750MG-P 750-' in [ #itemInput ]
[17:24:11] [INFO] [search_select] typing='PARACETAMOL-TABLET-750MG-P 750-' picking='PARACETAMOL-TABLET-750MG-P 750-'
[17:24:14] [PASS] [OK] Search & Select: selected 'PARACETAMOL-TABLET-750MG-P 750-'
[17:24:14] [PASS] [OK] search_select completed
[17:24:14] [INFO] >> Step 3: Clicking: [ #lImQty ]
[17:24:14] [PASS] [OK] click completed
[17:24:14] [INFO] >> Step 4: Typing '2' into: [ #lImQty ]
[17:24:14] [PASS] [OK] type completed
[17:24:14] [INFO] >> Step 5: Pressing key 'Enter' on: [ #lImQty ]
[17:24:14] [PASS] [OK] press completed
[17:24:14] [INFO] [DATA TABLE] Row 2/3: Item_name=FUROSEMIDE-INJECTION-10MG/ML(4ML)-LASIX-, Qty=4
[17:24:14] [INFO] >> Step 1: Clicking: [ #itemInput ]
[17:24:15] [PASS] [OK] click completed
[17:24:15] [INFO] >> Step 2: Search & Select: type '{{Item_name}}' -> pick 'FUROSEMIDE-INJECTION-10MG/ML(4ML)-LASIX-' in [ #itemInput ]
[17:24:15] [INFO] [search_select] typing='FUROSEMIDE-INJECTION-10MG/ML(4ML)-LASIX-' picking='FUROSEMIDE-INJECTION-10MG/ML(4ML)-LASIX-'
[17:24:18] [PASS] [OK] Search & Select: selected 'FUROSEMIDE-INJECTION-10MG/ML(4ML)-LASIX-'
[17:24:18] [PASS] [OK] search_select completed
[17:24:18] [INFO] >> Step 3: Clicking: [ #lImQty ]
[17:24:19] [PASS] [OK] click completed
[17:24:19] [INFO] >> Step 4: Typing '4' into: [ #lImQty ]
[17:24:19] [PASS] [OK] type completed
[17:24:19] [INFO] >> Step 5: Pressing key 'Enter' on: [ #lImQty ]
[17:24:19] [PASS] [OK] press completed
[17:24:19] [INFO] [DATA TABLE] Row 3/3: Item_name=PANTOPRAZOLE-TABLET-40MG-PAN-, Qty=6
[17:24:19] [INFO] >> Step 1: Clicking: [ #itemInput ]
[17:24:19] [PASS] [OK] click completed
[17:24:19] [INFO] >> Step 2: Search & Select: type '{{Item_name}}' -> pick 'PANTOPRAZOLE-TABLET-40MG-PAN-' in [ #itemInput ]
[17:24:19] [INFO] [search_select] typing='PANTOPRAZOLE-TABLET-40MG-PAN-' picking='PANTOPRAZOLE-TABLET-40MG-PAN-'
[17:24:22] [PASS] [OK] Search & Select: selected 'PANTOPRAZOLE-TABLET-40MG-PAN-'
[17:24:22] [PASS] [OK] search_select completed
[17:24:22] [INFO] >> Step 3: Clicking: [ #lImQty ]
[17:24:23] [PASS] [OK] click completed
[17:24:23] [INFO] >> Step 4: Typing '6' into: [ #lImQty ]
[17:24:23] [PASS] [OK] type completed
[17:24:23] [INFO] >> Step 5: Pressing key 'Enter' on: [ #lImQty ]
[17:24:23] [PASS] [OK] press completed
[17:24:23] [INFO] >> Step 28: Waiting 2000ms
[17:24:25] [PASS] [OK] wait completed
[17:24:25] [INFO] >> Step 29: Clicking: [ get_by_role("button", name="Save") ]
[17:24:26] [PASS] [OK] click completed
[17:24:26] [INFO] >> Step 30: Waiting 2000ms
[17:24:28] [PASS] [OK] wait completed
[17:24:28] [INFO] >> Step 31: Clicking: [ #btnDone ]
[17:24:28] [PASS] [OK] click completed
[17:24:28] [INFO] >> Step 32: Clicking: [ get_by_role("button", name="Send for Approval") ]
[17:24:29] [PASS] [OK] click completed
[17:24:29] [INFO] >> Step 33: Waiting for element: [ #btnDone ]
[17:24:30] [PASS] [OK] wait_for_selector completed
[17:24:30] [INFO] >> Step 34: Clicking: [ #btnDone ]
[17:24:30] [PASS] [OK] click completed
[17:24:30] [INFO] >> Step 35: store_text -- body > jhi-main > div > section > div.app-content > jhi-stock-indent-dialog > div > div > div.pl-0.athma-detail-form-panel > div > div.preview-form-header > h5 > span
[17:24:30] [PASS] [OK] Stored 'SRQ-1754-2601593' → {{Indent_Number}}
[17:24:30] [INFO] >> Step 36: Waiting 2000ms
[17:24:32] [PASS] [OK] wait completed
[17:24:32] [INFO] >> Step 37: Clicking: [ get_by_role("button", name="Claim") ]
[17:24:33] [PASS] [OK] click completed
[17:24:33] [INFO] >> Step 38: Clicking: [ get_by_role("button", name="Approve") ]
[17:24:34] [PASS] [OK] click completed
[17:24:34] [INFO] >> Step 39: Waiting 2000ms
[17:24:36] [PASS] [OK] wait completed
[17:24:36] [INFO] >> Step 40: Clicking: [ #btnDone ]
[17:24:37] [PASS] [OK] click completed
[17:24:37] [INFO] >> Step 41: Clicking: [ body > jhi-main > div > section > div.app-content > jhi-stock-indent-dialog > div > div > div.pr-0.athma-detail-list-panel.fixed-height-without-header > stock-indent-button > div > div.col-sm-8.text-right.pr-0 > button ]
[17:24:37] [PASS] [OK] click completed
[17:24:37] [INFO] >> Step 42: Waiting 2000ms
[17:24:39] [PASS] [OK] wait completed
[17:24:39] [INFO] >> Step 43: Clicking: [ body > jhi-main > div > section > div.app-content > jhi-stock-indent > athma-page-header > div > athma-tabs-header > section > div.row.align-items-center > div.col-sm-8 > ul > li:nth-child(1) > a > span ]
[17:24:40] [PASS] [OK] click completed
[17:24:40] [INFO] >> Step 44: Clicking: [ #inputDebounce ]
[17:24:41] [PASS] [OK] click completed
[17:24:41] [INFO] >> Step 45: press_sequentially -- #inputDebounce
[17:24:42] [INFO] [press_sequentially] filled and waited for debounce: 'SRQ-1754-2601593'
[17:24:42] [PASS] [OK] press_sequentially completed
[17:24:42] [PASS] [OK] call_test: 'SAI_Indent_ForLoop' done
[17:24:42] [INFO] >> Step 2: Navigating to URL: https://sqa.narayanahealth.org/home-page
[17:24:45] [PASS] [OK] navigate completed
[17:24:45] [INFO] >> Step 3: Waiting 2000ms
[17:24:47] [PASS] [OK] wait completed
[17:24:47] [INFO] >> Step 4: Pressing key '.' on: [ body ]
[17:24:47] [PASS] [OK] press completed
[17:24:47] [INFO] >> Step 5: Waiting 2000ms
[17:24:49] [PASS] [OK] wait completed
[17:24:49] [INFO] >> Step 6: press_sequentially -- get_by_role("textbox", name="Search")
[17:24:50] [INFO] [press_sequentially] filled and waited for debounce: 'issue'
[17:24:50] [PASS] [OK] press_sequentially completed
[17:24:50] [INFO] >> Step 7: Waiting 2000ms
[17:24:52] [PASS] [OK] wait completed
[17:24:52] [INFO] >> Step 8: Clicking: [ #menu_0_0_7 ]
[17:24:53] [PASS] [OK] click completed
[17:24:54] [INFO] >> Step 9: Waiting 3000ms
[17:24:57] [PASS] [OK] wait completed
[17:24:57] [INFO] >> Step 10: Clicking: [ #inputDebounce ]
[17:24:58] [PASS] [OK] click completed
[17:24:58] [INFO] >> Step 11: press_sequentially -- #inputDebounce
[17:24:59] [INFO] [press_sequentially] filled and waited for debounce: 'SRQ-1754-2601593'
[17:24:59] [PASS] [OK] press_sequentially completed
[17:24:59] [INFO] >> Step 12: Waiting 1000ms
[17:25:00] [PASS] [OK] wait completed
[17:25:00] [INFO] >> Step 13: Clicking: [ get_by_text("SRQ-1754-2601593") ]
[17:25:00] [PASS] [OK] click completed
[17:25:01] [INFO] >> Step 14: Waiting 2001ms
[17:25:03] [PASS] [OK] wait completed
[17:25:03] [INFO] >> Step 15: Clicking: [ get_by_role("button", name="Open") ]
[17:25:03] [PASS] [OK] click completed
[17:25:03] [INFO] >> Step 16: Waiting 2000ms
[17:25:05] [PASS] [OK] wait completed
[17:25:05] [INFO] [DATA TABLE] 3 row(s), columns: ['issue_itemName', 'Batch', 'Issue_Qty']
[17:25:05] [INFO] [DATA TABLE] Row 1/3: issue_itemName=PARACETAMOL-TABLET-750MG-P 750-, Batch=batch main, Issue_Qty=2
[17:25:05] [INFO] >> Step 1: table_action -- body > jhi-main > div > section > div.app-content > jhi-stock-issue-dialog > div > div > div.pr-0.athma-detail-list-panel.fixed-height-without-header > div > div.scroll-table-body.ps.position-relative > table
[17:25:07] [PASS] [OK] table_action completed
[17:25:07] [INFO] >> Step 2: table_action -- body > jhi-main > div > section > div.app-content > jhi-stock-issue-dialog > div > div > div.pr-0.athma-detail-list-panel.fixed-height-without-header > div > div.scroll-table-body.ps.position-relative > table
[17:25:13] [PASS] [OK] table_action completed
[17:25:13] [INFO] >> Step 3: Waiting 1000ms
[17:25:14] [PASS] [OK] wait completed
[17:25:14] [INFO] [DATA TABLE] Row 2/3: issue_itemName=FUROSEMIDE-INJECTION-10MG/ML(4ML)-LASIX-, Batch=2119077, Issue_Qty=4
[17:25:14] [INFO] >> Step 1: table_action -- body > jhi-main > div > section > div.app-content > jhi-stock-issue-dialog > div > div > div.pr-0.athma-detail-list-panel.fixed-height-without-header > div > div.scroll-table-body.ps.position-relative > table
[17:25:16] [PASS] [OK] table_action completed
[17:25:16] [INFO] >> Step 2: table_action -- body > jhi-main > div > section > div.app-content > jhi-stock-issue-dialog > div > div > div.pr-0.athma-detail-list-panel.fixed-height-without-header > div > div.scroll-table-body.ps.position-relative > table
[17:25:21] [PASS] [OK] table_action completed
[17:25:21] [INFO] >> Step 3: Waiting 1000ms
[17:25:22] [PASS] [OK] wait completed
[17:25:22] [INFO] [DATA TABLE] Row 3/3: issue_itemName=PANTOPRAZOLE-TABLET-40MG-PAN-, Batch=19440364, Issue_Qty=6
[17:25:22] [INFO] >> Step 1: table_action -- body > jhi-main > div > section > div.app-content > jhi-stock-issue-dialog > div > div > div.pr-0.athma-detail-list-panel.fixed-height-without-header > div > div.scroll-table-body.ps.position-relative > table
[17:25:24] [PASS] [OK] table_action completed
[17:25:24] [INFO] >> Step 2: table_action -- body > jhi-main > div > section > div.app-content > jhi-stock-issue-dialog > div > div > div.pr-0.athma-detail-list-panel.fixed-height-without-header > div > div.scroll-table-body.ps.position-relative > table
[17:25:29] [PASS] [OK] table_action completed
[17:25:29] [INFO] >> Step 3: Waiting 1000ms
[17:25:30] [PASS] [OK] wait completed
[17:25:30] [INFO] >> Step 22: Clicking: [ text="Save Draft" ]
[17:25:31] [PASS] [OK] click completed
[17:25:31] [INFO] >> Step 23: Waiting for element: [ #btnDone ]
[17:25:31] [PASS] [OK] wait_for_selector completed
[17:25:31] [INFO] >> Step 24: Clicking: [ #btnDone ]
[17:25:32] [PASS] [OK] click completed
[17:25:32] [INFO] >> Step 25: Waiting 2000ms
[17:25:34] [PASS] [OK] wait completed
[17:25:34] [INFO] >> Step 26: store_text -- body > jhi-main > div > section > div.app-content > jhi-stock-issue-dialog > div > div > div.pl-0.athma-detail-form-panel > div > div.preview-form-header > h5 > span
[17:25:34] [PASS] [OK] Stored 'DRAFT-361657' → {{Issue_Number}}
[17:25:34] [INFO] >> Step 27: Clicking: [ get_by_role("button", name="Cancel") ]
[17:25:35] [PASS] [OK] click completed
[17:25:35] [INFO] >> Step 28: Waiting for element: [ body > jhi-main > div > section > div.app-content > jhi-stock-issue > athma-page-header > div > athma-tabs-header > section > div.row.align-items-center > div.col-sm-8 > ul > li:nth-child(2) > a > span:nth-child(1) ]
[17:25:35] [PASS] [OK] wait_for_selector completed
[17:25:35] [INFO] >> Step 29: Clicking: [ #inputDebounce ]
[17:25:36] [PASS] [OK] click completed
[17:25:36] [INFO] >> Step 30: press_sequentially -- #inputDebounce
[17:25:37] [INFO] [press_sequentially] filled and waited for debounce: 'SRQ-1754-2601593'
[17:25:37] [PASS] [OK] press_sequentially completed
[17:25:37] [INFO] >> Step 31: Clicking: [ get_by_text("SRQ-1754-2601593") ]
[17:25:37] [PASS] [OK] click completed
[17:25:37] [INFO] >> Step 32: Clicking: [ get_by_role("button", name="Open") ]
[17:25:38] [PASS] [OK] click completed
[17:25:38] [INFO] >> Step 33: Waiting for element: [ body > jhi-main > div > section > div.app-content > jhi-stock-issue-dialog > div > div > div.pr-0.athma-detail-list-panel.fixed-height-without-header > div > div.scroll-table-header > table > thead > tr > th:nth-child(2) > div > div.input-group.athma-input-group-container > button:nth-child(2) ]
[17:25:39] [PASS] [OK] wait_for_selector completed
[17:25:39] [INFO] >> Step 34: Clicking: [ get_by_role("button", name="Delete") ]
[17:25:39] [PASS] [OK] click completed
[17:25:39] [INFO] >> Step 35: Waiting for element: [ body > ngb-modal-window > div > div > stock-issue-delete > div.modal-header > h4 ]
[17:25:40] [PASS] [OK] wait_for_selector completed
[17:25:40] [INFO] >> Step 36: Clicking: [ get_by_role("button", name="Delete") ]
[17:25:40] [PASS] [OK] click completed
[17:25:40] [INFO] [OK] PASSED -- 92/92 steps in 120859ms
