[16:34:26] [INFO] >> [async_runner] Starting run #7676 — Type: ui, Browser: chrome
[16:34:28] [INFO] [pool] Acquiring browser context from shared pool...
[16:34:30] [INFO] >> Step 1: Navigating to URL: https://sqa.narayanahealth.org/
[16:34:40] [PASS] [OK] navigate completed
[16:34:40] [INFO] >> Step 2: Clicking: [ #username ]
[16:34:41] [PASS] [OK] click completed
[16:34:41] [INFO] >> Step 3: Typing '337800' into: [ #username ]
[16:34:41] [PASS] [OK] type completed
[16:34:41] [INFO] >> Step 4: Clicking: [ #password ]
[16:34:41] [PASS] [OK] click completed
[16:34:41] [INFO] >> Step 5: Typing 'admin' into: [ #password ]
[16:34:41] [PASS] [OK] type completed
[16:34:41] [INFO] >> Step 6: Clicking: [ body > app-root > div > section > div.app-content > jhi-home > div > div > form:nth-child(2) > div.col-12 > button ]
[16:34:42] [PASS] [OK] click completed
[16:34:42] [INFO] >> Step 7: Waiting 2000ms
[16:34:44] [PASS] [OK] wait completed
[16:34:44] [INFO] >> Step 8: Pressing key '.' on: [ body ]
[16:34:44] [PASS] [OK] press completed
[16:34:44] [INFO] >> Step 9: Typing 'Consumption' into: [ get_by_role("textbox", name="Search") ]
[16:34:45] [PASS] [OK] type completed
[16:34:45] [INFO] >> Step 10: Clicking: [ get_by_role("link", name="Consumption Inventory") ]
[16:34:45] [PASS] [OK] click completed
[16:34:46] [INFO] >> Step 11: Clicking: [ body > jhi-main > div > section > div.app-content > jhi-stock-consumption > athma-page-header > div > athma-tabs-header > section > div.row.align-items-center > div.col-sm-8 > ul > li.si-container > button ]
[16:34:52] [PASS] [OK] click completed
[16:34:52] [INFO] >> Step 12: Waiting for element: [ body > ngb-modal-window > div > div > stock-consumption-select > div.modal-header > h6 ]
[16:34:52] [PASS] [OK] wait_for_selector completed
[16:34:52] [INFO] >> Step 13: Search & Select: type 'All' -> pick 'All' in [ #field_consumptionMode > div > div > div.ng-input > input[type=text] ]
[16:34:52] [INFO] [search_select] typing='All' picking='All'
[16:34:55] [PASS] [OK] Search & Select: selected 'All'
[16:34:55] [PASS] [OK] search_select completed
[16:34:55] [INFO] >> Step 14: Search & Select: type '157-MS1' -> pick 'Main Store-Raipur' in [ #consumptionStoreInput ]
[16:34:55] [INFO] [search_select] typing='157-MS1' picking='Main Store-Raipur'
[16:34:57] [PASS] [OK] Search & Select: selected 'Main Store-Raipur'
[16:34:57] [PASS] [OK] search_select completed
[16:34:57] [INFO] >> Step 15: Search & Select: type '157-MS1' -> pick 'Main Store-Raipur' in [ #consumptionHSCnput ]
[16:34:57] [INFO] [search_select] typing='157-MS1' picking='Main Store-Raipur'
[16:34:59] [PASS] [OK] Search & Select: selected 'Main Store-Raipur'
[16:34:59] [PASS] [OK] search_select completed
[16:34:59] [INFO] >> Step 16: Search & Select: type '1754-9010' -> pick 'GENERAL MEDICINE' in [ #consumptionDept ]
[16:34:59] [INFO] [search_select] typing='1754-9010' picking='GENERAL MEDICINE'
[16:35:02] [PASS] [OK] Search & Select: selected 'GENERAL MEDICINE'
[16:35:02] [PASS] [OK] search_select completed
[16:35:02] [INFO] >> Step 17: Clicking: [ #continueButton ]
[16:35:02] [PASS] [OK] click completed
[16:35:02] [INFO] >> Step 18: Waiting for element: [ #itemInput ]
[16:35:02] [PASS] [OK] wait_for_selector completed
[16:35:02] [INFO] [DATA TABLE] 3 row(s), columns: ['Item_name', 'Batch_no', 'Qty']
[16:35:02] [INFO] [DATA TABLE] Row 1/3: Item_name=FUROSEMIDE-INJECTION-10MG/ML(4ML)-LASIX-, Batch_no=2119077, Qty=2
[16:35:02] [INFO] >> Step 1: Clicking: [ #itemInput ]
[16:35:03] [PASS] [OK] click completed
[16:35:03] [INFO] >> Step 2: Search & Select: type '{{Item_name}}' -> pick 'FUROSEMIDE-INJECTION-10MG/ML(4ML)-LASIX-' in [ #itemInput ]
[16:35:03] [INFO] [search_select] typing='FUROSEMIDE-INJECTION-10MG/ML(4ML)-LASIX-' picking='FUROSEMIDE-INJECTION-10MG/ML(4ML)-LASIX-'
[16:35:06] [PASS] [OK] Search & Select: selected 'FUROSEMIDE-INJECTION-10MG/ML(4ML)-LASIX-'
[16:35:06] [PASS] [OK] search_select completed
[16:35:06] [INFO] >> Step 3: Search & Select: type '{{Batch_no}}' -> pick '2119077' in [ body > jhi-main > div > section > div.app-content > jhi-stock-consumption-dialog > div > div > div.pr-0.athma-detail-list-panel.fixed-height-without-header > div > div.scroll-table-header > table > tbody > tr > td:nth-child(2) > ng-select > div > div > div.ng-input > input[type=text] ]
[16:35:06] [INFO] [search_select] typing='2119077' picking='2119077'
[16:35:09] [PASS] [OK] Search & Select: selected '2119077'
[16:35:09] [PASS] [OK] search_select completed
[16:35:09] [INFO] >> Step 4: Clicking: [ #quantity_field ]
[16:35:09] [PASS] [OK] click completed
[16:35:09] [INFO] >> Step 5: Clearing: [ #quantity_field ]
[16:35:09] [PASS] [OK] clear completed
[16:35:09] [INFO] >> Step 6: Typing '2' into: [ #quantity_field ]
[16:35:09] [PASS] [OK] type completed
[16:35:09] [INFO] >> Step 7: Pressing key 'Enter' on: [ #quantity_field ]
[16:35:09] [PASS] [OK] press completed
[16:35:09] [INFO] [DATA TABLE] Row 2/3: Item_name=PANTOPRAZOLE-TABLET-40MG-PAN-, Batch_no=19440364, Qty=3
[16:35:09] [INFO] >> Step 1: Clicking: [ #itemInput ]
[16:35:10] [PASS] [OK] click completed
[16:35:10] [INFO] >> Step 2: Search & Select: type '{{Item_name}}' -> pick 'PANTOPRAZOLE-TABLET-40MG-PAN-' in [ #itemInput ]
[16:35:10] [INFO] [search_select] typing='PANTOPRAZOLE-TABLET-40MG-PAN-' picking='PANTOPRAZOLE-TABLET-40MG-PAN-'
[16:35:13] [PASS] [OK] Search & Select: selected 'PANTOPRAZOLE-TABLET-40MG-PAN-'
[16:35:13] [PASS] [OK] search_select completed
[16:35:13] [INFO] >> Step 3: Search & Select: type '{{Batch_no}}' -> pick '19440364' in [ body > jhi-main > div > section > div.app-content > jhi-stock-consumption-dialog > div > div > div.pr-0.athma-detail-list-panel.fixed-height-without-header > div > div.scroll-table-header > table > tbody > tr > td:nth-child(2) > ng-select > div > div > div.ng-input > input[type=text] ]
[16:35:13] [INFO] [search_select] typing='19440364' picking='19440364'
[16:35:16] [PASS] [OK] Search & Select: selected '19440364'
[16:35:16] [PASS] [OK] search_select completed
[16:35:16] [INFO] >> Step 4: Clicking: [ #quantity_field ]
[16:35:16] [PASS] [OK] click completed
[16:35:16] [INFO] >> Step 5: Clearing: [ #quantity_field ]
[16:35:16] [PASS] [OK] clear completed
[16:35:16] [INFO] >> Step 6: Typing '3' into: [ #quantity_field ]
[16:35:16] [PASS] [OK] type completed
[16:35:16] [INFO] >> Step 7: Pressing key 'Enter' on: [ #quantity_field ]
[16:35:16] [PASS] [OK] press completed
[16:35:16] [INFO] [DATA TABLE] Row 3/3: Item_name=PARACETAMOL-TABLET-750MG-P 750-, Batch_no=batch main, Qty=4
[16:35:16] [INFO] >> Step 1: Clicking: [ #itemInput ]
[16:35:17] [PASS] [OK] click completed
[16:35:17] [INFO] >> Step 2: Search & Select: type '{{Item_name}}' -> pick 'PARACETAMOL-TABLET-750MG-P 750-' in [ #itemInput ]
[16:35:17] [INFO] [search_select] typing='PARACETAMOL-TABLET-750MG-P 750-' picking='PARACETAMOL-TABLET-750MG-P 750-'
[16:35:20] [PASS] [OK] Search & Select: selected 'PARACETAMOL-TABLET-750MG-P 750-'
[16:35:20] [PASS] [OK] search_select completed
[16:35:20] [INFO] >> Step 3: Search & Select: type '{{Batch_no}}' -> pick 'batch main' in [ body > jhi-main > div > section > div.app-content > jhi-stock-consumption-dialog > div > div > div.pr-0.athma-detail-list-panel.fixed-height-without-header > div > div.scroll-table-header > table > tbody > tr > td:nth-child(2) > ng-select > div > div > div.ng-input > input[type=text] ]
[16:35:20] [INFO] [search_select] typing='batch main' picking='batch main'
[16:35:23] [PASS] [OK] Search & Select: selected 'batch main'
[16:35:23] [PASS] [OK] search_select completed
[16:35:23] [INFO] >> Step 4: Clicking: [ #quantity_field ]
[16:35:23] [PASS] [OK] click completed
[16:35:23] [INFO] >> Step 5: Clearing: [ #quantity_field ]
[16:35:24] [PASS] [OK] clear completed
[16:35:24] [INFO] >> Step 6: Typing '4' into: [ #quantity_field ]
[16:35:24] [PASS] [OK] type completed
[16:35:24] [INFO] >> Step 7: Pressing key 'Enter' on: [ #quantity_field ]
[16:35:24] [PASS] [OK] press completed
[16:35:24] [INFO] >> Step 28: Clicking: [ get_by_role("button", name="Save") ]
[16:35:24] [PASS] [OK] click completed
[16:35:25] [INFO] >> Step 29: Waiting 3000ms
[16:35:28] [PASS] [OK] wait completed
[16:35:28] [INFO] >> Step 30: store_text -- body > jhi-main > div > section > div.app-content > jhi-stock-consumption-dialog > div > div > div.pl-0.athma-detail-form-panel > div > div.preview-form-header > h5 > span
[16:35:28] [PASS] [OK] Stored 'DRAFT-25049' → {{Consumption}}
[16:35:28] [INFO] >> Step 31: Clicking: [ body > jhi-main > div > section > div.app-content > jhi-stock-consumption-dialog > div > div > div.pr-0.athma-detail-list-panel.fixed-height-without-header > stock-consumption-button > div > div.col-sm-8.text-right.pad-right-4 > button.athma-btn.athma-btn-secondary ]
[16:35:29] [PASS] [OK] click completed
[16:35:29] [INFO] >> Step 32: Waiting for element: [ body > jhi-main > div > section > div.app-content > jhi-stock-consumption > athma-page-header > div > athma-tabs-header > section > div:nth-child(1) > div:nth-child(1) > h2.stock-label.receipt-tabs > a ]
[16:35:29] [PASS] [OK] wait_for_selector completed
[16:35:29] [INFO] >> Step 33: Clicking: [ #inputDebounce ]
[16:35:29] [PASS] [OK] click completed
[16:35:30] [INFO] >> Step 34: press_sequentially -- #inputDebounce
[16:35:31] [INFO] [press_sequentially] filled and waited for debounce: 'DRAFT-25049'
[16:35:31] [PASS] [OK] press_sequentially completed
[16:35:31] [INFO] >> Step 35: Clicking: [ get_by_text("DRAFT-25049") ]
[16:35:31] [PASS] [OK] click completed
[16:35:31] [INFO] >> Step 36: Clicking: [ get_by_role("button", name="Open") ]
[16:35:32] [PASS] [OK] click completed
[16:35:33] [INFO] >> Step 37: Waiting for element: [ #itemInput ]
[16:35:33] [PASS] [OK] wait_for_selector completed
[16:35:33] [INFO] [DATA TABLE] 2 row(s), columns: ['Item_name', 'Batch_no', 'Qty']
[16:35:33] [INFO] [DATA TABLE] Row 1/2: Item_name=URETERAL ACCESS SHEATH-.-12FR X 45CM-W/AQ HYDROPHILIC COAT.FUS120045 G46168-, Batch_no=NS8379985, Qty=2
[16:35:33] [INFO] >> Step 1: Clicking: [ #itemInput ]
[16:35:33] [PASS] [OK] click completed
[16:35:33] [INFO] >> Step 2: Search & Select: type '{{Item_name}}' -> pick 'URETERAL ACCESS SHEATH-.-12FR X 45CM-W/AQ HYDROPHILIC COAT.FUS120045 G46168-' in [ #itemInput ]
[16:35:33] [INFO] [search_select] typing='URETERAL ACCESS SHEATH-.-12FR X 45CM-W/AQ HYDROPHILIC COAT.FUS120045 G46168-' picking='URETERAL ACCESS SHEATH-.-12FR X 45CM-W/AQ HYDROPHILIC COAT.FUS120045 G46168-'
[16:35:37] [PASS] [OK] Search & Select: selected 'URETERAL ACCESS SHEATH-.-12FR X 45CM-W/AQ HYDROPHILIC COAT.FUS120045 G46168-'
[16:35:37] [PASS] [OK] search_select completed
[16:35:38] [INFO] >> Step 3: Search & Select: type '{{Batch_no}}' -> pick 'NS8379985' in [ body > jhi-main > div > section > div.app-content > jhi-stock-consumption-dialog > div > div > div.pr-0.athma-detail-list-panel.fixed-height-without-header > div > div.scroll-table-header > table > tbody > tr > td:nth-child(2) > ng-select > div > div > div.ng-input > input[type=text] ]
[16:35:38] [INFO] [search_select] typing='NS8379985' picking='NS8379985'
[16:35:40] [PASS] [OK] Search & Select: selected 'NS8379985'
[16:35:40] [PASS] [OK] search_select completed
[16:35:40] [INFO] >> Step 4: Clicking: [ #quantity_field ]
[16:35:41] [PASS] [OK] click completed
[16:35:41] [INFO] >> Step 5: Clearing: [ #quantity_field ]
[16:35:41] [PASS] [OK] clear completed
[16:35:41] [INFO] >> Step 6: Typing '2' into: [ #quantity_field ]
[16:35:41] [PASS] [OK] type completed
[16:35:41] [INFO] >> Step 7: Pressing key 'Enter' on: [ #quantity_field ]
[16:35:41] [PASS] [OK] press completed
[16:35:41] [INFO] [DATA TABLE] Row 2/2: Item_name=URINE SAMPLE CONTAINER-STERILE-30ML-.-, Batch_no=03092019, Qty=1
[16:35:41] [INFO] >> Step 1: Clicking: [ #itemInput ]
[16:35:41] [PASS] [OK] click completed
[16:35:42] [INFO] >> Step 2: Search & Select: type '{{Item_name}}' -> pick 'URINE SAMPLE CONTAINER-STERILE-30ML-.-' in [ #itemInput ]
[16:35:42] [INFO] [search_select] typing='URINE SAMPLE CONTAINER-STERILE-30ML-.-' picking='URINE SAMPLE CONTAINER-STERILE-30ML-.-'
[16:35:45] [PASS] [OK] Search & Select: selected 'URINE SAMPLE CONTAINER-STERILE-30ML-.-'
[16:35:45] [PASS] [OK] search_select completed
[16:35:45] [INFO] >> Step 3: Search & Select: type '{{Batch_no}}' -> pick '03092019' in [ body > jhi-main > div > section > div.app-content > jhi-stock-consumption-dialog > div > div > div.pr-0.athma-detail-list-panel.fixed-height-without-header > div > div.scroll-table-header > table > tbody > tr > td:nth-child(2) > ng-select > div > div > div.ng-input > input[type=text] ]
[16:35:45] [INFO] [search_select] typing='03092019' picking='03092019'
[16:35:48] [PASS] [OK] Search & Select: selected '03092019'
[16:35:48] [PASS] [OK] search_select completed
[16:35:48] [INFO] >> Step 4: Clicking: [ #quantity_field ]
[16:35:48] [PASS] [OK] click completed
[16:35:48] [INFO] >> Step 5: Clearing: [ #quantity_field ]
[16:35:48] [PASS] [OK] clear completed
[16:35:48] [INFO] >> Step 6: Typing '1' into: [ #quantity_field ]
[16:35:49] [PASS] [OK] type completed
[16:35:49] [INFO] >> Step 7: Pressing key 'Enter' on: [ #quantity_field ]
[16:35:49] [PASS] [OK] press completed
[16:35:49] [INFO] >> Step 47: Clicking: [ get_by_role("button", name="Send for Approval") ]
[16:35:49] [PASS] [OK] click completed
[16:35:49] [INFO] >> Step 48: Waiting for element: [ body > ngb-modal-window > div > div > message-modal > div.modal-header > h3 ]
[16:35:49] [PASS] [OK] wait_for_selector completed
[16:35:49] [INFO] >> Step 49: Clicking: [ #submitBtn ]
[16:35:50] [PASS] [OK] click completed
[16:35:50] [INFO] >> Step 50: Waiting 3000ms
[16:35:53] [PASS] [OK] wait completed
[16:35:53] [INFO] >> Step 51: Clicking: [ text="Claim" ]
[16:35:53] [PASS] [OK] click completed
[16:35:53] [INFO] >> Step 52: store_text -- body > jhi-main > div > section > div.app-content > jhi-stock-consumption-dialog > div > div > div.pl-0.athma-detail-form-panel > div > div.preview-form-header > h5 > span
[16:35:54] [PASS] [OK] Stored 'SCP-1754-2601366' → {{Consumption}}
[16:35:54] [INFO] >> Step 53: Waiting 2000ms
[16:35:56] [PASS] [OK] wait completed
[16:35:56] [INFO] >> Step 54: Clicking: [ get_by_role("button", name="Approve") ]
[16:35:56] [PASS] [OK] click completed
[16:35:56] [INFO] >> Step 55: Waiting 2000ms
[16:35:58] [PASS] [OK] wait completed
[16:35:58] [INFO] >> Step 56: Waiting for element: [ #submitBtn ]
[16:35:58] [PASS] [OK] wait_for_selector completed
[16:35:58] [INFO] >> Step 57: Clicking: [ #submitBtn ]
[16:35:59] [PASS] [OK] click completed
[16:35:59] [INFO] >> Step 58: Waiting 2000ms
[16:36:01] [PASS] [OK] wait completed
[16:36:01] [INFO] [OK] PASSED -- 75/75 steps in 92899ms
